2026-08-22 00:48:28,416 INFO [metro.cli.main] Execution Logger habilitado (url=http://localhost:8001)
2026-08-22 00:48:28,417 INFO [metro.cli.main] Arquivo de log: C:\Users\Vinicius Luiz\Desktop\Scripts\metro\logs\incremental_append\postgresql_stackoverflow_posts_append_20260822_004828.log
2026-08-22 00:48:28,417 INFO [metro.cli.main] Carregando task do YAML: tasks\incremental_append\postgresql_stackoverflow_posts_append.yaml
2026-08-22 00:48:30,545 INFO [metro.logging.handler] Execução registrada (id=11, table=public.posts -> raw/stackoverflow_posts_append)
2026-08-22 00:48:30,546 INFO [metro.cli.main] Metadados habilitados (source=public.posts, timestamp=2026-08-22T00:48:30)
2026-08-22 00:48:30,548 INFO [metro.cli.main] Iniciando replicação (table=public.posts, mode=incremental, source=postgresql, target=local)
2026-08-22 00:48:30,548 INFO [metro.sources.sql.postgresql] Conectando ao PostgreSQL (runtime=stackoverflow_postgres_database)
2026-08-22 00:48:30,629 INFO [metro.targets.local] LocalTarget pronto (runtime=development_storage, base_path=local)
2026-08-22 00:48:32,728 INFO [metro.watermark.client] Watermark obtido (task_identifier=raw.stackoverflow_posts_append, reference_column=creationdate, watermark_value=2010-12-31 23:58:27.647000)
2026-08-22 00:48:32,728 INFO [metro.replication.incremental.append.max_value] Executando Append/MaxValue (task_identifier=raw.stackoverflow_posts_append, reference_column=creationdate, watermark_anterior=2010-12-31 23:58:27.647000)
2026-08-22 00:48:32,728 INFO [metro.sources.sql.postgresql] Lower bound aplicado (runtime=stackoverflow_postgres_database, column=creationdate, min_value=2010-12-31 23:58:27.647000, inclusive=False)
2026-08-22 00:48:32,729 INFO [metro.targets.local] Staging iniciado: local\raw\stackoverflow_posts_append\_tmp
2026-08-22 00:48:32,733 INFO [metro.sources.sql.postgresql] Query padrão montada para public.posts (23 colunas)
2026-08-22 00:48:32,733 INFO [metro.sources.sql.postgresql] Lendo PostgreSQL em batches (runtime=stackoverflow_postgres_database, chunk_size=50000)
2026-08-22 00:48:37,140 INFO [metro.replication.writer] Materialização em batches concluída (rows=0, files=0, read_batches=0, tracked_max=None)
2026-08-22 00:48:37,140 INFO [metro.replication.incremental.append.max_value] Extração Append concluída (rows=0, watermark=None, type=string)
2026-08-22 00:48:37,140 INFO [metro.replication.incremental.append.max_value] Nenhum dado novo encontrado (task_identifier=raw.stackoverflow_posts_append, reference_column=creationdate, watermark=2010-12-31 23:58:27.647000)
2026-08-22 00:48:37,141 INFO [metro.targets.local] Staging descartado: local\raw\stackoverflow_posts_append\_tmp
2026-08-22 00:48:37,141 INFO [metro.sources.sql.postgresql] Conexão PostgreSQL encerrada (runtime=stackoverflow_postgres_database)
2026-08-22 00:48:39,262 INFO [metro.logging.handler] Execução finalizada (id=11, status=success, rows=0, duration=8.72s)
2026-08-22 00:48:39,262 INFO [metro.cli.main] Replicação concluída (table=public.posts)
