2026-08-18 23:38:27,962 INFO [metro.cli.main] Arquivo de log: C:\Users\Vinicius Luiz\Desktop\Scripts\metro\logs\incremental_replace\sqlserver_comments_replace_20260818_233827.log
2026-08-18 23:38:27,962 INFO [metro.cli.main] Carregando task do YAML: tasks\incremental_replace\sqlserver_comments_replace.yaml
2026-08-18 23:38:27,965 INFO [metro.cli.main] Metadados habilitados (source=dbo.Comments, timestamp=2026-08-18T23:38:27)
2026-08-18 23:38:27,966 INFO [metro.cli.main] Iniciando replicação (table=dbo.Comments, mode=incremental, source=sqlserver, target=local)
2026-08-18 23:38:27,967 INFO [metro.sources.sql.sqlserver] Conectando ao SQL Server (runtime=stackoverflow_sql_server_database)
2026-08-18 23:38:28,125 INFO [metro.targets.local] LocalTarget pronto (runtime=development_storage, base_path=local)
2026-08-18 23:38:28,126 INFO [metro.replication.incremental.replace.partition] Iniciando Replace/Partition (table=dbo.Comments, path=raw/sqlserver_comments, column=CreationDate, granularity=year, lookback_periods=19, cutoff=2008-01-01, partitions=['year=2008', 'year=2009', 'year=2010', 'year=2011', 'year=2012', 'year=2013', 'year=2014', 'year=2015', 'year=2016', 'year=2017', 'year=2018', 'year=2019', 'year=2020', 'year=2021', 'year=2022', 'year=2023', 'year=2024', 'year=2025', 'year=2026'])
2026-08-18 23:38:28,126 INFO [metro.sources.sql.sqlserver] Lower bound aplicado (runtime=stackoverflow_sql_server_database, column=CreationDate, min_value=2008-01-01, inclusive=True)
2026-08-18 23:38:28,127 INFO [metro.targets.local] Staging iniciado: local\raw\sqlserver_comments\_tmp
2026-08-18 23:38:28,130 INFO [metro.sources.sql.sqlserver] Query padrão montada para dbo.Comments (6 colunas)
2026-08-18 23:38:28,131 INFO [metro.sources.sql.sqlserver] Lendo SQL Server em batches (runtime=stackoverflow_sql_server_database, chunk_size=50000)
2026-08-18 23:38:31,261 INFO [metro.replication.writer] Materializando parte 1 (path=raw/sqlserver_comments/_tmp/year=2009/part_0001.parquet, rows=200000)
2026-08-18 23:38:31,262 INFO [metro.targets.local] Gravando Parquet em local\raw\sqlserver_comments\_tmp\year=2009\part_0001.parquet
2026-08-18 23:38:31,557 INFO [metro.replication.writer] Garbage collection executado | memory_before_mb=308.6 | memory_after_mb=308.6 | freed_mb=0.0 | freed_percent=0.0 | collected=0
2026-08-18 23:38:33,130 INFO [metro.replication.writer] Materializando parte 2 (path=raw/sqlserver_comments/_tmp/year=2009/part_0002.parquet, rows=200000)
2026-08-18 23:38:33,131 INFO [metro.targets.local] Gravando Parquet em local\raw\sqlserver_comments\_tmp\year=2009\part_0002.parquet
2026-08-18 23:38:33,322 INFO [metro.replication.writer] Garbage collection executado | memory_before_mb=302.9 | memory_after_mb=302.9 | freed_mb=0.0 | freed_percent=0.0 | collected=0
2026-08-18 23:38:35,347 INFO [metro.replication.writer] Materializando parte 3 (path=raw/sqlserver_comments/_tmp/year=2009/part_0003.parquet, rows=200000)
2026-08-18 23:38:35,348 INFO [metro.targets.local] Gravando Parquet em local\raw\sqlserver_comments\_tmp\year=2009\part_0003.parquet
2026-08-18 23:38:35,566 INFO [metro.replication.writer] Garbage collection executado | memory_before_mb=408.1 | memory_after_mb=408.1 | freed_mb=0.0 | freed_percent=0.0 | collected=0
2026-08-18 23:38:37,447 INFO [metro.replication.writer] Materializando parte 4 (path=raw/sqlserver_comments/_tmp/year=2009/part_0004.parquet, rows=200000)
2026-08-18 23:38:37,447 INFO [metro.targets.local] Gravando Parquet em local\raw\sqlserver_comments\_tmp\year=2009\part_0004.parquet
2026-08-18 23:38:37,654 INFO [metro.replication.writer] Garbage collection executado | memory_before_mb=425.4 | memory_after_mb=425.4 | freed_mb=0.0 | freed_percent=0.0 | collected=0
2026-08-18 23:38:39,328 INFO [metro.replication.writer] Materializando parte 5 (path=raw/sqlserver_comments/_tmp/year=2009/part_0005.parquet, rows=200000)
2026-08-18 23:38:39,328 INFO [metro.targets.local] Gravando Parquet em local\raw\sqlserver_comments\_tmp\year=2009\part_0005.parquet
2026-08-18 23:38:39,501 INFO [metro.replication.writer] Garbage collection executado | memory_before_mb=444.4 | memory_after_mb=444.4 | freed_mb=0.0 | freed_percent=0.0 | collected=0
2026-08-18 23:38:41,190 INFO [metro.replication.writer] Materializando parte 6 (path=raw/sqlserver_comments/_tmp/year=2009/part_0006.parquet, rows=200000)
2026-08-18 23:38:41,191 INFO [metro.targets.local] Gravando Parquet em local\raw\sqlserver_comments\_tmp\year=2009\part_0006.parquet
2026-08-18 23:38:41,363 INFO [metro.replication.writer] Garbage collection executado | memory_before_mb=465.1 | memory_after_mb=465.1 | freed_mb=0.0 | freed_percent=0.0 | collected=0
2026-08-18 23:38:43,559 INFO [metro.replication.writer] Materializando parte 1 (path=raw/sqlserver_comments/_tmp/year=2010/part_0001.parquet, rows=200000)
2026-08-18 23:38:43,561 INFO [metro.targets.local] Gravando Parquet em local\raw\sqlserver_comments\_tmp\year=2010\part_0001.parquet
2026-08-18 23:38:43,737 INFO [metro.replication.writer] Garbage collection executado | memory_before_mb=488.4 | memory_after_mb=488.4 | freed_mb=0.0 | freed_percent=0.0 | collected=0
2026-08-18 23:38:45,604 INFO [metro.replication.writer] Materializando parte 2 (path=raw/sqlserver_comments/_tmp/year=2010/part_0002.parquet, rows=200000)
2026-08-18 23:38:45,609 INFO [metro.targets.local] Gravando Parquet em local\raw\sqlserver_comments\_tmp\year=2010\part_0002.parquet
2026-08-18 23:38:45,872 INFO [metro.replication.writer] Garbage collection executado | memory_before_mb=498.4 | memory_after_mb=498.4 | freed_mb=0.0 | freed_percent=0.0 | collected=0
2026-08-18 23:38:47,533 INFO [metro.replication.writer] Materializando parte 3 (path=raw/sqlserver_comments/_tmp/year=2010/part_0003.parquet, rows=200000)
2026-08-18 23:38:47,534 INFO [metro.targets.local] Gravando Parquet em local\raw\sqlserver_comments\_tmp\year=2010\part_0003.parquet
2026-08-18 23:38:47,739 INFO [metro.replication.writer] Garbage collection executado | memory_before_mb=506.3 | memory_after_mb=506.3 | freed_mb=0.0 | freed_percent=0.0 | collected=0
2026-08-18 23:38:50,245 INFO [metro.replication.writer] Materializando parte 4 (path=raw/sqlserver_comments/_tmp/year=2010/part_0004.parquet, rows=200000)
2026-08-18 23:38:50,246 INFO [metro.targets.local] Gravando Parquet em local\raw\sqlserver_comments\_tmp\year=2010\part_0004.parquet
2026-08-18 23:38:50,417 INFO [metro.replication.writer] Garbage collection executado | memory_before_mb=551.4 | memory_after_mb=551.4 | freed_mb=0.0 | freed_percent=0.0 | collected=0
2026-08-18 23:38:52,077 INFO [metro.replication.writer] Materializando parte 5 (path=raw/sqlserver_comments/_tmp/year=2010/part_0005.parquet, rows=200000)
2026-08-18 23:38:52,077 INFO [metro.targets.local] Gravando Parquet em local\raw\sqlserver_comments\_tmp\year=2010\part_0005.parquet
2026-08-18 23:38:52,277 INFO [metro.replication.writer] Garbage collection executado | memory_before_mb=564.8 | memory_after_mb=564.8 | freed_mb=0.0 | freed_percent=0.0 | collected=0
2026-08-18 23:38:53,715 INFO [metro.replication.writer] Materializando parte 6 (path=raw/sqlserver_comments/_tmp/year=2010/part_0006.parquet, rows=200000)
2026-08-18 23:38:53,715 INFO [metro.targets.local] Gravando Parquet em local\raw\sqlserver_comments\_tmp\year=2010\part_0006.parquet
2026-08-18 23:38:53,899 INFO [metro.replication.writer] Garbage collection executado | memory_before_mb=575.0 | memory_after_mb=575.0 | freed_mb=0.0 | freed_percent=0.0 | collected=0
2026-08-18 23:38:55,613 INFO [metro.replication.writer] Materializando parte 7 (path=raw/sqlserver_comments/_tmp/year=2010/part_0007.parquet, rows=200000)
2026-08-18 23:38:55,614 INFO [metro.targets.local] Gravando Parquet em local\raw\sqlserver_comments\_tmp\year=2010\part_0007.parquet
2026-08-18 23:38:55,822 INFO [metro.replication.writer] Garbage collection executado | memory_before_mb=586.8 | memory_after_mb=586.8 | freed_mb=0.0 | freed_percent=0.0 | collected=0
2026-08-18 23:38:57,368 INFO [metro.replication.writer] Materializando parte 8 (path=raw/sqlserver_comments/_tmp/year=2010/part_0008.parquet, rows=200000)
2026-08-18 23:38:57,369 INFO [metro.targets.local] Gravando Parquet em local\raw\sqlserver_comments\_tmp\year=2010\part_0008.parquet
2026-08-18 23:38:57,549 INFO [metro.replication.writer] Garbage collection executado | memory_before_mb=595.1 | memory_after_mb=595.1 | freed_mb=0.0 | freed_percent=0.0 | collected=0
2026-08-18 23:38:58,977 INFO [metro.replication.writer] Materializando parte 9 (path=raw/sqlserver_comments/_tmp/year=2010/part_0009.parquet, rows=200000)
2026-08-18 23:38:58,978 INFO [metro.targets.local] Gravando Parquet em local\raw\sqlserver_comments\_tmp\year=2010\part_0009.parquet
2026-08-18 23:38:59,151 INFO [metro.replication.writer] Garbage collection executado | memory_before_mb=597.5 | memory_after_mb=597.5 | freed_mb=0.0 | freed_percent=0.0 | collected=0
2026-08-18 23:39:00,510 INFO [metro.replication.writer] Materializando parte 10 (path=raw/sqlserver_comments/_tmp/year=2010/part_0010.parquet, rows=200000)
2026-08-18 23:39:00,511 INFO [metro.targets.local] Gravando Parquet em local\raw\sqlserver_comments\_tmp\year=2010\part_0010.parquet
2026-08-18 23:39:00,691 INFO [metro.replication.writer] Garbage collection executado | memory_before_mb=604.4 | memory_after_mb=604.4 | freed_mb=0.0 | freed_percent=0.0 | collected=0
2026-08-18 23:39:01,990 INFO [metro.replication.writer] Materializando parte 11 (path=raw/sqlserver_comments/_tmp/year=2010/part_0011.parquet, rows=200000)
2026-08-18 23:39:01,990 INFO [metro.targets.local] Gravando Parquet em local\raw\sqlserver_comments\_tmp\year=2010\part_0011.parquet
2026-08-18 23:39:02,159 INFO [metro.replication.writer] Garbage collection executado | memory_before_mb=612.5 | memory_after_mb=612.5 | freed_mb=0.0 | freed_percent=0.0 | collected=0
2026-08-18 23:39:03,632 INFO [metro.replication.writer] Materializando parte 12 (path=raw/sqlserver_comments/_tmp/year=2010/part_0012.parquet, rows=200000)
2026-08-18 23:39:03,632 INFO [metro.targets.local] Gravando Parquet em local\raw\sqlserver_comments\_tmp\year=2010\part_0012.parquet
2026-08-18 23:39:03,813 INFO [metro.replication.writer] Garbage collection executado | memory_before_mb=620.6 | memory_after_mb=620.6 | freed_mb=0.0 | freed_percent=0.0 | collected=0
2026-08-18 23:39:04,353 INFO [metro.replication.writer] Materializando parte 1 (path=raw/sqlserver_comments/_tmp/year=2008/part_0001.parquet, rows=136034)
2026-08-18 23:39:04,354 INFO [metro.targets.local] Gravando Parquet em local\raw\sqlserver_comments\_tmp\year=2008\part_0001.parquet
2026-08-18 23:39:04,512 INFO [metro.replication.writer] Garbage collection executado | memory_before_mb=618.3 | memory_after_mb=615.3 | freed_mb=3.0 | freed_percent=0.5 | collected=0
2026-08-18 23:39:04,513 INFO [metro.replication.writer] Materializando parte 7 (path=raw/sqlserver_comments/_tmp/year=2009/part_0007.parquet, rows=34042)
2026-08-18 23:39:04,514 INFO [metro.targets.local] Gravando Parquet em local\raw\sqlserver_comments\_tmp\year=2009\part_0007.parquet
2026-08-18 23:39:04,574 INFO [metro.replication.writer] Garbage collection executado | memory_before_mb=619.4 | memory_after_mb=619.4 | freed_mb=0.0 | freed_percent=0.0 | collected=0
2026-08-18 23:39:04,576 INFO [metro.replication.writer] Materializando parte 13 (path=raw/sqlserver_comments/_tmp/year=2010/part_0013.parquet, rows=105107)
2026-08-18 23:39:04,577 INFO [metro.targets.local] Gravando Parquet em local\raw\sqlserver_comments\_tmp\year=2010\part_0013.parquet
2026-08-18 23:39:04,726 INFO [metro.replication.writer] Garbage collection executado | memory_before_mb=474.6 | memory_after_mb=473.6 | freed_mb=1.0 | freed_percent=0.2 | collected=0
2026-08-18 23:39:04,727 INFO [metro.replication.writer] Materialização particionada concluída (rows=3875183, files=21, read_batches=78, partitions_written=3, tracked_max=N/A)
2026-08-18 23:39:04,732 INFO [metro.targets.local] Partição promovida: local\raw\sqlserver_comments\year=2008
2026-08-18 23:39:04,736 INFO [metro.targets.local] Partição promovida: local\raw\sqlserver_comments\year=2009
2026-08-18 23:39:04,739 INFO [metro.targets.local] Partição promovida: local\raw\sqlserver_comments\year=2010
2026-08-18 23:39:04,739 INFO [metro.targets.local] Partição removida (sem dados no staging): local\raw\sqlserver_comments\year=2011
2026-08-18 23:39:04,739 INFO [metro.targets.local] Partição removida (sem dados no staging): local\raw\sqlserver_comments\year=2012
2026-08-18 23:39:04,740 INFO [metro.targets.local] Partição removida (sem dados no staging): local\raw\sqlserver_comments\year=2013
2026-08-18 23:39:04,740 INFO [metro.targets.local] Partição removida (sem dados no staging): local\raw\sqlserver_comments\year=2014
2026-08-18 23:39:04,740 INFO [metro.targets.local] Partição removida (sem dados no staging): local\raw\sqlserver_comments\year=2015
2026-08-18 23:39:04,741 INFO [metro.targets.local] Partição removida (sem dados no staging): local\raw\sqlserver_comments\year=2016
2026-08-18 23:39:04,741 INFO [metro.targets.local] Partição removida (sem dados no staging): local\raw\sqlserver_comments\year=2017
2026-08-18 23:39:04,741 INFO [metro.targets.local] Partição removida (sem dados no staging): local\raw\sqlserver_comments\year=2018
2026-08-18 23:39:04,742 INFO [metro.targets.local] Partição removida (sem dados no staging): local\raw\sqlserver_comments\year=2019
2026-08-18 23:39:04,742 INFO [metro.targets.local] Partição removida (sem dados no staging): local\raw\sqlserver_comments\year=2020
2026-08-18 23:39:04,743 INFO [metro.targets.local] Partição removida (sem dados no staging): local\raw\sqlserver_comments\year=2021
2026-08-18 23:39:04,743 INFO [metro.targets.local] Partição removida (sem dados no staging): local\raw\sqlserver_comments\year=2022
2026-08-18 23:39:04,743 INFO [metro.targets.local] Partição removida (sem dados no staging): local\raw\sqlserver_comments\year=2023
2026-08-18 23:39:04,743 INFO [metro.targets.local] Partição removida (sem dados no staging): local\raw\sqlserver_comments\year=2024
2026-08-18 23:39:04,744 INFO [metro.targets.local] Partição removida (sem dados no staging): local\raw\sqlserver_comments\year=2025
2026-08-18 23:39:04,744 INFO [metro.targets.local] Partição removida (sem dados no staging): local\raw\sqlserver_comments\year=2026
2026-08-18 23:39:04,745 INFO [metro.targets.local] Staging commitado (dataset=raw/sqlserver_comments)
2026-08-18 23:39:04,745 INFO [metro.replication.incremental.replace.partition] Replace/Partition concluído (table=dbo.Comments, partitions=19)
2026-08-18 23:39:04,745 INFO [metro.sources.sql.sqlserver] Conexão SQL Server encerrada (runtime=stackoverflow_sql_server_database)
2026-08-18 23:39:04,745 INFO [metro.cli.main] Replicação concluída (table=dbo.Comments)
