2026-08-16 20:55:39,648 INFO [metro.cli.main] Arquivo de log: C:\Users\Vinicius Luiz\Desktop\Scripts\metro\logs\stackoverflow_posts_replace_20260816_205539.log
2026-08-16 20:55:39,648 INFO [metro.cli.main] Carregando task: tasks\stackoverflow_posts_replace.yaml
2026-08-16 20:55:39,651 INFO [metro.cli.main] Iniciando replicação (table=public.posts, mode=incremental, source=postgresql, target=local)
2026-08-16 20:55:39,651 INFO [metro.sources.sql.postgresql] Conectando ao PostgreSQL (runtime=stackoverflow_postgres_database)
2026-08-16 20:55:39,738 INFO [metro.targets.local] LocalTarget pronto (runtime=development_storage, base_path=local)
2026-08-16 20:55:39,739 INFO [metro.replication.incremental.replace.partition] Iniciando Replace/Partition (table=public.posts, path=raw/stackoverflow_posts, column=creationdate, granularity=year, lookback_periods=17, cutoff=2010-01-01, partitions=['year=2010', 'year=2011', 'year=2012', 'year=2013', 'year=2014', 'year=2015', 'year=2016', 'year=2017', 'year=2018', 'year=2019', 'year=2020', 'year=2021', 'year=2022', 'year=2023', 'year=2024', 'year=2025', 'year=2026'])
2026-08-16 20:55:39,739 INFO [metro.sources.sql.postgresql] Lower bound aplicado (runtime=stackoverflow_postgres_database, column=creationdate, min_value=2010-01-01)
2026-08-16 20:55:39,740 INFO [metro.targets.local] Staging iniciado: local\raw\stackoverflow_posts\_tmp
2026-08-16 20:55:39,750 INFO [metro.sources.sql.postgresql] Query padrão montada para public.posts (23 colunas)
2026-08-16 20:55:39,751 INFO [metro.sources.sql.postgresql] Lendo PostgreSQL em batches (runtime=stackoverflow_postgres_database, chunk_size=50000)
2026-08-16 20:55:42,223 INFO [metro.replication.writer] Materializando parte 1 (path=raw/stackoverflow_posts/_tmp/year=2010/part_0001.parquet, rows=200000)
2026-08-16 20:55:42,224 INFO [metro.targets.local] Gravando Parquet em local\raw\stackoverflow_posts\_tmp\year=2010\part_0001.parquet
2026-08-16 20:55:42,842 INFO [metro.replication.writer] Garbage collection executado | memory_before_mb=965.9 | memory_after_mb=965.9 | freed_mb=0.0 | freed_percent=0.0 | collected=0
2026-08-16 20:55:45,787 INFO [metro.replication.writer] Materializando parte 2 (path=raw/stackoverflow_posts/_tmp/year=2010/part_0002.parquet, rows=200000)
2026-08-16 20:55:45,788 INFO [metro.targets.local] Gravando Parquet em local\raw\stackoverflow_posts\_tmp\year=2010\part_0002.parquet
2026-08-16 20:55:46,262 INFO [metro.replication.writer] Garbage collection executado | memory_before_mb=1034.0 | memory_after_mb=1034.0 | freed_mb=0.0 | freed_percent=0.0 | collected=0
2026-08-16 20:55:48,319 INFO [metro.replication.writer] Materializando parte 3 (path=raw/stackoverflow_posts/_tmp/year=2010/part_0003.parquet, rows=200000)
2026-08-16 20:55:48,319 INFO [metro.targets.local] Gravando Parquet em local\raw\stackoverflow_posts\_tmp\year=2010\part_0003.parquet
2026-08-16 20:55:48,841 INFO [metro.replication.writer] Garbage collection executado | memory_before_mb=1134.8 | memory_after_mb=1134.8 | freed_mb=0.0 | freed_percent=0.0 | collected=0
2026-08-16 20:55:50,986 INFO [metro.replication.writer] Materializando parte 4 (path=raw/stackoverflow_posts/_tmp/year=2010/part_0004.parquet, rows=200000)
2026-08-16 20:55:50,987 INFO [metro.targets.local] Gravando Parquet em local\raw\stackoverflow_posts\_tmp\year=2010\part_0004.parquet
2026-08-16 20:55:51,522 INFO [metro.replication.writer] Garbage collection executado | memory_before_mb=1154.8 | memory_after_mb=1154.8 | freed_mb=0.0 | freed_percent=0.0 | collected=0
2026-08-16 20:55:53,528 INFO [metro.replication.writer] Materializando parte 5 (path=raw/stackoverflow_posts/_tmp/year=2010/part_0005.parquet, rows=200000)
2026-08-16 20:55:53,528 INFO [metro.targets.local] Gravando Parquet em local\raw\stackoverflow_posts\_tmp\year=2010\part_0005.parquet
2026-08-16 20:55:54,161 INFO [metro.replication.writer] Garbage collection executado | memory_before_mb=1245.0 | memory_after_mb=1245.0 | freed_mb=0.0 | freed_percent=0.0 | collected=0
2026-08-16 20:55:56,369 INFO [metro.replication.writer] Materializando parte 6 (path=raw/stackoverflow_posts/_tmp/year=2010/part_0006.parquet, rows=200000)
2026-08-16 20:55:56,370 INFO [metro.targets.local] Gravando Parquet em local\raw\stackoverflow_posts\_tmp\year=2010\part_0006.parquet
2026-08-16 20:55:57,009 INFO [metro.replication.writer] Garbage collection executado | memory_before_mb=1222.3 | memory_after_mb=1222.3 | freed_mb=0.0 | freed_percent=0.0 | collected=0
2026-08-16 20:55:59,068 INFO [metro.replication.writer] Materializando parte 7 (path=raw/stackoverflow_posts/_tmp/year=2010/part_0007.parquet, rows=200000)
2026-08-16 20:55:59,069 INFO [metro.targets.local] Gravando Parquet em local\raw\stackoverflow_posts\_tmp\year=2010\part_0007.parquet
2026-08-16 20:55:59,697 INFO [metro.replication.writer] Garbage collection executado | memory_before_mb=1247.0 | memory_after_mb=1247.0 | freed_mb=0.0 | freed_percent=0.0 | collected=0
2026-08-16 20:56:01,961 INFO [metro.replication.writer] Materializando parte 8 (path=raw/stackoverflow_posts/_tmp/year=2010/part_0008.parquet, rows=200000)
2026-08-16 20:56:01,962 INFO [metro.targets.local] Gravando Parquet em local\raw\stackoverflow_posts\_tmp\year=2010\part_0008.parquet
2026-08-16 20:56:02,636 INFO [metro.replication.writer] Garbage collection executado | memory_before_mb=1253.3 | memory_after_mb=1253.3 | freed_mb=0.0 | freed_percent=0.0 | collected=0
2026-08-16 20:56:04,925 INFO [metro.replication.writer] Materializando parte 9 (path=raw/stackoverflow_posts/_tmp/year=2010/part_0009.parquet, rows=200000)
2026-08-16 20:56:04,926 INFO [metro.targets.local] Gravando Parquet em local\raw\stackoverflow_posts\_tmp\year=2010\part_0009.parquet
2026-08-16 20:56:05,576 INFO [metro.replication.writer] Garbage collection executado | memory_before_mb=1307.0 | memory_after_mb=1307.0 | freed_mb=0.0 | freed_percent=0.0 | collected=0
2026-08-16 20:56:07,789 INFO [metro.replication.writer] Materializando parte 10 (path=raw/stackoverflow_posts/_tmp/year=2010/part_0010.parquet, rows=200000)
2026-08-16 20:56:07,789 INFO [metro.targets.local] Gravando Parquet em local\raw\stackoverflow_posts\_tmp\year=2010\part_0010.parquet
2026-08-16 20:56:08,462 INFO [metro.replication.writer] Garbage collection executado | memory_before_mb=1273.6 | memory_after_mb=1273.6 | freed_mb=0.0 | freed_percent=0.0 | collected=0
2026-08-16 20:56:10,272 INFO [metro.replication.writer] Materializando parte 11 (path=raw/stackoverflow_posts/_tmp/year=2010/part_0011.parquet, rows=144900)
2026-08-16 20:56:10,273 INFO [metro.targets.local] Gravando Parquet em local\raw\stackoverflow_posts\_tmp\year=2010\part_0011.parquet
2026-08-16 20:56:10,856 INFO [metro.replication.writer] Garbage collection executado | memory_before_mb=947.7 | memory_after_mb=943.7 | freed_mb=4.0 | freed_percent=0.4 | collected=0
2026-08-16 20:56:10,857 INFO [metro.replication.writer] Materialização particionada concluída (rows=2144900, files=11, read_batches=43, partitions_written=1)
2026-08-16 20:56:10,868 INFO [metro.targets.local] Partição promovida: local\raw\stackoverflow_posts\year=2010
2026-08-16 20:56:10,869 INFO [metro.targets.local] Partição removida (sem dados no staging): local\raw\stackoverflow_posts\year=2011
2026-08-16 20:56:10,869 INFO [metro.targets.local] Partição removida (sem dados no staging): local\raw\stackoverflow_posts\year=2012
2026-08-16 20:56:10,870 INFO [metro.targets.local] Partição removida (sem dados no staging): local\raw\stackoverflow_posts\year=2013
2026-08-16 20:56:10,871 INFO [metro.targets.local] Partição removida (sem dados no staging): local\raw\stackoverflow_posts\year=2014
2026-08-16 20:56:10,871 INFO [metro.targets.local] Partição removida (sem dados no staging): local\raw\stackoverflow_posts\year=2015
2026-08-16 20:56:10,871 INFO [metro.targets.local] Partição removida (sem dados no staging): local\raw\stackoverflow_posts\year=2016
2026-08-16 20:56:10,872 INFO [metro.targets.local] Partição removida (sem dados no staging): local\raw\stackoverflow_posts\year=2017
2026-08-16 20:56:10,872 INFO [metro.targets.local] Partição removida (sem dados no staging): local\raw\stackoverflow_posts\year=2018
2026-08-16 20:56:10,872 INFO [metro.targets.local] Partição removida (sem dados no staging): local\raw\stackoverflow_posts\year=2019
2026-08-16 20:56:10,873 INFO [metro.targets.local] Partição removida (sem dados no staging): local\raw\stackoverflow_posts\year=2020
2026-08-16 20:56:10,873 INFO [metro.targets.local] Partição removida (sem dados no staging): local\raw\stackoverflow_posts\year=2021
2026-08-16 20:56:10,873 INFO [metro.targets.local] Partição removida (sem dados no staging): local\raw\stackoverflow_posts\year=2022
2026-08-16 20:56:10,874 INFO [metro.targets.local] Partição removida (sem dados no staging): local\raw\stackoverflow_posts\year=2023
2026-08-16 20:56:10,874 INFO [metro.targets.local] Partição removida (sem dados no staging): local\raw\stackoverflow_posts\year=2024
2026-08-16 20:56:10,875 INFO [metro.targets.local] Partição removida (sem dados no staging): local\raw\stackoverflow_posts\year=2025
2026-08-16 20:56:10,875 INFO [metro.targets.local] Partição removida (sem dados no staging): local\raw\stackoverflow_posts\year=2026
2026-08-16 20:56:10,876 INFO [metro.targets.local] Staging commitado (dataset=raw/stackoverflow_posts)
2026-08-16 20:56:10,876 INFO [metro.replication.incremental.replace.partition] Replace/Partition concluído (table=public.posts, partitions=17)
2026-08-16 20:56:10,877 INFO [metro.sources.sql.postgresql] Conexão PostgreSQL encerrada (runtime=stackoverflow_postgres_database)
2026-08-16 20:56:10,877 INFO [metro.cli.main] Replicação concluída (table=public.posts)
