2026-08-18 23:35:59,329 INFO [metro.cli.main] Arquivo de log: C:\Users\Vinicius Luiz\Desktop\Scripts\metro\logs\full_load\sqlserver_posts_20260818_233559.log
2026-08-18 23:35:59,329 INFO [metro.cli.main] Carregando task do YAML: tasks\full_load\sqlserver_posts.yaml
2026-08-18 23:35:59,338 INFO [metro.cli.main] Metadados habilitados (source=dbo.Posts, timestamp=2026-08-18T23:35:59)
2026-08-18 23:35:59,344 INFO [metro.cli.main] Iniciando replicação (table=dbo.Posts, mode=full_load, source=sqlserver, target=local)
2026-08-18 23:35:59,344 INFO [metro.sources.sql.sqlserver] Conectando ao SQL Server (runtime=stackoverflow_sql_server_database)
2026-08-18 23:35:59,516 INFO [metro.targets.local] LocalTarget pronto (runtime=development_storage, base_path=local)
2026-08-18 23:35:59,517 INFO [metro.targets.local] Staging iniciado: local\raw\sqlserver_posts\_tmp
2026-08-18 23:35:59,518 INFO [metro.replication.full_load.strategy] Iniciando Full Load em batches (table=dbo.Posts, path=raw/sqlserver_posts, source.chunk_size=50000, target.chunk_size=200000)
2026-08-18 23:35:59,519 INFO [metro.sources.sql.sqlserver] Query padrão montada para dbo.Posts (20 colunas)
2026-08-18 23:35:59,519 INFO [metro.sources.sql.sqlserver] Lendo SQL Server em batches (runtime=stackoverflow_sql_server_database, chunk_size=50000)
2026-08-18 23:36:05,412 INFO [metro.replication.writer] Materializando parte 1 (path=raw/sqlserver_posts/_tmp/part_0001.parquet, rows=200000)
2026-08-18 23:36:05,412 INFO [metro.targets.local] Gravando Parquet em local\raw\sqlserver_posts\_tmp\part_0001.parquet
2026-08-18 23:36:06,163 INFO [metro.replication.writer] Garbage collection executado | memory_before_mb=697.2 | memory_after_mb=697.2 | freed_mb=0.0 | freed_percent=0.0 | collected=0
2026-08-18 23:36:12,229 INFO [metro.replication.writer] Materializando parte 2 (path=raw/sqlserver_posts/_tmp/part_0002.parquet, rows=200000)
2026-08-18 23:36:12,230 INFO [metro.targets.local] Gravando Parquet em local\raw\sqlserver_posts\_tmp\part_0002.parquet
2026-08-18 23:36:13,176 INFO [metro.replication.writer] Garbage collection executado | memory_before_mb=637.5 | memory_after_mb=637.5 | freed_mb=0.0 | freed_percent=0.0 | collected=0
2026-08-18 23:36:19,741 INFO [metro.replication.writer] Materializando parte 3 (path=raw/sqlserver_posts/_tmp/part_0003.parquet, rows=200000)
2026-08-18 23:36:19,742 INFO [metro.targets.local] Gravando Parquet em local\raw\sqlserver_posts\_tmp\part_0003.parquet
2026-08-18 23:36:20,699 INFO [metro.replication.writer] Garbage collection executado | memory_before_mb=570.6 | memory_after_mb=570.6 | freed_mb=0.0 | freed_percent=0.0 | collected=0
2026-08-18 23:36:26,733 INFO [metro.replication.writer] Materializando parte 4 (path=raw/sqlserver_posts/_tmp/part_0004.parquet, rows=200000)
2026-08-18 23:36:26,734 INFO [metro.targets.local] Gravando Parquet em local\raw\sqlserver_posts\_tmp\part_0004.parquet
2026-08-18 23:36:27,556 INFO [metro.replication.writer] Garbage collection executado | memory_before_mb=872.5 | memory_after_mb=872.5 | freed_mb=0.0 | freed_percent=0.0 | collected=0
2026-08-18 23:36:35,081 INFO [metro.replication.writer] Materializando parte 5 (path=raw/sqlserver_posts/_tmp/part_0005.parquet, rows=200000)
2026-08-18 23:36:35,082 INFO [metro.targets.local] Gravando Parquet em local\raw\sqlserver_posts\_tmp\part_0005.parquet
2026-08-18 23:36:35,944 INFO [metro.replication.writer] Garbage collection executado | memory_before_mb=907.1 | memory_after_mb=907.1 | freed_mb=0.0 | freed_percent=0.0 | collected=0
2026-08-18 23:36:41,670 INFO [metro.replication.writer] Materializando parte 6 (path=raw/sqlserver_posts/_tmp/part_0006.parquet, rows=200000)
2026-08-18 23:36:41,672 INFO [metro.targets.local] Gravando Parquet em local\raw\sqlserver_posts\_tmp\part_0006.parquet
2026-08-18 23:36:42,335 INFO [metro.replication.writer] Garbage collection executado | memory_before_mb=926.8 | memory_after_mb=926.8 | freed_mb=0.0 | freed_percent=0.0 | collected=0
2026-08-18 23:36:47,548 INFO [metro.replication.writer] Materializando parte 7 (path=raw/sqlserver_posts/_tmp/part_0007.parquet, rows=200000)
2026-08-18 23:36:47,549 INFO [metro.targets.local] Gravando Parquet em local\raw\sqlserver_posts\_tmp\part_0007.parquet
2026-08-18 23:36:48,313 INFO [metro.replication.writer] Garbage collection executado | memory_before_mb=946.9 | memory_after_mb=946.9 | freed_mb=0.0 | freed_percent=0.0 | collected=0
2026-08-18 23:36:53,797 INFO [metro.replication.writer] Materializando parte 8 (path=raw/sqlserver_posts/_tmp/part_0008.parquet, rows=200000)
2026-08-18 23:36:53,798 INFO [metro.targets.local] Gravando Parquet em local\raw\sqlserver_posts\_tmp\part_0008.parquet
2026-08-18 23:36:54,378 INFO [metro.replication.writer] Garbage collection executado | memory_before_mb=968.7 | memory_after_mb=968.7 | freed_mb=0.0 | freed_percent=0.0 | collected=0
2026-08-18 23:37:01,354 INFO [metro.replication.writer] Materializando parte 9 (path=raw/sqlserver_posts/_tmp/part_0009.parquet, rows=200000)
2026-08-18 23:37:01,355 INFO [metro.targets.local] Gravando Parquet em local\raw\sqlserver_posts\_tmp\part_0009.parquet
2026-08-18 23:37:02,279 INFO [metro.replication.writer] Garbage collection executado | memory_before_mb=881.1 | memory_after_mb=881.1 | freed_mb=0.0 | freed_percent=0.0 | collected=0
2026-08-18 23:37:08,150 INFO [metro.replication.writer] Materializando parte 10 (path=raw/sqlserver_posts/_tmp/part_0010.parquet, rows=200000)
2026-08-18 23:37:08,151 INFO [metro.targets.local] Gravando Parquet em local\raw\sqlserver_posts\_tmp\part_0010.parquet
2026-08-18 23:37:08,822 INFO [metro.replication.writer] Garbage collection executado | memory_before_mb=990.0 | memory_after_mb=990.0 | freed_mb=0.0 | freed_percent=0.0 | collected=0
2026-08-18 23:37:13,901 INFO [metro.replication.writer] Materializando parte 11 (path=raw/sqlserver_posts/_tmp/part_0011.parquet, rows=200000)
2026-08-18 23:37:13,902 INFO [metro.targets.local] Gravando Parquet em local\raw\sqlserver_posts\_tmp\part_0011.parquet
2026-08-18 23:37:14,596 INFO [metro.replication.writer] Garbage collection executado | memory_before_mb=980.9 | memory_after_mb=980.9 | freed_mb=0.0 | freed_percent=0.0 | collected=0
2026-08-18 23:37:19,844 INFO [metro.replication.writer] Materializando parte 12 (path=raw/sqlserver_posts/_tmp/part_0012.parquet, rows=200000)
2026-08-18 23:37:19,845 INFO [metro.targets.local] Gravando Parquet em local\raw\sqlserver_posts\_tmp\part_0012.parquet
2026-08-18 23:37:20,511 INFO [metro.replication.writer] Garbage collection executado | memory_before_mb=997.0 | memory_after_mb=997.0 | freed_mb=0.0 | freed_percent=0.0 | collected=0
2026-08-18 23:37:27,458 INFO [metro.replication.writer] Materializando parte 13 (path=raw/sqlserver_posts/_tmp/part_0013.parquet, rows=200000)
2026-08-18 23:37:27,459 INFO [metro.targets.local] Gravando Parquet em local\raw\sqlserver_posts\_tmp\part_0013.parquet
2026-08-18 23:37:28,445 INFO [metro.replication.writer] Garbage collection executado | memory_before_mb=980.8 | memory_after_mb=980.8 | freed_mb=0.0 | freed_percent=0.0 | collected=0
2026-08-18 23:37:34,657 INFO [metro.replication.writer] Materializando parte 14 (path=raw/sqlserver_posts/_tmp/part_0014.parquet, rows=200000)
2026-08-18 23:37:34,658 INFO [metro.targets.local] Gravando Parquet em local\raw\sqlserver_posts\_tmp\part_0014.parquet
2026-08-18 23:37:35,589 INFO [metro.replication.writer] Garbage collection executado | memory_before_mb=983.3 | memory_after_mb=983.3 | freed_mb=0.0 | freed_percent=0.0 | collected=0
2026-08-18 23:37:42,453 INFO [metro.replication.writer] Materializando parte 15 (path=raw/sqlserver_posts/_tmp/part_0015.parquet, rows=200000)
2026-08-18 23:37:42,454 INFO [metro.targets.local] Gravando Parquet em local\raw\sqlserver_posts\_tmp\part_0015.parquet
2026-08-18 23:37:43,293 INFO [metro.replication.writer] Garbage collection executado | memory_before_mb=1029.2 | memory_after_mb=1029.2 | freed_mb=0.0 | freed_percent=0.0 | collected=0
2026-08-18 23:37:49,472 INFO [metro.replication.writer] Materializando parte 16 (path=raw/sqlserver_posts/_tmp/part_0016.parquet, rows=200000)
2026-08-18 23:37:49,473 INFO [metro.targets.local] Gravando Parquet em local\raw\sqlserver_posts\_tmp\part_0016.parquet
2026-08-18 23:37:50,269 INFO [metro.replication.writer] Garbage collection executado | memory_before_mb=1033.2 | memory_after_mb=1033.2 | freed_mb=0.0 | freed_percent=0.0 | collected=0
2026-08-18 23:37:56,948 INFO [metro.replication.writer] Materializando parte 17 (path=raw/sqlserver_posts/_tmp/part_0017.parquet, rows=200000)
2026-08-18 23:37:56,949 INFO [metro.targets.local] Gravando Parquet em local\raw\sqlserver_posts\_tmp\part_0017.parquet
2026-08-18 23:37:57,841 INFO [metro.replication.writer] Garbage collection executado | memory_before_mb=1036.9 | memory_after_mb=1036.9 | freed_mb=0.0 | freed_percent=0.0 | collected=0
2026-08-18 23:38:03,603 INFO [metro.replication.writer] Materializando parte 18 (path=raw/sqlserver_posts/_tmp/part_0018.parquet, rows=200000)
2026-08-18 23:38:03,605 INFO [metro.targets.local] Gravando Parquet em local\raw\sqlserver_posts\_tmp\part_0018.parquet
2026-08-18 23:38:04,171 INFO [metro.replication.writer] Garbage collection executado | memory_before_mb=1039.7 | memory_after_mb=1039.7 | freed_mb=0.0 | freed_percent=0.0 | collected=0
2026-08-18 23:38:08,211 INFO [metro.replication.writer] Materializando parte 19 (path=raw/sqlserver_posts/_tmp/part_0019.parquet, rows=129195)
2026-08-18 23:38:08,212 INFO [metro.targets.local] Gravando Parquet em local\raw\sqlserver_posts\_tmp\part_0019.parquet
2026-08-18 23:38:08,783 INFO [metro.replication.writer] Garbage collection executado | memory_before_mb=724.5 | memory_after_mb=717.5 | freed_mb=7.0 | freed_percent=1.0 | collected=0
2026-08-18 23:38:08,783 INFO [metro.replication.writer] Materialização em batches concluída (rows=3729195, files=19, read_batches=75, tracked_max=N/A)
2026-08-18 23:38:08,783 INFO [metro.replication.full_load.strategy] Full Load concluído (table=dbo.Posts, rows=3729195)
2026-08-18 23:38:08,802 INFO [metro.targets.local] Staging commitado (dataset=raw/sqlserver_posts)
2026-08-18 23:38:08,803 INFO [metro.sources.sql.sqlserver] Conexão SQL Server encerrada (runtime=stackoverflow_sql_server_database)
2026-08-18 23:38:08,803 INFO [metro.cli.main] Replicação concluída (table=dbo.Posts)
