2026-08-22 00:43:59,120 INFO [metro.cli.main] Execution Logger habilitado (url=http://localhost:8001)
2026-08-22 00:43:59,121 INFO [metro.cli.main] Arquivo de log: C:\Users\Vinicius Luiz\Desktop\Scripts\metro\logs\full_load\sqlserver_votes_partition_20260822_004359.log
2026-08-22 00:43:59,121 INFO [metro.cli.main] Carregando task do YAML: tasks\full_load\sqlserver_votes_partition.yaml
2026-08-22 00:44:01,244 INFO [metro.logging.handler] Execução registrada (id=6, table=dbo.Votes -> raw/sqlserver_votes)
2026-08-22 00:44:01,245 INFO [metro.cli.main] Metadados habilitados (source=dbo.Votes, timestamp=2026-08-22T00:44:01)
2026-08-22 00:44:01,246 INFO [metro.cli.main] Iniciando replicação (table=dbo.Votes, mode=full_load, source=sqlserver, target=local)
2026-08-22 00:44:01,246 INFO [metro.sources.sql.sqlserver] Conectando ao SQL Server (runtime=stackoverflow_sql_server_database)
2026-08-22 00:44:01,371 INFO [metro.targets.local] LocalTarget pronto (runtime=development_storage, base_path=local)
2026-08-22 00:44:01,373 INFO [metro.targets.local] Staging iniciado: local\raw\sqlserver_votes\_tmp
2026-08-22 00:44:01,373 INFO [metro.replication.full_load.strategy] Iniciando Full Load particionado (table=dbo.Votes, path=raw/sqlserver_votes, column=CreationDate, granularity=year)
2026-08-22 00:44:01,375 INFO [metro.sources.sql.sqlserver] Query padrão montada para dbo.Votes (6 colunas)
2026-08-22 00:44:01,375 INFO [metro.sources.sql.sqlserver] Lendo SQL Server em batches (runtime=stackoverflow_sql_server_database, chunk_size=50000)
2026-08-22 00:44:02,081 INFO [metro.replication.writer] Materializando parte 1 (path=raw/sqlserver_votes/_tmp/year=2008/part_0001.parquet, rows=200000)
2026-08-22 00:44:02,082 INFO [metro.targets.local] Gravando Parquet em local\raw\sqlserver_votes\_tmp\year=2008\part_0001.parquet
2026-08-22 00:44:02,118 INFO [metro.replication.writer] Garbage collection executado | memory_before_mb=181.1 | memory_after_mb=181.1 | freed_mb=0.0 | freed_percent=0.0 | collected=0
2026-08-22 00:44:02,820 INFO [metro.replication.writer] Materializando parte 2 (path=raw/sqlserver_votes/_tmp/year=2008/part_0002.parquet, rows=200000)
2026-08-22 00:44:02,820 INFO [metro.targets.local] Gravando Parquet em local\raw\sqlserver_votes\_tmp\year=2008\part_0002.parquet
2026-08-22 00:44:02,862 INFO [metro.replication.writer] Garbage collection executado | memory_before_mb=217.7 | memory_after_mb=217.7 | freed_mb=0.0 | freed_percent=0.0 | collected=0
2026-08-22 00:44:03,550 INFO [metro.replication.writer] Materializando parte 3 (path=raw/sqlserver_votes/_tmp/year=2008/part_0003.parquet, rows=200000)
2026-08-22 00:44:03,551 INFO [metro.targets.local] Gravando Parquet em local\raw\sqlserver_votes\_tmp\year=2008\part_0003.parquet
2026-08-22 00:44:03,595 INFO [metro.replication.writer] Garbage collection executado | memory_before_mb=240.9 | memory_after_mb=240.9 | freed_mb=0.0 | freed_percent=0.0 | collected=0
2026-08-22 00:44:04,279 INFO [metro.replication.writer] Materializando parte 4 (path=raw/sqlserver_votes/_tmp/year=2008/part_0004.parquet, rows=200000)
2026-08-22 00:44:04,280 INFO [metro.targets.local] Gravando Parquet em local\raw\sqlserver_votes\_tmp\year=2008\part_0004.parquet
2026-08-22 00:44:04,319 INFO [metro.replication.writer] Garbage collection executado | memory_before_mb=251.3 | memory_after_mb=251.3 | freed_mb=0.0 | freed_percent=0.0 | collected=0
2026-08-22 00:44:05,580 INFO [metro.replication.writer] Materializando parte 1 (path=raw/sqlserver_votes/_tmp/year=2009/part_0001.parquet, rows=200000)
2026-08-22 00:44:05,581 INFO [metro.targets.local] Gravando Parquet em local\raw\sqlserver_votes\_tmp\year=2009\part_0001.parquet
2026-08-22 00:44:05,618 INFO [metro.replication.writer] Garbage collection executado | memory_before_mb=270.8 | memory_after_mb=270.8 | freed_mb=0.0 | freed_percent=0.0 | collected=0
2026-08-22 00:44:06,281 INFO [metro.replication.writer] Materializando parte 2 (path=raw/sqlserver_votes/_tmp/year=2009/part_0002.parquet, rows=200000)
2026-08-22 00:44:06,281 INFO [metro.targets.local] Gravando Parquet em local\raw\sqlserver_votes\_tmp\year=2009\part_0002.parquet
2026-08-22 00:44:06,317 INFO [metro.replication.writer] Garbage collection executado | memory_before_mb=285.0 | memory_after_mb=285.0 | freed_mb=0.0 | freed_percent=0.0 | collected=0
2026-08-22 00:44:06,980 INFO [metro.replication.writer] Materializando parte 3 (path=raw/sqlserver_votes/_tmp/year=2009/part_0003.parquet, rows=200000)
2026-08-22 00:44:06,980 INFO [metro.targets.local] Gravando Parquet em local\raw\sqlserver_votes\_tmp\year=2009\part_0003.parquet
2026-08-22 00:44:07,020 INFO [metro.replication.writer] Garbage collection executado | memory_before_mb=291.1 | memory_after_mb=291.1 | freed_mb=0.0 | freed_percent=0.0 | collected=0
2026-08-22 00:44:07,685 INFO [metro.replication.writer] Materializando parte 4 (path=raw/sqlserver_votes/_tmp/year=2009/part_0004.parquet, rows=200000)
2026-08-22 00:44:07,685 INFO [metro.targets.local] Gravando Parquet em local\raw\sqlserver_votes\_tmp\year=2009\part_0004.parquet
2026-08-22 00:44:07,720 INFO [metro.replication.writer] Garbage collection executado | memory_before_mb=301.7 | memory_after_mb=301.7 | freed_mb=0.0 | freed_percent=0.0 | collected=0
2026-08-22 00:44:08,372 INFO [metro.replication.writer] Materializando parte 5 (path=raw/sqlserver_votes/_tmp/year=2009/part_0005.parquet, rows=200000)
2026-08-22 00:44:08,373 INFO [metro.targets.local] Gravando Parquet em local\raw\sqlserver_votes\_tmp\year=2009\part_0005.parquet
2026-08-22 00:44:08,409 INFO [metro.replication.writer] Garbage collection executado | memory_before_mb=301.0 | memory_after_mb=301.0 | freed_mb=0.0 | freed_percent=0.0 | collected=0
2026-08-22 00:44:09,088 INFO [metro.replication.writer] Materializando parte 6 (path=raw/sqlserver_votes/_tmp/year=2009/part_0006.parquet, rows=200000)
2026-08-22 00:44:09,089 INFO [metro.targets.local] Gravando Parquet em local\raw\sqlserver_votes\_tmp\year=2009\part_0006.parquet
2026-08-22 00:44:09,127 INFO [metro.replication.writer] Garbage collection executado | memory_before_mb=307.7 | memory_after_mb=307.7 | freed_mb=0.0 | freed_percent=0.0 | collected=0
2026-08-22 00:44:09,812 INFO [metro.replication.writer] Materializando parte 7 (path=raw/sqlserver_votes/_tmp/year=2009/part_0007.parquet, rows=200000)
2026-08-22 00:44:09,813 INFO [metro.targets.local] Gravando Parquet em local\raw\sqlserver_votes\_tmp\year=2009\part_0007.parquet
2026-08-22 00:44:09,855 INFO [metro.replication.writer] Garbage collection executado | memory_before_mb=315.0 | memory_after_mb=315.0 | freed_mb=0.0 | freed_percent=0.0 | collected=0
2026-08-22 00:44:10,517 INFO [metro.replication.writer] Materializando parte 8 (path=raw/sqlserver_votes/_tmp/year=2009/part_0008.parquet, rows=200000)
2026-08-22 00:44:10,518 INFO [metro.targets.local] Gravando Parquet em local\raw\sqlserver_votes\_tmp\year=2009\part_0008.parquet
2026-08-22 00:44:10,556 INFO [metro.replication.writer] Garbage collection executado | memory_before_mb=316.4 | memory_after_mb=316.4 | freed_mb=0.0 | freed_percent=0.0 | collected=0
2026-08-22 00:44:11,359 INFO [metro.replication.writer] Materializando parte 9 (path=raw/sqlserver_votes/_tmp/year=2009/part_0009.parquet, rows=200000)
2026-08-22 00:44:11,360 INFO [metro.targets.local] Gravando Parquet em local\raw\sqlserver_votes\_tmp\year=2009\part_0009.parquet
2026-08-22 00:44:11,400 INFO [metro.replication.writer] Garbage collection executado | memory_before_mb=326.0 | memory_after_mb=326.0 | freed_mb=0.0 | freed_percent=0.0 | collected=0
2026-08-22 00:44:12,195 INFO [metro.replication.writer] Materializando parte 10 (path=raw/sqlserver_votes/_tmp/year=2009/part_0010.parquet, rows=200000)
2026-08-22 00:44:12,195 INFO [metro.targets.local] Gravando Parquet em local\raw\sqlserver_votes\_tmp\year=2009\part_0010.parquet
2026-08-22 00:44:12,234 INFO [metro.replication.writer] Garbage collection executado | memory_before_mb=341.7 | memory_after_mb=341.7 | freed_mb=0.0 | freed_percent=0.0 | collected=0
2026-08-22 00:44:12,929 INFO [metro.replication.writer] Materializando parte 11 (path=raw/sqlserver_votes/_tmp/year=2009/part_0011.parquet, rows=200000)
2026-08-22 00:44:12,930 INFO [metro.targets.local] Gravando Parquet em local\raw\sqlserver_votes\_tmp\year=2009\part_0011.parquet
2026-08-22 00:44:12,970 INFO [metro.replication.writer] Garbage collection executado | memory_before_mb=332.5 | memory_after_mb=332.5 | freed_mb=0.0 | freed_percent=0.0 | collected=0
2026-08-22 00:44:13,769 INFO [metro.replication.writer] Materializando parte 12 (path=raw/sqlserver_votes/_tmp/year=2009/part_0012.parquet, rows=200000)
2026-08-22 00:44:13,769 INFO [metro.targets.local] Gravando Parquet em local\raw\sqlserver_votes\_tmp\year=2009\part_0012.parquet
2026-08-22 00:44:13,809 INFO [metro.replication.writer] Garbage collection executado | memory_before_mb=338.9 | memory_after_mb=338.9 | freed_mb=0.0 | freed_percent=0.0 | collected=0
2026-08-22 00:44:14,633 INFO [metro.replication.writer] Materializando parte 13 (path=raw/sqlserver_votes/_tmp/year=2009/part_0013.parquet, rows=200000)
2026-08-22 00:44:14,633 INFO [metro.targets.local] Gravando Parquet em local\raw\sqlserver_votes\_tmp\year=2009\part_0013.parquet
2026-08-22 00:44:14,673 INFO [metro.replication.writer] Garbage collection executado | memory_before_mb=339.2 | memory_after_mb=339.2 | freed_mb=0.0 | freed_percent=0.0 | collected=0
2026-08-22 00:44:15,759 INFO [metro.replication.writer] Materializando parte 14 (path=raw/sqlserver_votes/_tmp/year=2009/part_0014.parquet, rows=200000)
2026-08-22 00:44:15,760 INFO [metro.targets.local] Gravando Parquet em local\raw\sqlserver_votes\_tmp\year=2009\part_0014.parquet
2026-08-22 00:44:15,804 INFO [metro.replication.writer] Garbage collection executado | memory_before_mb=338.4 | memory_after_mb=338.4 | freed_mb=0.0 | freed_percent=0.0 | collected=0
2026-08-22 00:44:16,570 INFO [metro.replication.writer] Materializando parte 15 (path=raw/sqlserver_votes/_tmp/year=2009/part_0015.parquet, rows=200000)
2026-08-22 00:44:16,571 INFO [metro.targets.local] Gravando Parquet em local\raw\sqlserver_votes\_tmp\year=2009\part_0015.parquet
2026-08-22 00:44:16,611 INFO [metro.replication.writer] Garbage collection executado | memory_before_mb=346.3 | memory_after_mb=346.3 | freed_mb=0.0 | freed_percent=0.0 | collected=0
2026-08-22 00:44:17,306 INFO [metro.replication.writer] Materializando parte 16 (path=raw/sqlserver_votes/_tmp/year=2009/part_0016.parquet, rows=200000)
2026-08-22 00:44:17,306 INFO [metro.targets.local] Gravando Parquet em local\raw\sqlserver_votes\_tmp\year=2009\part_0016.parquet
2026-08-22 00:44:17,346 INFO [metro.replication.writer] Garbage collection executado | memory_before_mb=350.5 | memory_after_mb=350.5 | freed_mb=0.0 | freed_percent=0.0 | collected=0
2026-08-22 00:44:18,133 INFO [metro.replication.writer] Materializando parte 17 (path=raw/sqlserver_votes/_tmp/year=2009/part_0017.parquet, rows=200000)
2026-08-22 00:44:18,133 INFO [metro.targets.local] Gravando Parquet em local\raw\sqlserver_votes\_tmp\year=2009\part_0017.parquet
2026-08-22 00:44:18,174 INFO [metro.replication.writer] Garbage collection executado | memory_before_mb=353.4 | memory_after_mb=353.4 | freed_mb=0.0 | freed_percent=0.0 | collected=0
2026-08-22 00:44:18,894 INFO [metro.replication.writer] Materializando parte 18 (path=raw/sqlserver_votes/_tmp/year=2009/part_0018.parquet, rows=200000)
2026-08-22 00:44:18,895 INFO [metro.targets.local] Gravando Parquet em local\raw\sqlserver_votes\_tmp\year=2009\part_0018.parquet
2026-08-22 00:44:18,937 INFO [metro.replication.writer] Garbage collection executado | memory_before_mb=356.4 | memory_after_mb=356.4 | freed_mb=0.0 | freed_percent=0.0 | collected=0
2026-08-22 00:44:19,991 INFO [metro.replication.writer] Materializando parte 1 (path=raw/sqlserver_votes/_tmp/year=2010/part_0001.parquet, rows=200000)
2026-08-22 00:44:19,992 INFO [metro.targets.local] Gravando Parquet em local\raw\sqlserver_votes\_tmp\year=2010\part_0001.parquet
2026-08-22 00:44:20,032 INFO [metro.replication.writer] Garbage collection executado | memory_before_mb=364.7 | memory_after_mb=364.7 | freed_mb=0.0 | freed_percent=0.0 | collected=0
2026-08-22 00:44:20,721 INFO [metro.replication.writer] Materializando parte 2 (path=raw/sqlserver_votes/_tmp/year=2010/part_0002.parquet, rows=200000)
2026-08-22 00:44:20,721 INFO [metro.targets.local] Gravando Parquet em local\raw\sqlserver_votes\_tmp\year=2010\part_0002.parquet
2026-08-22 00:44:20,763 INFO [metro.replication.writer] Garbage collection executado | memory_before_mb=373.0 | memory_after_mb=373.0 | freed_mb=0.0 | freed_percent=0.0 | collected=0
2026-08-22 00:44:21,560 INFO [metro.replication.writer] Materializando parte 3 (path=raw/sqlserver_votes/_tmp/year=2010/part_0003.parquet, rows=200000)
2026-08-22 00:44:21,561 INFO [metro.targets.local] Gravando Parquet em local\raw\sqlserver_votes\_tmp\year=2010\part_0003.parquet
2026-08-22 00:44:21,600 INFO [metro.replication.writer] Garbage collection executado | memory_before_mb=373.8 | memory_after_mb=373.8 | freed_mb=0.0 | freed_percent=0.0 | collected=0
2026-08-22 00:44:22,311 INFO [metro.replication.writer] Materializando parte 4 (path=raw/sqlserver_votes/_tmp/year=2010/part_0004.parquet, rows=200000)
2026-08-22 00:44:22,311 INFO [metro.targets.local] Gravando Parquet em local\raw\sqlserver_votes\_tmp\year=2010\part_0004.parquet
2026-08-22 00:44:22,406 INFO [metro.replication.writer] Garbage collection executado | memory_before_mb=377.6 | memory_after_mb=377.6 | freed_mb=0.0 | freed_percent=0.0 | collected=0
2026-08-22 00:44:23,132 INFO [metro.replication.writer] Materializando parte 5 (path=raw/sqlserver_votes/_tmp/year=2010/part_0005.parquet, rows=200000)
2026-08-22 00:44:23,132 INFO [metro.targets.local] Gravando Parquet em local\raw\sqlserver_votes\_tmp\year=2010\part_0005.parquet
2026-08-22 00:44:23,177 INFO [metro.replication.writer] Garbage collection executado | memory_before_mb=380.2 | memory_after_mb=380.2 | freed_mb=0.0 | freed_percent=0.0 | collected=0
2026-08-22 00:44:23,961 INFO [metro.replication.writer] Materializando parte 6 (path=raw/sqlserver_votes/_tmp/year=2010/part_0006.parquet, rows=200000)
2026-08-22 00:44:23,961 INFO [metro.targets.local] Gravando Parquet em local\raw\sqlserver_votes\_tmp\year=2010\part_0006.parquet
2026-08-22 00:44:24,001 INFO [metro.replication.writer] Garbage collection executado | memory_before_mb=391.3 | memory_after_mb=391.3 | freed_mb=0.0 | freed_percent=0.0 | collected=0
2026-08-22 00:44:24,812 INFO [metro.replication.writer] Materializando parte 7 (path=raw/sqlserver_votes/_tmp/year=2010/part_0007.parquet, rows=200000)
2026-08-22 00:44:24,813 INFO [metro.targets.local] Gravando Parquet em local\raw\sqlserver_votes\_tmp\year=2010\part_0007.parquet
2026-08-22 00:44:24,867 INFO [metro.replication.writer] Garbage collection executado | memory_before_mb=376.1 | memory_after_mb=376.1 | freed_mb=0.0 | freed_percent=0.0 | collected=0
2026-08-22 00:44:25,564 INFO [metro.replication.writer] Materializando parte 8 (path=raw/sqlserver_votes/_tmp/year=2010/part_0008.parquet, rows=200000)
2026-08-22 00:44:25,565 INFO [metro.targets.local] Gravando Parquet em local\raw\sqlserver_votes\_tmp\year=2010\part_0008.parquet
2026-08-22 00:44:25,604 INFO [metro.replication.writer] Garbage collection executado | memory_before_mb=377.2 | memory_after_mb=377.2 | freed_mb=0.0 | freed_percent=0.0 | collected=0
2026-08-22 00:44:26,402 INFO [metro.replication.writer] Materializando parte 9 (path=raw/sqlserver_votes/_tmp/year=2010/part_0009.parquet, rows=200000)
2026-08-22 00:44:26,403 INFO [metro.targets.local] Gravando Parquet em local\raw\sqlserver_votes\_tmp\year=2010\part_0009.parquet
2026-08-22 00:44:26,446 INFO [metro.replication.writer] Garbage collection executado | memory_before_mb=377.2 | memory_after_mb=377.2 | freed_mb=0.0 | freed_percent=0.0 | collected=0
2026-08-22 00:44:27,122 INFO [metro.replication.writer] Materializando parte 10 (path=raw/sqlserver_votes/_tmp/year=2010/part_0010.parquet, rows=200000)
2026-08-22 00:44:27,123 INFO [metro.targets.local] Gravando Parquet em local\raw\sqlserver_votes\_tmp\year=2010\part_0010.parquet
2026-08-22 00:44:27,163 INFO [metro.replication.writer] Garbage collection executado | memory_before_mb=383.8 | memory_after_mb=383.8 | freed_mb=0.0 | freed_percent=0.0 | collected=0
2026-08-22 00:44:27,862 INFO [metro.replication.writer] Materializando parte 11 (path=raw/sqlserver_votes/_tmp/year=2010/part_0011.parquet, rows=200000)
2026-08-22 00:44:27,862 INFO [metro.targets.local] Gravando Parquet em local\raw\sqlserver_votes\_tmp\year=2010\part_0011.parquet
2026-08-22 00:44:27,904 INFO [metro.replication.writer] Garbage collection executado | memory_before_mb=381.0 | memory_after_mb=381.0 | freed_mb=0.0 | freed_percent=0.0 | collected=0
2026-08-22 00:44:28,596 INFO [metro.replication.writer] Materializando parte 12 (path=raw/sqlserver_votes/_tmp/year=2010/part_0012.parquet, rows=200000)
2026-08-22 00:44:28,597 INFO [metro.targets.local] Gravando Parquet em local\raw\sqlserver_votes\_tmp\year=2010\part_0012.parquet
2026-08-22 00:44:28,636 INFO [metro.replication.writer] Garbage collection executado | memory_before_mb=380.3 | memory_after_mb=380.3 | freed_mb=0.0 | freed_percent=0.0 | collected=0
2026-08-22 00:44:29,347 INFO [metro.replication.writer] Materializando parte 13 (path=raw/sqlserver_votes/_tmp/year=2010/part_0013.parquet, rows=200000)
2026-08-22 00:44:29,348 INFO [metro.targets.local] Gravando Parquet em local\raw\sqlserver_votes\_tmp\year=2010\part_0013.parquet
2026-08-22 00:44:29,389 INFO [metro.replication.writer] Garbage collection executado | memory_before_mb=386.9 | memory_after_mb=386.9 | freed_mb=0.0 | freed_percent=0.0 | collected=0
2026-08-22 00:44:30,091 INFO [metro.replication.writer] Materializando parte 14 (path=raw/sqlserver_votes/_tmp/year=2010/part_0014.parquet, rows=200000)
2026-08-22 00:44:30,092 INFO [metro.targets.local] Gravando Parquet em local\raw\sqlserver_votes\_tmp\year=2010\part_0014.parquet
2026-08-22 00:44:30,131 INFO [metro.replication.writer] Garbage collection executado | memory_before_mb=387.5 | memory_after_mb=387.5 | freed_mb=0.0 | freed_percent=0.0 | collected=0
2026-08-22 00:44:30,880 INFO [metro.replication.writer] Materializando parte 15 (path=raw/sqlserver_votes/_tmp/year=2010/part_0015.parquet, rows=200000)
2026-08-22 00:44:30,881 INFO [metro.targets.local] Gravando Parquet em local\raw\sqlserver_votes\_tmp\year=2010\part_0015.parquet
2026-08-22 00:44:30,923 INFO [metro.replication.writer] Garbage collection executado | memory_before_mb=389.9 | memory_after_mb=389.9 | freed_mb=0.0 | freed_percent=0.0 | collected=0
2026-08-22 00:44:31,611 INFO [metro.replication.writer] Materializando parte 16 (path=raw/sqlserver_votes/_tmp/year=2010/part_0016.parquet, rows=200000)
2026-08-22 00:44:31,612 INFO [metro.targets.local] Gravando Parquet em local\raw\sqlserver_votes\_tmp\year=2010\part_0016.parquet
2026-08-22 00:44:31,659 INFO [metro.replication.writer] Garbage collection executado | memory_before_mb=358.2 | memory_after_mb=358.2 | freed_mb=0.0 | freed_percent=0.0 | collected=0
2026-08-22 00:44:32,356 INFO [metro.replication.writer] Materializando parte 17 (path=raw/sqlserver_votes/_tmp/year=2010/part_0017.parquet, rows=200000)
2026-08-22 00:44:32,357 INFO [metro.targets.local] Gravando Parquet em local\raw\sqlserver_votes\_tmp\year=2010\part_0017.parquet
2026-08-22 00:44:32,396 INFO [metro.replication.writer] Garbage collection executado | memory_before_mb=390.3 | memory_after_mb=390.3 | freed_mb=0.0 | freed_percent=0.0 | collected=0
2026-08-22 00:44:33,113 INFO [metro.replication.writer] Materializando parte 18 (path=raw/sqlserver_votes/_tmp/year=2010/part_0018.parquet, rows=200000)
2026-08-22 00:44:33,113 INFO [metro.targets.local] Gravando Parquet em local\raw\sqlserver_votes\_tmp\year=2010\part_0018.parquet
2026-08-22 00:44:33,154 INFO [metro.replication.writer] Garbage collection executado | memory_before_mb=389.2 | memory_after_mb=389.2 | freed_mb=0.0 | freed_percent=0.0 | collected=0
2026-08-22 00:44:33,861 INFO [metro.replication.writer] Materializando parte 19 (path=raw/sqlserver_votes/_tmp/year=2010/part_0019.parquet, rows=200000)
2026-08-22 00:44:33,861 INFO [metro.targets.local] Gravando Parquet em local\raw\sqlserver_votes\_tmp\year=2010\part_0019.parquet
2026-08-22 00:44:33,904 INFO [metro.replication.writer] Garbage collection executado | memory_before_mb=387.8 | memory_after_mb=387.8 | freed_mb=0.0 | freed_percent=0.0 | collected=0
2026-08-22 00:44:34,621 INFO [metro.replication.writer] Materializando parte 20 (path=raw/sqlserver_votes/_tmp/year=2010/part_0020.parquet, rows=200000)
2026-08-22 00:44:34,621 INFO [metro.targets.local] Gravando Parquet em local\raw\sqlserver_votes\_tmp\year=2010\part_0020.parquet
2026-08-22 00:44:34,668 INFO [metro.replication.writer] Garbage collection executado | memory_before_mb=390.9 | memory_after_mb=390.9 | freed_mb=0.0 | freed_percent=0.0 | collected=0
2026-08-22 00:44:35,388 INFO [metro.replication.writer] Materializando parte 21 (path=raw/sqlserver_votes/_tmp/year=2010/part_0021.parquet, rows=200000)
2026-08-22 00:44:35,389 INFO [metro.targets.local] Gravando Parquet em local\raw\sqlserver_votes\_tmp\year=2010\part_0021.parquet
2026-08-22 00:44:35,429 INFO [metro.replication.writer] Garbage collection executado | memory_before_mb=397.3 | memory_after_mb=397.3 | freed_mb=0.0 | freed_percent=0.0 | collected=0
2026-08-22 00:44:36,182 INFO [metro.replication.writer] Materializando parte 22 (path=raw/sqlserver_votes/_tmp/year=2010/part_0022.parquet, rows=200000)
2026-08-22 00:44:36,183 INFO [metro.targets.local] Gravando Parquet em local\raw\sqlserver_votes\_tmp\year=2010\part_0022.parquet
2026-08-22 00:44:36,229 INFO [metro.replication.writer] Garbage collection executado | memory_before_mb=399.4 | memory_after_mb=399.4 | freed_mb=0.0 | freed_percent=0.0 | collected=0
2026-08-22 00:44:36,915 INFO [metro.replication.writer] Materializando parte 23 (path=raw/sqlserver_votes/_tmp/year=2010/part_0023.parquet, rows=200000)
2026-08-22 00:44:36,916 INFO [metro.targets.local] Gravando Parquet em local\raw\sqlserver_votes\_tmp\year=2010\part_0023.parquet
2026-08-22 00:44:36,959 INFO [metro.replication.writer] Garbage collection executado | memory_before_mb=412.1 | memory_after_mb=412.1 | freed_mb=0.0 | freed_percent=0.0 | collected=0
2026-08-22 00:44:37,671 INFO [metro.replication.writer] Materializando parte 24 (path=raw/sqlserver_votes/_tmp/year=2010/part_0024.parquet, rows=200000)
2026-08-22 00:44:37,672 INFO [metro.targets.local] Gravando Parquet em local\raw\sqlserver_votes\_tmp\year=2010\part_0024.parquet
2026-08-22 00:44:37,714 INFO [metro.replication.writer] Garbage collection executado | memory_before_mb=401.2 | memory_after_mb=401.2 | freed_mb=0.0 | freed_percent=0.0 | collected=0
2026-08-22 00:44:38,413 INFO [metro.replication.writer] Materializando parte 25 (path=raw/sqlserver_votes/_tmp/year=2010/part_0025.parquet, rows=200000)
2026-08-22 00:44:38,414 INFO [metro.targets.local] Gravando Parquet em local\raw\sqlserver_votes\_tmp\year=2010\part_0025.parquet
2026-08-22 00:44:38,454 INFO [metro.replication.writer] Garbage collection executado | memory_before_mb=394.2 | memory_after_mb=394.2 | freed_mb=0.0 | freed_percent=0.0 | collected=0
2026-08-22 00:44:39,166 INFO [metro.replication.writer] Materializando parte 26 (path=raw/sqlserver_votes/_tmp/year=2010/part_0026.parquet, rows=200000)
2026-08-22 00:44:39,166 INFO [metro.targets.local] Gravando Parquet em local\raw\sqlserver_votes\_tmp\year=2010\part_0026.parquet
2026-08-22 00:44:39,207 INFO [metro.replication.writer] Garbage collection executado | memory_before_mb=408.4 | memory_after_mb=408.4 | freed_mb=0.0 | freed_percent=0.0 | collected=0
2026-08-22 00:44:39,916 INFO [metro.replication.writer] Materializando parte 27 (path=raw/sqlserver_votes/_tmp/year=2010/part_0027.parquet, rows=200000)
2026-08-22 00:44:39,916 INFO [metro.targets.local] Gravando Parquet em local\raw\sqlserver_votes\_tmp\year=2010\part_0027.parquet
2026-08-22 00:44:39,959 INFO [metro.replication.writer] Garbage collection executado | memory_before_mb=407.4 | memory_after_mb=407.4 | freed_mb=0.0 | freed_percent=0.0 | collected=0
2026-08-22 00:44:40,280 INFO [metro.replication.writer] Materializando parte 5 (path=raw/sqlserver_votes/_tmp/year=2008/part_0005.parquet, rows=127269)
2026-08-22 00:44:40,281 INFO [metro.targets.local] Gravando Parquet em local\raw\sqlserver_votes\_tmp\year=2008\part_0005.parquet
2026-08-22 00:44:40,305 INFO [metro.replication.writer] Garbage collection executado | memory_before_mb=408.8 | memory_after_mb=408.8 | freed_mb=0.0 | freed_percent=0.0 | collected=0
2026-08-22 00:44:40,307 INFO [metro.replication.writer] Materializando parte 19 (path=raw/sqlserver_votes/_tmp/year=2009/part_0019.parquet, rows=86772)
2026-08-22 00:44:40,307 INFO [metro.targets.local] Gravando Parquet em local\raw\sqlserver_votes\_tmp\year=2009\part_0019.parquet
2026-08-22 00:44:40,329 INFO [metro.replication.writer] Garbage collection executado | memory_before_mb=409.0 | memory_after_mb=409.0 | freed_mb=0.0 | freed_percent=0.0 | collected=0
2026-08-22 00:44:40,330 INFO [metro.replication.writer] Materializando parte 28 (path=raw/sqlserver_votes/_tmp/year=2010/part_0028.parquet, rows=129323)
2026-08-22 00:44:40,331 INFO [metro.targets.local] Gravando Parquet em local\raw\sqlserver_votes\_tmp\year=2010\part_0028.parquet
2026-08-22 00:44:40,359 INFO [metro.replication.writer] Garbage collection executado | memory_before_mb=408.0 | memory_after_mb=407.0 | freed_mb=1.0 | freed_percent=0.2 | collected=0
2026-08-22 00:44:40,359 INFO [metro.replication.writer] Materialização particionada concluída (rows=10143364, files=52, read_batches=203, partitions_written=3, tracked_max=N/A)
2026-08-22 00:44:40,360 INFO [metro.replication.full_load.strategy] Full Load particionado concluído (table=dbo.Votes, rows=10143364)
2026-08-22 00:44:40,400 INFO [metro.targets.local] Staging commitado (dataset=raw/sqlserver_votes)
2026-08-22 00:44:40,401 INFO [metro.sources.sql.sqlserver] Conexão SQL Server encerrada (runtime=stackoverflow_sql_server_database)
2026-08-22 00:44:42,527 INFO [metro.logging.handler] Execução finalizada (id=6, status=success, rows=10143364, duration=41.28s)
2026-08-22 00:44:42,528 INFO [metro.cli.main] Replicação concluída (table=dbo.Votes)
