2026-08-18 23:33:30,911 INFO [metro.cli.main] Arquivo de log: C:\Users\Vinicius Luiz\Desktop\Scripts\metro\logs\full_load\sqlserver_comments_20260818_233330.log
2026-08-18 23:33:30,911 INFO [metro.cli.main] Carregando task do YAML: tasks\full_load\sqlserver_comments.yaml
2026-08-18 23:33:30,913 INFO [metro.cli.main] Metadados habilitados (source=dbo.Comments, timestamp=2026-08-18T23:33:30)
2026-08-18 23:33:30,914 INFO [metro.cli.main] Iniciando replicação (table=dbo.Comments, mode=full_load, source=sqlserver, target=local)
2026-08-18 23:33:30,914 INFO [metro.sources.sql.sqlserver] Conectando ao SQL Server (runtime=stackoverflow_sql_server_database)
2026-08-18 23:33:31,124 INFO [metro.targets.local] LocalTarget pronto (runtime=development_storage, base_path=local)
2026-08-18 23:33:31,126 INFO [metro.targets.local] Staging iniciado: local\raw\sqlserver_comments\_tmp
2026-08-18 23:33:31,126 INFO [metro.replication.full_load.strategy] Iniciando Full Load em batches (table=dbo.Comments, path=raw/sqlserver_comments, source.chunk_size=50000, target.chunk_size=200000)
2026-08-18 23:33:31,127 INFO [metro.sources.sql.sqlserver] Query padrão montada para dbo.Comments (6 colunas)
2026-08-18 23:33:31,127 INFO [metro.sources.sql.sqlserver] Lendo SQL Server em batches (runtime=stackoverflow_sql_server_database, chunk_size=50000)
2026-08-18 23:33:32,607 INFO [metro.replication.writer] Materializando parte 1 (path=raw/sqlserver_comments/_tmp/part_0001.parquet, rows=200000)
2026-08-18 23:33:32,607 INFO [metro.targets.local] Gravando Parquet em local\raw\sqlserver_comments\_tmp\part_0001.parquet
2026-08-18 23:33:32,801 INFO [metro.replication.writer] Garbage collection executado | memory_before_mb=259.8 | memory_after_mb=259.8 | freed_mb=0.0 | freed_percent=0.0 | collected=0
2026-08-18 23:33:34,264 INFO [metro.replication.writer] Materializando parte 2 (path=raw/sqlserver_comments/_tmp/part_0002.parquet, rows=200000)
2026-08-18 23:33:34,265 INFO [metro.targets.local] Gravando Parquet em local\raw\sqlserver_comments\_tmp\part_0002.parquet
2026-08-18 23:33:34,542 INFO [metro.replication.writer] Garbage collection executado | memory_before_mb=288.3 | memory_after_mb=288.3 | freed_mb=0.0 | freed_percent=0.0 | collected=0
2026-08-18 23:33:36,430 INFO [metro.replication.writer] Materializando parte 3 (path=raw/sqlserver_comments/_tmp/part_0003.parquet, rows=200000)
2026-08-18 23:33:36,430 INFO [metro.targets.local] Gravando Parquet em local\raw\sqlserver_comments\_tmp\part_0003.parquet
2026-08-18 23:33:36,590 INFO [metro.replication.writer] Garbage collection executado | memory_before_mb=314.6 | memory_after_mb=314.6 | freed_mb=0.0 | freed_percent=0.0 | collected=0
2026-08-18 23:33:38,094 INFO [metro.replication.writer] Materializando parte 4 (path=raw/sqlserver_comments/_tmp/part_0004.parquet, rows=200000)
2026-08-18 23:33:38,095 INFO [metro.targets.local] Gravando Parquet em local\raw\sqlserver_comments\_tmp\part_0004.parquet
2026-08-18 23:33:38,268 INFO [metro.replication.writer] Garbage collection executado | memory_before_mb=325.8 | memory_after_mb=325.8 | freed_mb=0.0 | freed_percent=0.0 | collected=0
2026-08-18 23:33:39,892 INFO [metro.replication.writer] Materializando parte 5 (path=raw/sqlserver_comments/_tmp/part_0005.parquet, rows=200000)
2026-08-18 23:33:39,893 INFO [metro.targets.local] Gravando Parquet em local\raw\sqlserver_comments\_tmp\part_0005.parquet
2026-08-18 23:33:40,064 INFO [metro.replication.writer] Garbage collection executado | memory_before_mb=342.2 | memory_after_mb=342.2 | freed_mb=0.0 | freed_percent=0.0 | collected=0
2026-08-18 23:33:41,550 INFO [metro.replication.writer] Materializando parte 6 (path=raw/sqlserver_comments/_tmp/part_0006.parquet, rows=200000)
2026-08-18 23:33:41,551 INFO [metro.targets.local] Gravando Parquet em local\raw\sqlserver_comments\_tmp\part_0006.parquet
2026-08-18 23:33:41,716 INFO [metro.replication.writer] Garbage collection executado | memory_before_mb=356.4 | memory_after_mb=356.4 | freed_mb=0.0 | freed_percent=0.0 | collected=0
2026-08-18 23:33:43,557 INFO [metro.replication.writer] Materializando parte 7 (path=raw/sqlserver_comments/_tmp/part_0007.parquet, rows=200000)
2026-08-18 23:33:43,558 INFO [metro.targets.local] Gravando Parquet em local\raw\sqlserver_comments\_tmp\part_0007.parquet
2026-08-18 23:33:43,791 INFO [metro.replication.writer] Garbage collection executado | memory_before_mb=363.2 | memory_after_mb=363.2 | freed_mb=0.0 | freed_percent=0.0 | collected=0
2026-08-18 23:33:45,539 INFO [metro.replication.writer] Materializando parte 8 (path=raw/sqlserver_comments/_tmp/part_0008.parquet, rows=200000)
2026-08-18 23:33:45,540 INFO [metro.targets.local] Gravando Parquet em local\raw\sqlserver_comments\_tmp\part_0008.parquet
2026-08-18 23:33:45,717 INFO [metro.replication.writer] Garbage collection executado | memory_before_mb=382.0 | memory_after_mb=382.0 | freed_mb=0.0 | freed_percent=0.0 | collected=0
2026-08-18 23:33:47,232 INFO [metro.replication.writer] Materializando parte 9 (path=raw/sqlserver_comments/_tmp/part_0009.parquet, rows=200000)
2026-08-18 23:33:47,233 INFO [metro.targets.local] Gravando Parquet em local\raw\sqlserver_comments\_tmp\part_0009.parquet
2026-08-18 23:33:47,433 INFO [metro.replication.writer] Garbage collection executado | memory_before_mb=380.0 | memory_after_mb=380.0 | freed_mb=0.0 | freed_percent=0.0 | collected=0
2026-08-18 23:33:48,966 INFO [metro.replication.writer] Materializando parte 10 (path=raw/sqlserver_comments/_tmp/part_0010.parquet, rows=200000)
2026-08-18 23:33:48,967 INFO [metro.targets.local] Gravando Parquet em local\raw\sqlserver_comments\_tmp\part_0010.parquet
2026-08-18 23:33:49,132 INFO [metro.replication.writer] Garbage collection executado | memory_before_mb=380.0 | memory_after_mb=380.0 | freed_mb=0.0 | freed_percent=0.0 | collected=0
2026-08-18 23:33:50,564 INFO [metro.replication.writer] Materializando parte 11 (path=raw/sqlserver_comments/_tmp/part_0011.parquet, rows=200000)
2026-08-18 23:33:50,565 INFO [metro.targets.local] Gravando Parquet em local\raw\sqlserver_comments\_tmp\part_0011.parquet
2026-08-18 23:33:50,748 INFO [metro.replication.writer] Garbage collection executado | memory_before_mb=390.8 | memory_after_mb=390.8 | freed_mb=0.0 | freed_percent=0.0 | collected=0
2026-08-18 23:33:52,232 INFO [metro.replication.writer] Materializando parte 12 (path=raw/sqlserver_comments/_tmp/part_0012.parquet, rows=200000)
2026-08-18 23:33:52,233 INFO [metro.targets.local] Gravando Parquet em local\raw\sqlserver_comments\_tmp\part_0012.parquet
2026-08-18 23:33:52,413 INFO [metro.replication.writer] Garbage collection executado | memory_before_mb=393.6 | memory_after_mb=393.6 | freed_mb=0.0 | freed_percent=0.0 | collected=0
2026-08-18 23:33:53,841 INFO [metro.replication.writer] Materializando parte 13 (path=raw/sqlserver_comments/_tmp/part_0013.parquet, rows=200000)
2026-08-18 23:33:53,842 INFO [metro.targets.local] Gravando Parquet em local\raw\sqlserver_comments\_tmp\part_0013.parquet
2026-08-18 23:33:54,089 INFO [metro.replication.writer] Garbage collection executado | memory_before_mb=388.8 | memory_after_mb=388.8 | freed_mb=0.0 | freed_percent=0.0 | collected=0
2026-08-18 23:33:55,526 INFO [metro.replication.writer] Materializando parte 14 (path=raw/sqlserver_comments/_tmp/part_0014.parquet, rows=200000)
2026-08-18 23:33:55,527 INFO [metro.targets.local] Gravando Parquet em local\raw\sqlserver_comments\_tmp\part_0014.parquet
2026-08-18 23:33:55,698 INFO [metro.replication.writer] Garbage collection executado | memory_before_mb=390.1 | memory_after_mb=390.1 | freed_mb=0.0 | freed_percent=0.0 | collected=0
2026-08-18 23:33:57,193 INFO [metro.replication.writer] Materializando parte 15 (path=raw/sqlserver_comments/_tmp/part_0015.parquet, rows=200000)
2026-08-18 23:33:57,193 INFO [metro.targets.local] Gravando Parquet em local\raw\sqlserver_comments\_tmp\part_0015.parquet
2026-08-18 23:33:57,391 INFO [metro.replication.writer] Garbage collection executado | memory_before_mb=393.7 | memory_after_mb=393.7 | freed_mb=0.0 | freed_percent=0.0 | collected=0
2026-08-18 23:33:58,853 INFO [metro.replication.writer] Materializando parte 16 (path=raw/sqlserver_comments/_tmp/part_0016.parquet, rows=200000)
2026-08-18 23:33:58,853 INFO [metro.targets.local] Gravando Parquet em local\raw\sqlserver_comments\_tmp\part_0016.parquet
2026-08-18 23:33:59,034 INFO [metro.replication.writer] Garbage collection executado | memory_before_mb=399.3 | memory_after_mb=399.3 | freed_mb=0.0 | freed_percent=0.0 | collected=0
2026-08-18 23:34:00,561 INFO [metro.replication.writer] Materializando parte 17 (path=raw/sqlserver_comments/_tmp/part_0017.parquet, rows=200000)
2026-08-18 23:34:00,561 INFO [metro.targets.local] Gravando Parquet em local\raw\sqlserver_comments\_tmp\part_0017.parquet
2026-08-18 23:34:00,735 INFO [metro.replication.writer] Garbage collection executado | memory_before_mb=410.0 | memory_after_mb=410.0 | freed_mb=0.0 | freed_percent=0.0 | collected=0
2026-08-18 23:34:02,403 INFO [metro.replication.writer] Materializando parte 18 (path=raw/sqlserver_comments/_tmp/part_0018.parquet, rows=200000)
2026-08-18 23:34:02,404 INFO [metro.targets.local] Gravando Parquet em local\raw\sqlserver_comments\_tmp\part_0018.parquet
2026-08-18 23:34:02,580 INFO [metro.replication.writer] Garbage collection executado | memory_before_mb=376.4 | memory_after_mb=376.4 | freed_mb=0.0 | freed_percent=0.0 | collected=0
2026-08-18 23:34:03,993 INFO [metro.replication.writer] Materializando parte 19 (path=raw/sqlserver_comments/_tmp/part_0019.parquet, rows=200000)
2026-08-18 23:34:03,993 INFO [metro.targets.local] Gravando Parquet em local\raw\sqlserver_comments\_tmp\part_0019.parquet
2026-08-18 23:34:04,156 INFO [metro.replication.writer] Garbage collection executado | memory_before_mb=400.7 | memory_after_mb=400.7 | freed_mb=0.0 | freed_percent=0.0 | collected=0
2026-08-18 23:34:04,910 INFO [metro.replication.writer] Materializando parte 20 (path=raw/sqlserver_comments/_tmp/part_0020.parquet, rows=75183)
2026-08-18 23:34:04,911 INFO [metro.targets.local] Gravando Parquet em local\raw\sqlserver_comments\_tmp\part_0020.parquet
2026-08-18 23:34:05,017 INFO [metro.replication.writer] Garbage collection executado | memory_before_mb=295.1 | memory_after_mb=290.1 | freed_mb=5.0 | freed_percent=1.7 | collected=0
2026-08-18 23:34:05,017 INFO [metro.replication.writer] Materialização em batches concluída (rows=3875183, files=20, read_batches=78, tracked_max=N/A)
2026-08-18 23:34:05,017 INFO [metro.replication.full_load.strategy] Full Load concluído (table=dbo.Comments, rows=3875183)
2026-08-18 23:34:05,033 INFO [metro.targets.local] Staging commitado (dataset=raw/sqlserver_comments)
2026-08-18 23:34:05,034 INFO [metro.sources.sql.sqlserver] Conexão SQL Server encerrada (runtime=stackoverflow_sql_server_database)
2026-08-18 23:34:05,034 INFO [metro.cli.main] Replicação concluída (table=dbo.Comments)
