2026-08-18 23:34:38,830 INFO [metro.cli.main] Arquivo de log: C:\Users\Vinicius Luiz\Desktop\Scripts\metro\logs\full_load\sqlserver_votes_partition_20260818_233438.log
2026-08-18 23:34:38,830 INFO [metro.cli.main] Carregando task do YAML: tasks\full_load\sqlserver_votes_partition.yaml
2026-08-18 23:34:38,832 INFO [metro.cli.main] Metadados habilitados (source=dbo.Votes, timestamp=2026-08-18T23:34:38)
2026-08-18 23:34:38,833 INFO [metro.cli.main] Iniciando replicação (table=dbo.Votes, mode=full_load, source=sqlserver, target=local)
2026-08-18 23:34:38,834 INFO [metro.sources.sql.sqlserver] Conectando ao SQL Server (runtime=stackoverflow_sql_server_database)
2026-08-18 23:34:39,042 INFO [metro.targets.local] LocalTarget pronto (runtime=development_storage, base_path=local)
2026-08-18 23:34:39,043 INFO [metro.targets.local] Staging iniciado: local\raw\sqlserver_votes\_tmp
2026-08-18 23:34:39,043 INFO [metro.replication.full_load.strategy] Iniciando Full Load particionado (table=dbo.Votes, path=raw/sqlserver_votes, column=CreationDate, granularity=year)
2026-08-18 23:34:39,044 INFO [metro.sources.sql.sqlserver] Query padrão montada para dbo.Votes (6 colunas)
2026-08-18 23:34:39,044 INFO [metro.sources.sql.sqlserver] Lendo SQL Server em batches (runtime=stackoverflow_sql_server_database, chunk_size=50000)
2026-08-18 23:34:39,933 INFO [metro.replication.writer] Materializando parte 1 (path=raw/sqlserver_votes/_tmp/year=2008/part_0001.parquet, rows=200000)
2026-08-18 23:34:39,934 INFO [metro.targets.local] Gravando Parquet em local\raw\sqlserver_votes\_tmp\year=2008\part_0001.parquet
2026-08-18 23:34:39,991 INFO [metro.replication.writer] Garbage collection executado | memory_before_mb=177.1 | memory_after_mb=177.1 | freed_mb=0.0 | freed_percent=0.0 | collected=0
2026-08-18 23:34:40,753 INFO [metro.replication.writer] Materializando parte 2 (path=raw/sqlserver_votes/_tmp/year=2008/part_0002.parquet, rows=200000)
2026-08-18 23:34:40,754 INFO [metro.targets.local] Gravando Parquet em local\raw\sqlserver_votes\_tmp\year=2008\part_0002.parquet
2026-08-18 23:34:40,801 INFO [metro.replication.writer] Garbage collection executado | memory_before_mb=214.6 | memory_after_mb=214.6 | freed_mb=0.0 | freed_percent=0.0 | collected=0
2026-08-18 23:34:42,116 INFO [metro.replication.writer] Materializando parte 3 (path=raw/sqlserver_votes/_tmp/year=2008/part_0003.parquet, rows=200000)
2026-08-18 23:34:42,116 INFO [metro.targets.local] Gravando Parquet em local\raw\sqlserver_votes\_tmp\year=2008\part_0003.parquet
2026-08-18 23:34:42,177 INFO [metro.replication.writer] Garbage collection executado | memory_before_mb=238.5 | memory_after_mb=238.5 | freed_mb=0.0 | freed_percent=0.0 | collected=0
2026-08-18 23:34:43,038 INFO [metro.replication.writer] Materializando parte 4 (path=raw/sqlserver_votes/_tmp/year=2008/part_0004.parquet, rows=200000)
2026-08-18 23:34:43,040 INFO [metro.targets.local] Gravando Parquet em local\raw\sqlserver_votes\_tmp\year=2008\part_0004.parquet
2026-08-18 23:34:43,087 INFO [metro.replication.writer] Garbage collection executado | memory_before_mb=260.1 | memory_after_mb=260.1 | freed_mb=0.0 | freed_percent=0.0 | collected=0
2026-08-18 23:34:44,658 INFO [metro.replication.writer] Materializando parte 1 (path=raw/sqlserver_votes/_tmp/year=2009/part_0001.parquet, rows=200000)
2026-08-18 23:34:44,659 INFO [metro.targets.local] Gravando Parquet em local\raw\sqlserver_votes\_tmp\year=2009\part_0001.parquet
2026-08-18 23:34:44,705 INFO [metro.replication.writer] Garbage collection executado | memory_before_mb=286.5 | memory_after_mb=286.5 | freed_mb=0.0 | freed_percent=0.0 | collected=0
2026-08-18 23:34:45,727 INFO [metro.replication.writer] Materializando parte 2 (path=raw/sqlserver_votes/_tmp/year=2009/part_0002.parquet, rows=200000)
2026-08-18 23:34:45,728 INFO [metro.targets.local] Gravando Parquet em local\raw\sqlserver_votes\_tmp\year=2009\part_0002.parquet
2026-08-18 23:34:45,780 INFO [metro.replication.writer] Garbage collection executado | memory_before_mb=307.2 | memory_after_mb=307.2 | freed_mb=0.0 | freed_percent=0.0 | collected=0
2026-08-18 23:34:46,501 INFO [metro.replication.writer] Materializando parte 3 (path=raw/sqlserver_votes/_tmp/year=2009/part_0003.parquet, rows=200000)
2026-08-18 23:34:46,501 INFO [metro.targets.local] Gravando Parquet em local\raw\sqlserver_votes\_tmp\year=2009\part_0003.parquet
2026-08-18 23:34:46,562 INFO [metro.replication.writer] Garbage collection executado | memory_before_mb=315.9 | memory_after_mb=315.9 | freed_mb=0.0 | freed_percent=0.0 | collected=0
2026-08-18 23:34:47,373 INFO [metro.replication.writer] Materializando parte 4 (path=raw/sqlserver_votes/_tmp/year=2009/part_0004.parquet, rows=200000)
2026-08-18 23:34:47,374 INFO [metro.targets.local] Gravando Parquet em local\raw\sqlserver_votes\_tmp\year=2009\part_0004.parquet
2026-08-18 23:34:47,418 INFO [metro.replication.writer] Garbage collection executado | memory_before_mb=319.6 | memory_after_mb=319.6 | freed_mb=0.0 | freed_percent=0.0 | collected=0
2026-08-18 23:34:48,287 INFO [metro.replication.writer] Materializando parte 5 (path=raw/sqlserver_votes/_tmp/year=2009/part_0005.parquet, rows=200000)
2026-08-18 23:34:48,287 INFO [metro.targets.local] Gravando Parquet em local\raw\sqlserver_votes\_tmp\year=2009\part_0005.parquet
2026-08-18 23:34:48,328 INFO [metro.replication.writer] Garbage collection executado | memory_before_mb=326.8 | memory_after_mb=326.8 | freed_mb=0.0 | freed_percent=0.0 | collected=0
2026-08-18 23:34:49,102 INFO [metro.replication.writer] Materializando parte 6 (path=raw/sqlserver_votes/_tmp/year=2009/part_0006.parquet, rows=200000)
2026-08-18 23:34:49,104 INFO [metro.targets.local] Gravando Parquet em local\raw\sqlserver_votes\_tmp\year=2009\part_0006.parquet
2026-08-18 23:34:49,177 INFO [metro.replication.writer] Garbage collection executado | memory_before_mb=328.4 | memory_after_mb=328.4 | freed_mb=0.0 | freed_percent=0.0 | collected=0
2026-08-18 23:34:49,889 INFO [metro.replication.writer] Materializando parte 7 (path=raw/sqlserver_votes/_tmp/year=2009/part_0007.parquet, rows=200000)
2026-08-18 23:34:49,890 INFO [metro.targets.local] Gravando Parquet em local\raw\sqlserver_votes\_tmp\year=2009\part_0007.parquet
2026-08-18 23:34:49,929 INFO [metro.replication.writer] Garbage collection executado | memory_before_mb=331.3 | memory_after_mb=331.3 | freed_mb=0.0 | freed_percent=0.0 | collected=0
2026-08-18 23:34:50,834 INFO [metro.replication.writer] Materializando parte 8 (path=raw/sqlserver_votes/_tmp/year=2009/part_0008.parquet, rows=200000)
2026-08-18 23:34:50,835 INFO [metro.targets.local] Gravando Parquet em local\raw\sqlserver_votes\_tmp\year=2009\part_0008.parquet
2026-08-18 23:34:50,874 INFO [metro.replication.writer] Garbage collection executado | memory_before_mb=345.4 | memory_after_mb=345.4 | freed_mb=0.0 | freed_percent=0.0 | collected=0
2026-08-18 23:34:51,704 INFO [metro.replication.writer] Materializando parte 9 (path=raw/sqlserver_votes/_tmp/year=2009/part_0009.parquet, rows=200000)
2026-08-18 23:34:51,705 INFO [metro.targets.local] Gravando Parquet em local\raw\sqlserver_votes\_tmp\year=2009\part_0009.parquet
2026-08-18 23:34:51,745 INFO [metro.replication.writer] Garbage collection executado | memory_before_mb=338.2 | memory_after_mb=338.2 | freed_mb=0.0 | freed_percent=0.0 | collected=0
2026-08-18 23:34:52,445 INFO [metro.replication.writer] Materializando parte 10 (path=raw/sqlserver_votes/_tmp/year=2009/part_0010.parquet, rows=200000)
2026-08-18 23:34:52,446 INFO [metro.targets.local] Gravando Parquet em local\raw\sqlserver_votes\_tmp\year=2009\part_0010.parquet
2026-08-18 23:34:52,484 INFO [metro.replication.writer] Garbage collection executado | memory_before_mb=347.3 | memory_after_mb=347.3 | freed_mb=0.0 | freed_percent=0.0 | collected=0
2026-08-18 23:34:53,263 INFO [metro.replication.writer] Materializando parte 11 (path=raw/sqlserver_votes/_tmp/year=2009/part_0011.parquet, rows=200000)
2026-08-18 23:34:53,264 INFO [metro.targets.local] Gravando Parquet em local\raw\sqlserver_votes\_tmp\year=2009\part_0011.parquet
2026-08-18 23:34:53,308 INFO [metro.replication.writer] Garbage collection executado | memory_before_mb=341.9 | memory_after_mb=341.9 | freed_mb=0.0 | freed_percent=0.0 | collected=0
2026-08-18 23:34:54,129 INFO [metro.replication.writer] Materializando parte 12 (path=raw/sqlserver_votes/_tmp/year=2009/part_0012.parquet, rows=200000)
2026-08-18 23:34:54,130 INFO [metro.targets.local] Gravando Parquet em local\raw\sqlserver_votes\_tmp\year=2009\part_0012.parquet
2026-08-18 23:34:54,175 INFO [metro.replication.writer] Garbage collection executado | memory_before_mb=354.2 | memory_after_mb=354.2 | freed_mb=0.0 | freed_percent=0.0 | collected=0
2026-08-18 23:34:54,873 INFO [metro.replication.writer] Materializando parte 13 (path=raw/sqlserver_votes/_tmp/year=2009/part_0013.parquet, rows=200000)
2026-08-18 23:34:54,873 INFO [metro.targets.local] Gravando Parquet em local\raw\sqlserver_votes\_tmp\year=2009\part_0013.parquet
2026-08-18 23:34:54,918 INFO [metro.replication.writer] Garbage collection executado | memory_before_mb=366.6 | memory_after_mb=366.6 | freed_mb=0.0 | freed_percent=0.0 | collected=0
2026-08-18 23:34:55,719 INFO [metro.replication.writer] Materializando parte 14 (path=raw/sqlserver_votes/_tmp/year=2009/part_0014.parquet, rows=200000)
2026-08-18 23:34:55,720 INFO [metro.targets.local] Gravando Parquet em local\raw\sqlserver_votes\_tmp\year=2009\part_0014.parquet
2026-08-18 23:34:55,763 INFO [metro.replication.writer] Garbage collection executado | memory_before_mb=366.4 | memory_after_mb=366.4 | freed_mb=0.0 | freed_percent=0.0 | collected=0
2026-08-18 23:34:56,548 INFO [metro.replication.writer] Materializando parte 15 (path=raw/sqlserver_votes/_tmp/year=2009/part_0015.parquet, rows=200000)
2026-08-18 23:34:56,548 INFO [metro.targets.local] Gravando Parquet em local\raw\sqlserver_votes\_tmp\year=2009\part_0015.parquet
2026-08-18 23:34:56,590 INFO [metro.replication.writer] Garbage collection executado | memory_before_mb=365.4 | memory_after_mb=365.4 | freed_mb=0.0 | freed_percent=0.0 | collected=0
2026-08-18 23:34:57,304 INFO [metro.replication.writer] Materializando parte 16 (path=raw/sqlserver_votes/_tmp/year=2009/part_0016.parquet, rows=200000)
2026-08-18 23:34:57,304 INFO [metro.targets.local] Gravando Parquet em local\raw\sqlserver_votes\_tmp\year=2009\part_0016.parquet
2026-08-18 23:34:57,387 INFO [metro.replication.writer] Garbage collection executado | memory_before_mb=375.6 | memory_after_mb=375.6 | freed_mb=0.0 | freed_percent=0.0 | collected=0
2026-08-18 23:34:58,185 INFO [metro.replication.writer] Materializando parte 17 (path=raw/sqlserver_votes/_tmp/year=2009/part_0017.parquet, rows=200000)
2026-08-18 23:34:58,185 INFO [metro.targets.local] Gravando Parquet em local\raw\sqlserver_votes\_tmp\year=2009\part_0017.parquet
2026-08-18 23:34:58,224 INFO [metro.replication.writer] Garbage collection executado | memory_before_mb=379.0 | memory_after_mb=379.0 | freed_mb=0.0 | freed_percent=0.0 | collected=0
2026-08-18 23:34:58,969 INFO [metro.replication.writer] Materializando parte 18 (path=raw/sqlserver_votes/_tmp/year=2009/part_0018.parquet, rows=200000)
2026-08-18 23:34:58,969 INFO [metro.targets.local] Gravando Parquet em local\raw\sqlserver_votes\_tmp\year=2009\part_0018.parquet
2026-08-18 23:34:59,016 INFO [metro.replication.writer] Garbage collection executado | memory_before_mb=384.8 | memory_after_mb=384.8 | freed_mb=0.0 | freed_percent=0.0 | collected=0
2026-08-18 23:35:00,170 INFO [metro.replication.writer] Materializando parte 1 (path=raw/sqlserver_votes/_tmp/year=2010/part_0001.parquet, rows=200000)
2026-08-18 23:35:00,171 INFO [metro.targets.local] Gravando Parquet em local\raw\sqlserver_votes\_tmp\year=2010\part_0001.parquet
2026-08-18 23:35:00,211 INFO [metro.replication.writer] Garbage collection executado | memory_before_mb=397.6 | memory_after_mb=397.6 | freed_mb=0.0 | freed_percent=0.0 | collected=0
2026-08-18 23:35:00,908 INFO [metro.replication.writer] Materializando parte 2 (path=raw/sqlserver_votes/_tmp/year=2010/part_0002.parquet, rows=200000)
2026-08-18 23:35:00,908 INFO [metro.targets.local] Gravando Parquet em local\raw\sqlserver_votes\_tmp\year=2010\part_0002.parquet
2026-08-18 23:35:00,950 INFO [metro.replication.writer] Garbage collection executado | memory_before_mb=401.2 | memory_after_mb=401.2 | freed_mb=0.0 | freed_percent=0.0 | collected=0
2026-08-18 23:35:01,635 INFO [metro.replication.writer] Materializando parte 3 (path=raw/sqlserver_votes/_tmp/year=2010/part_0003.parquet, rows=200000)
2026-08-18 23:35:01,635 INFO [metro.targets.local] Gravando Parquet em local\raw\sqlserver_votes\_tmp\year=2010\part_0003.parquet
2026-08-18 23:35:01,675 INFO [metro.replication.writer] Garbage collection executado | memory_before_mb=404.1 | memory_after_mb=404.1 | freed_mb=0.0 | freed_percent=0.0 | collected=0
2026-08-18 23:35:02,387 INFO [metro.replication.writer] Materializando parte 4 (path=raw/sqlserver_votes/_tmp/year=2010/part_0004.parquet, rows=200000)
2026-08-18 23:35:02,387 INFO [metro.targets.local] Gravando Parquet em local\raw\sqlserver_votes\_tmp\year=2010\part_0004.parquet
2026-08-18 23:35:02,428 INFO [metro.replication.writer] Garbage collection executado | memory_before_mb=403.0 | memory_after_mb=403.0 | freed_mb=0.0 | freed_percent=0.0 | collected=0
2026-08-18 23:35:03,115 INFO [metro.replication.writer] Materializando parte 5 (path=raw/sqlserver_votes/_tmp/year=2010/part_0005.parquet, rows=200000)
2026-08-18 23:35:03,116 INFO [metro.targets.local] Gravando Parquet em local\raw\sqlserver_votes\_tmp\year=2010\part_0005.parquet
2026-08-18 23:35:03,156 INFO [metro.replication.writer] Garbage collection executado | memory_before_mb=411.9 | memory_after_mb=411.9 | freed_mb=0.0 | freed_percent=0.0 | collected=0
2026-08-18 23:35:03,894 INFO [metro.replication.writer] Materializando parte 6 (path=raw/sqlserver_votes/_tmp/year=2010/part_0006.parquet, rows=200000)
2026-08-18 23:35:03,894 INFO [metro.targets.local] Gravando Parquet em local\raw\sqlserver_votes\_tmp\year=2010\part_0006.parquet
2026-08-18 23:35:03,936 INFO [metro.replication.writer] Garbage collection executado | memory_before_mb=416.9 | memory_after_mb=416.9 | freed_mb=0.0 | freed_percent=0.0 | collected=0
2026-08-18 23:35:04,743 INFO [metro.replication.writer] Materializando parte 7 (path=raw/sqlserver_votes/_tmp/year=2010/part_0007.parquet, rows=200000)
2026-08-18 23:35:04,744 INFO [metro.targets.local] Gravando Parquet em local\raw\sqlserver_votes\_tmp\year=2010\part_0007.parquet
2026-08-18 23:35:04,785 INFO [metro.replication.writer] Garbage collection executado | memory_before_mb=413.3 | memory_after_mb=413.3 | freed_mb=0.0 | freed_percent=0.0 | collected=0
2026-08-18 23:35:05,483 INFO [metro.replication.writer] Materializando parte 8 (path=raw/sqlserver_votes/_tmp/year=2010/part_0008.parquet, rows=200000)
2026-08-18 23:35:05,484 INFO [metro.targets.local] Gravando Parquet em local\raw\sqlserver_votes\_tmp\year=2010\part_0008.parquet
2026-08-18 23:35:05,525 INFO [metro.replication.writer] Garbage collection executado | memory_before_mb=408.3 | memory_after_mb=408.3 | freed_mb=0.0 | freed_percent=0.0 | collected=0
2026-08-18 23:35:06,387 INFO [metro.replication.writer] Materializando parte 9 (path=raw/sqlserver_votes/_tmp/year=2010/part_0009.parquet, rows=200000)
2026-08-18 23:35:06,388 INFO [metro.targets.local] Gravando Parquet em local\raw\sqlserver_votes\_tmp\year=2010\part_0009.parquet
2026-08-18 23:35:06,441 INFO [metro.replication.writer] Garbage collection executado | memory_before_mb=416.0 | memory_after_mb=416.0 | freed_mb=0.0 | freed_percent=0.0 | collected=0
2026-08-18 23:35:07,388 INFO [metro.replication.writer] Materializando parte 10 (path=raw/sqlserver_votes/_tmp/year=2010/part_0010.parquet, rows=200000)
2026-08-18 23:35:07,389 INFO [metro.targets.local] Gravando Parquet em local\raw\sqlserver_votes\_tmp\year=2010\part_0010.parquet
2026-08-18 23:35:07,437 INFO [metro.replication.writer] Garbage collection executado | memory_before_mb=417.0 | memory_after_mb=417.0 | freed_mb=0.0 | freed_percent=0.0 | collected=0
2026-08-18 23:35:08,254 INFO [metro.replication.writer] Materializando parte 11 (path=raw/sqlserver_votes/_tmp/year=2010/part_0011.parquet, rows=200000)
2026-08-18 23:35:08,255 INFO [metro.targets.local] Gravando Parquet em local\raw\sqlserver_votes\_tmp\year=2010\part_0011.parquet
2026-08-18 23:35:08,298 INFO [metro.replication.writer] Garbage collection executado | memory_before_mb=416.6 | memory_after_mb=416.6 | freed_mb=0.0 | freed_percent=0.0 | collected=0
2026-08-18 23:35:09,300 INFO [metro.replication.writer] Materializando parte 12 (path=raw/sqlserver_votes/_tmp/year=2010/part_0012.parquet, rows=200000)
2026-08-18 23:35:09,300 INFO [metro.targets.local] Gravando Parquet em local\raw\sqlserver_votes\_tmp\year=2010\part_0012.parquet
2026-08-18 23:35:09,349 INFO [metro.replication.writer] Garbage collection executado | memory_before_mb=410.2 | memory_after_mb=410.2 | freed_mb=0.0 | freed_percent=0.0 | collected=0
2026-08-18 23:35:10,245 INFO [metro.replication.writer] Materializando parte 13 (path=raw/sqlserver_votes/_tmp/year=2010/part_0013.parquet, rows=200000)
2026-08-18 23:35:10,245 INFO [metro.targets.local] Gravando Parquet em local\raw\sqlserver_votes\_tmp\year=2010\part_0013.parquet
2026-08-18 23:35:10,295 INFO [metro.replication.writer] Garbage collection executado | memory_before_mb=417.9 | memory_after_mb=417.9 | freed_mb=0.0 | freed_percent=0.0 | collected=0
2026-08-18 23:35:11,232 INFO [metro.replication.writer] Materializando parte 14 (path=raw/sqlserver_votes/_tmp/year=2010/part_0014.parquet, rows=200000)
2026-08-18 23:35:11,233 INFO [metro.targets.local] Gravando Parquet em local\raw\sqlserver_votes\_tmp\year=2010\part_0014.parquet
2026-08-18 23:35:11,285 INFO [metro.replication.writer] Garbage collection executado | memory_before_mb=407.4 | memory_after_mb=407.4 | freed_mb=0.0 | freed_percent=0.0 | collected=0
2026-08-18 23:35:12,168 INFO [metro.replication.writer] Materializando parte 15 (path=raw/sqlserver_votes/_tmp/year=2010/part_0015.parquet, rows=200000)
2026-08-18 23:35:12,169 INFO [metro.targets.local] Gravando Parquet em local\raw\sqlserver_votes\_tmp\year=2010\part_0015.parquet
2026-08-18 23:35:12,215 INFO [metro.replication.writer] Garbage collection executado | memory_before_mb=406.0 | memory_after_mb=406.0 | freed_mb=0.0 | freed_percent=0.0 | collected=0
2026-08-18 23:35:12,974 INFO [metro.replication.writer] Materializando parte 16 (path=raw/sqlserver_votes/_tmp/year=2010/part_0016.parquet, rows=200000)
2026-08-18 23:35:12,974 INFO [metro.targets.local] Gravando Parquet em local\raw\sqlserver_votes\_tmp\year=2010\part_0016.parquet
2026-08-18 23:35:13,032 INFO [metro.replication.writer] Garbage collection executado | memory_before_mb=415.6 | memory_after_mb=415.6 | freed_mb=0.0 | freed_percent=0.0 | collected=0
2026-08-18 23:35:14,126 INFO [metro.replication.writer] Materializando parte 17 (path=raw/sqlserver_votes/_tmp/year=2010/part_0017.parquet, rows=200000)
2026-08-18 23:35:14,127 INFO [metro.targets.local] Gravando Parquet em local\raw\sqlserver_votes\_tmp\year=2010\part_0017.parquet
2026-08-18 23:35:14,186 INFO [metro.replication.writer] Garbage collection executado | memory_before_mb=418.8 | memory_after_mb=418.8 | freed_mb=0.0 | freed_percent=0.0 | collected=0
2026-08-18 23:35:15,203 INFO [metro.replication.writer] Materializando parte 18 (path=raw/sqlserver_votes/_tmp/year=2010/part_0018.parquet, rows=200000)
2026-08-18 23:35:15,204 INFO [metro.targets.local] Gravando Parquet em local\raw\sqlserver_votes\_tmp\year=2010\part_0018.parquet
2026-08-18 23:35:15,265 INFO [metro.replication.writer] Garbage collection executado | memory_before_mb=416.7 | memory_after_mb=416.7 | freed_mb=0.0 | freed_percent=0.0 | collected=0
2026-08-18 23:35:16,318 INFO [metro.replication.writer] Materializando parte 19 (path=raw/sqlserver_votes/_tmp/year=2010/part_0019.parquet, rows=200000)
2026-08-18 23:35:16,319 INFO [metro.targets.local] Gravando Parquet em local\raw\sqlserver_votes\_tmp\year=2010\part_0019.parquet
2026-08-18 23:35:16,366 INFO [metro.replication.writer] Garbage collection executado | memory_before_mb=412.6 | memory_after_mb=412.6 | freed_mb=0.0 | freed_percent=0.0 | collected=0
2026-08-18 23:35:17,235 INFO [metro.replication.writer] Materializando parte 20 (path=raw/sqlserver_votes/_tmp/year=2010/part_0020.parquet, rows=200000)
2026-08-18 23:35:17,236 INFO [metro.targets.local] Gravando Parquet em local\raw\sqlserver_votes\_tmp\year=2010\part_0020.parquet
2026-08-18 23:35:17,326 INFO [metro.replication.writer] Garbage collection executado | memory_before_mb=424.1 | memory_after_mb=424.1 | freed_mb=0.0 | freed_percent=0.0 | collected=0
2026-08-18 23:35:18,219 INFO [metro.replication.writer] Materializando parte 21 (path=raw/sqlserver_votes/_tmp/year=2010/part_0021.parquet, rows=200000)
2026-08-18 23:35:18,220 INFO [metro.targets.local] Gravando Parquet em local\raw\sqlserver_votes\_tmp\year=2010\part_0021.parquet
2026-08-18 23:35:18,272 INFO [metro.replication.writer] Garbage collection executado | memory_before_mb=418.3 | memory_after_mb=418.3 | freed_mb=0.0 | freed_percent=0.0 | collected=0
2026-08-18 23:35:19,112 INFO [metro.replication.writer] Materializando parte 22 (path=raw/sqlserver_votes/_tmp/year=2010/part_0022.parquet, rows=200000)
2026-08-18 23:35:19,113 INFO [metro.targets.local] Gravando Parquet em local\raw\sqlserver_votes\_tmp\year=2010\part_0022.parquet
2026-08-18 23:35:19,159 INFO [metro.replication.writer] Garbage collection executado | memory_before_mb=427.5 | memory_after_mb=427.5 | freed_mb=0.0 | freed_percent=0.0 | collected=0
2026-08-18 23:35:20,010 INFO [metro.replication.writer] Materializando parte 23 (path=raw/sqlserver_votes/_tmp/year=2010/part_0023.parquet, rows=200000)
2026-08-18 23:35:20,010 INFO [metro.targets.local] Gravando Parquet em local\raw\sqlserver_votes\_tmp\year=2010\part_0023.parquet
2026-08-18 23:35:20,060 INFO [metro.replication.writer] Garbage collection executado | memory_before_mb=426.0 | memory_after_mb=426.0 | freed_mb=0.0 | freed_percent=0.0 | collected=0
2026-08-18 23:35:20,810 INFO [metro.replication.writer] Materializando parte 24 (path=raw/sqlserver_votes/_tmp/year=2010/part_0024.parquet, rows=200000)
2026-08-18 23:35:20,810 INFO [metro.targets.local] Gravando Parquet em local\raw\sqlserver_votes\_tmp\year=2010\part_0024.parquet
2026-08-18 23:35:20,860 INFO [metro.replication.writer] Garbage collection executado | memory_before_mb=428.0 | memory_after_mb=428.0 | freed_mb=0.0 | freed_percent=0.0 | collected=0
2026-08-18 23:35:21,637 INFO [metro.replication.writer] Materializando parte 25 (path=raw/sqlserver_votes/_tmp/year=2010/part_0025.parquet, rows=200000)
2026-08-18 23:35:21,638 INFO [metro.targets.local] Gravando Parquet em local\raw\sqlserver_votes\_tmp\year=2010\part_0025.parquet
2026-08-18 23:35:21,685 INFO [metro.replication.writer] Garbage collection executado | memory_before_mb=431.5 | memory_after_mb=431.5 | freed_mb=0.0 | freed_percent=0.0 | collected=0
2026-08-18 23:35:22,471 INFO [metro.replication.writer] Materializando parte 26 (path=raw/sqlserver_votes/_tmp/year=2010/part_0026.parquet, rows=200000)
2026-08-18 23:35:22,472 INFO [metro.targets.local] Gravando Parquet em local\raw\sqlserver_votes\_tmp\year=2010\part_0026.parquet
2026-08-18 23:35:22,517 INFO [metro.replication.writer] Garbage collection executado | memory_before_mb=431.9 | memory_after_mb=431.9 | freed_mb=0.0 | freed_percent=0.0 | collected=0
2026-08-18 23:35:23,350 INFO [metro.replication.writer] Materializando parte 27 (path=raw/sqlserver_votes/_tmp/year=2010/part_0027.parquet, rows=200000)
2026-08-18 23:35:23,351 INFO [metro.targets.local] Gravando Parquet em local\raw\sqlserver_votes\_tmp\year=2010\part_0027.parquet
2026-08-18 23:35:23,394 INFO [metro.replication.writer] Garbage collection executado | memory_before_mb=439.4 | memory_after_mb=439.4 | freed_mb=0.0 | freed_percent=0.0 | collected=0
2026-08-18 23:35:23,799 INFO [metro.replication.writer] Materializando parte 5 (path=raw/sqlserver_votes/_tmp/year=2008/part_0005.parquet, rows=127269)
2026-08-18 23:35:23,799 INFO [metro.targets.local] Gravando Parquet em local\raw\sqlserver_votes\_tmp\year=2008\part_0005.parquet
2026-08-18 23:35:23,836 INFO [metro.replication.writer] Garbage collection executado | memory_before_mb=412.3 | memory_after_mb=411.3 | freed_mb=1.0 | freed_percent=0.2 | collected=0
2026-08-18 23:35:23,837 INFO [metro.replication.writer] Materializando parte 19 (path=raw/sqlserver_votes/_tmp/year=2009/part_0019.parquet, rows=86772)
2026-08-18 23:35:23,837 INFO [metro.targets.local] Gravando Parquet em local\raw\sqlserver_votes\_tmp\year=2009\part_0019.parquet
2026-08-18 23:35:23,871 INFO [metro.replication.writer] Garbage collection executado | memory_before_mb=416.7 | memory_after_mb=414.7 | freed_mb=2.0 | freed_percent=0.5 | collected=0
2026-08-18 23:35:23,873 INFO [metro.replication.writer] Materializando parte 28 (path=raw/sqlserver_votes/_tmp/year=2010/part_0028.parquet, rows=129323)
2026-08-18 23:35:23,873 INFO [metro.targets.local] Gravando Parquet em local\raw\sqlserver_votes\_tmp\year=2010\part_0028.parquet
2026-08-18 23:35:23,907 INFO [metro.replication.writer] Garbage collection executado | memory_before_mb=417.3 | memory_after_mb=417.3 | freed_mb=0.0 | freed_percent=0.0 | collected=0
2026-08-18 23:35:23,907 INFO [metro.replication.writer] Materialização particionada concluída (rows=10143364, files=52, read_batches=203, partitions_written=3, tracked_max=N/A)
2026-08-18 23:35:23,907 INFO [metro.replication.full_load.strategy] Full Load particionado concluído (table=dbo.Votes)
2026-08-18 23:35:23,919 INFO [metro.targets.local] Staging commitado (dataset=raw/sqlserver_votes)
2026-08-18 23:35:23,922 INFO [metro.sources.sql.sqlserver] Conexão SQL Server encerrada (runtime=stackoverflow_sql_server_database)
2026-08-18 23:35:23,922 INFO [metro.cli.main] Replicação concluída (table=dbo.Votes)
