2026-08-18 00:54:28,983 INFO [metro.cli.main] Arquivo de log: C:\Users\Vinicius Luiz\Desktop\Scripts\metro\logs\full_load\stackoverflow_posts_20260818_005428.log
2026-08-18 00:54:28,984 INFO [metro.cli.main] Carregando task: tasks\full_load\stackoverflow_posts.yaml
2026-08-18 00:54:28,986 INFO [metro.cli.main] Metadados habilitados (source=public.posts, timestamp=2026-08-18T00:54:28)
2026-08-18 00:54:28,986 INFO [metro.cli.main] Iniciando replicação (table=public.posts, mode=full_load, source=postgresql, target=local)
2026-08-18 00:54:28,986 INFO [metro.sources.sql.postgresql] Conectando ao PostgreSQL (runtime=stackoverflow_postgres_database)
2026-08-18 00:54:29,085 INFO [metro.targets.local] LocalTarget pronto (runtime=development_storage, base_path=local)
2026-08-18 00:54:29,087 INFO [metro.targets.local] Staging iniciado: local\raw\stackoverflow_posts\_tmp
2026-08-18 00:54:29,087 INFO [metro.replication.full_load.strategy] Iniciando Full Load em batches (table=public.posts, path=raw/stackoverflow_posts, source.chunk_size=50000, target.chunk_size=200000)
2026-08-18 00:54:29,091 INFO [metro.sources.sql.postgresql] Query padrão montada para public.posts (23 colunas)
2026-08-18 00:54:29,091 INFO [metro.sources.sql.postgresql] Lendo PostgreSQL em batches (runtime=stackoverflow_postgres_database, chunk_size=50000)
2026-08-18 00:54:31,860 INFO [metro.replication.writer] Materializando parte 1 (path=raw/stackoverflow_posts/_tmp/part_0001.parquet, rows=200000)
2026-08-18 00:54:31,860 INFO [metro.targets.local] Gravando Parquet em local\raw\stackoverflow_posts\_tmp\part_0001.parquet
2026-08-18 00:54:32,530 INFO [metro.replication.writer] Garbage collection executado | memory_before_mb=864.7 | memory_after_mb=864.7 | freed_mb=0.0 | freed_percent=0.0 | collected=0
2026-08-18 00:54:34,997 INFO [metro.replication.writer] Materializando parte 2 (path=raw/stackoverflow_posts/_tmp/part_0002.parquet, rows=200000)
2026-08-18 00:54:34,998 INFO [metro.targets.local] Gravando Parquet em local\raw\stackoverflow_posts\_tmp\part_0002.parquet
2026-08-18 00:54:35,664 INFO [metro.replication.writer] Garbage collection executado | memory_before_mb=859.9 | memory_after_mb=859.9 | freed_mb=0.0 | freed_percent=0.0 | collected=0
2026-08-18 00:54:37,945 INFO [metro.replication.writer] Materializando parte 3 (path=raw/stackoverflow_posts/_tmp/part_0003.parquet, rows=200000)
2026-08-18 00:54:37,946 INFO [metro.targets.local] Gravando Parquet em local\raw\stackoverflow_posts\_tmp\part_0003.parquet
2026-08-18 00:54:38,571 INFO [metro.replication.writer] Garbage collection executado | memory_before_mb=987.9 | memory_after_mb=987.9 | freed_mb=0.0 | freed_percent=0.0 | collected=0
2026-08-18 00:54:41,344 INFO [metro.replication.writer] Materializando parte 4 (path=raw/stackoverflow_posts/_tmp/part_0004.parquet, rows=200000)
2026-08-18 00:54:41,346 INFO [metro.targets.local] Gravando Parquet em local\raw\stackoverflow_posts\_tmp\part_0004.parquet
2026-08-18 00:54:41,995 INFO [metro.replication.writer] Garbage collection executado | memory_before_mb=1002.1 | memory_after_mb=1002.1 | freed_mb=0.0 | freed_percent=0.0 | collected=0
2026-08-18 00:54:44,256 INFO [metro.replication.writer] Materializando parte 5 (path=raw/stackoverflow_posts/_tmp/part_0005.parquet, rows=200000)
2026-08-18 00:54:44,257 INFO [metro.targets.local] Gravando Parquet em local\raw\stackoverflow_posts\_tmp\part_0005.parquet
2026-08-18 00:54:44,874 INFO [metro.replication.writer] Garbage collection executado | memory_before_mb=1003.9 | memory_after_mb=1003.9 | freed_mb=0.0 | freed_percent=0.0 | collected=0
2026-08-18 00:54:47,184 INFO [metro.replication.writer] Materializando parte 6 (path=raw/stackoverflow_posts/_tmp/part_0006.parquet, rows=200000)
2026-08-18 00:54:47,185 INFO [metro.targets.local] Gravando Parquet em local\raw\stackoverflow_posts\_tmp\part_0006.parquet
2026-08-18 00:54:47,801 INFO [metro.replication.writer] Garbage collection executado | memory_before_mb=1081.7 | memory_after_mb=1081.7 | freed_mb=0.0 | freed_percent=0.0 | collected=0
2026-08-18 00:54:50,447 INFO [metro.replication.writer] Materializando parte 7 (path=raw/stackoverflow_posts/_tmp/part_0007.parquet, rows=200000)
2026-08-18 00:54:50,448 INFO [metro.targets.local] Gravando Parquet em local\raw\stackoverflow_posts\_tmp\part_0007.parquet
2026-08-18 00:54:51,121 INFO [metro.replication.writer] Garbage collection executado | memory_before_mb=1062.9 | memory_after_mb=1062.9 | freed_mb=0.0 | freed_percent=0.0 | collected=0
2026-08-18 00:54:53,533 INFO [metro.replication.writer] Materializando parte 8 (path=raw/stackoverflow_posts/_tmp/part_0008.parquet, rows=200000)
2026-08-18 00:54:53,534 INFO [metro.targets.local] Gravando Parquet em local\raw\stackoverflow_posts\_tmp\part_0008.parquet
2026-08-18 00:54:54,252 INFO [metro.replication.writer] Garbage collection executado | memory_before_mb=1078.1 | memory_after_mb=1078.1 | freed_mb=0.0 | freed_percent=0.0 | collected=0
2026-08-18 00:54:57,048 INFO [metro.replication.writer] Materializando parte 9 (path=raw/stackoverflow_posts/_tmp/part_0009.parquet, rows=200000)
2026-08-18 00:54:57,049 INFO [metro.targets.local] Gravando Parquet em local\raw\stackoverflow_posts\_tmp\part_0009.parquet
2026-08-18 00:54:57,700 INFO [metro.replication.writer] Garbage collection executado | memory_before_mb=1125.8 | memory_after_mb=1125.8 | freed_mb=0.0 | freed_percent=0.0 | collected=0
2026-08-18 00:55:00,199 INFO [metro.replication.writer] Materializando parte 10 (path=raw/stackoverflow_posts/_tmp/part_0010.parquet, rows=200000)
2026-08-18 00:55:00,200 INFO [metro.targets.local] Gravando Parquet em local\raw\stackoverflow_posts\_tmp\part_0010.parquet
2026-08-18 00:55:00,852 INFO [metro.replication.writer] Garbage collection executado | memory_before_mb=1122.2 | memory_after_mb=1122.2 | freed_mb=0.0 | freed_percent=0.0 | collected=0
2026-08-18 00:55:03,410 INFO [metro.replication.writer] Materializando parte 11 (path=raw/stackoverflow_posts/_tmp/part_0011.parquet, rows=200000)
2026-08-18 00:55:03,411 INFO [metro.targets.local] Gravando Parquet em local\raw\stackoverflow_posts\_tmp\part_0011.parquet
2026-08-18 00:55:04,050 INFO [metro.replication.writer] Garbage collection executado | memory_before_mb=1116.2 | memory_after_mb=1116.2 | freed_mb=0.0 | freed_percent=0.0 | collected=0
2026-08-18 00:55:06,596 INFO [metro.replication.writer] Materializando parte 12 (path=raw/stackoverflow_posts/_tmp/part_0012.parquet, rows=200000)
2026-08-18 00:55:06,597 INFO [metro.targets.local] Gravando Parquet em local\raw\stackoverflow_posts\_tmp\part_0012.parquet
2026-08-18 00:55:07,236 INFO [metro.replication.writer] Garbage collection executado | memory_before_mb=1162.5 | memory_after_mb=1162.5 | freed_mb=0.0 | freed_percent=0.0 | collected=0
2026-08-18 00:55:09,783 INFO [metro.replication.writer] Materializando parte 13 (path=raw/stackoverflow_posts/_tmp/part_0013.parquet, rows=200000)
2026-08-18 00:55:09,784 INFO [metro.targets.local] Gravando Parquet em local\raw\stackoverflow_posts\_tmp\part_0013.parquet
2026-08-18 00:55:10,450 INFO [metro.replication.writer] Garbage collection executado | memory_before_mb=1144.8 | memory_after_mb=1144.8 | freed_mb=0.0 | freed_percent=0.0 | collected=0
2026-08-18 00:55:12,711 INFO [metro.replication.writer] Materializando parte 14 (path=raw/stackoverflow_posts/_tmp/part_0014.parquet, rows=200000)
2026-08-18 00:55:12,712 INFO [metro.targets.local] Gravando Parquet em local\raw\stackoverflow_posts\_tmp\part_0014.parquet
2026-08-18 00:55:13,356 INFO [metro.replication.writer] Garbage collection executado | memory_before_mb=1186.4 | memory_after_mb=1186.4 | freed_mb=0.0 | freed_percent=0.0 | collected=0
2026-08-18 00:55:16,318 INFO [metro.replication.writer] Materializando parte 15 (path=raw/stackoverflow_posts/_tmp/part_0015.parquet, rows=200000)
2026-08-18 00:55:16,319 INFO [metro.targets.local] Gravando Parquet em local\raw\stackoverflow_posts\_tmp\part_0015.parquet
2026-08-18 00:55:16,976 INFO [metro.replication.writer] Garbage collection executado | memory_before_mb=1154.3 | memory_after_mb=1154.3 | freed_mb=0.0 | freed_percent=0.0 | collected=0
2026-08-18 00:55:19,398 INFO [metro.replication.writer] Materializando parte 16 (path=raw/stackoverflow_posts/_tmp/part_0016.parquet, rows=200000)
2026-08-18 00:55:19,399 INFO [metro.targets.local] Gravando Parquet em local\raw\stackoverflow_posts\_tmp\part_0016.parquet
2026-08-18 00:55:20,117 INFO [metro.replication.writer] Garbage collection executado | memory_before_mb=1182.3 | memory_after_mb=1182.3 | freed_mb=0.0 | freed_percent=0.0 | collected=0
2026-08-18 00:55:23,371 INFO [metro.replication.writer] Materializando parte 17 (path=raw/stackoverflow_posts/_tmp/part_0017.parquet, rows=200000)
2026-08-18 00:55:23,373 INFO [metro.targets.local] Gravando Parquet em local\raw\stackoverflow_posts\_tmp\part_0017.parquet
2026-08-18 00:55:24,149 INFO [metro.replication.writer] Garbage collection executado | memory_before_mb=1150.7 | memory_after_mb=1150.7 | freed_mb=0.0 | freed_percent=0.0 | collected=0
2026-08-18 00:55:26,521 INFO [metro.replication.writer] Materializando parte 18 (path=raw/stackoverflow_posts/_tmp/part_0018.parquet, rows=200000)
2026-08-18 00:55:26,522 INFO [metro.targets.local] Gravando Parquet em local\raw\stackoverflow_posts\_tmp\part_0018.parquet
2026-08-18 00:55:27,232 INFO [metro.replication.writer] Garbage collection executado | memory_before_mb=1164.8 | memory_after_mb=1164.8 | freed_mb=0.0 | freed_percent=0.0 | collected=0
2026-08-18 00:55:28,317 INFO [metro.replication.writer] Materializando parte 19 (path=raw/stackoverflow_posts/_tmp/part_0019.parquet, rows=80688)
2026-08-18 00:55:28,318 INFO [metro.targets.local] Gravando Parquet em local\raw\stackoverflow_posts\_tmp\part_0019.parquet
2026-08-18 00:55:28,711 INFO [metro.replication.writer] Garbage collection executado | memory_before_mb=710.2 | memory_after_mb=705.2 | freed_mb=5.0 | freed_percent=0.7 | collected=0
2026-08-18 00:55:28,711 INFO [metro.replication.writer] Materialização em batches concluída (rows=3680688, files=19, read_batches=74, tracked_max=N/A)
2026-08-18 00:55:28,712 INFO [metro.replication.full_load.strategy] Full Load concluído (table=public.posts, rows=3680688)
2026-08-18 00:55:28,727 INFO [metro.targets.local] Staging commitado (dataset=raw/stackoverflow_posts)
2026-08-18 00:55:28,727 INFO [metro.sources.sql.postgresql] Conexão PostgreSQL encerrada (runtime=stackoverflow_postgres_database)
2026-08-18 00:55:28,727 INFO [metro.cli.main] Replicação concluída (table=public.posts)
