2026-08-18 00:55:40,218 INFO [metro.cli.main] Arquivo de log: C:\Users\Vinicius Luiz\Desktop\Scripts\metro\logs\full_load\stackoverflow_votes_partition_20260818_005540.log
2026-08-18 00:55:40,218 INFO [metro.cli.main] Carregando task: tasks\full_load\stackoverflow_votes_partition.yaml
2026-08-18 00:55:40,220 INFO [metro.cli.main] Metadados habilitados (source=public.votes, timestamp=2026-08-18T00:55:40)
2026-08-18 00:55:40,222 INFO [metro.cli.main] Iniciando replicação (table=public.votes, mode=full_load, source=postgresql, target=local)
2026-08-18 00:55:40,222 INFO [metro.sources.sql.postgresql] Conectando ao PostgreSQL (runtime=stackoverflow_postgres_database)
2026-08-18 00:55:40,314 INFO [metro.targets.local] LocalTarget pronto (runtime=development_storage, base_path=local)
2026-08-18 00:55:40,315 INFO [metro.targets.local] Staging iniciado: local\raw\stackoverflow_votes\_tmp
2026-08-18 00:55:40,316 INFO [metro.replication.full_load.strategy] Iniciando Full Load particionado (table=public.votes, path=raw/stackoverflow_votes, column=creationdate, granularity=year)
2026-08-18 00:55:40,318 INFO [metro.sources.sql.postgresql] Query padrão montada para public.votes (6 colunas)
2026-08-18 00:55:40,318 INFO [metro.sources.sql.postgresql] Lendo PostgreSQL em batches (runtime=stackoverflow_postgres_database, chunk_size=50000)
2026-08-18 00:55:40,615 INFO [metro.replication.writer] Materializando parte 1 (path=raw/stackoverflow_votes/_tmp/year=2008/part_0001.parquet, rows=200000)
2026-08-18 00:55:40,615 INFO [metro.targets.local] Gravando Parquet em local\raw\stackoverflow_votes\_tmp\year=2008\part_0001.parquet
2026-08-18 00:55:40,644 INFO [metro.replication.writer] Garbage collection executado | memory_before_mb=177.0 | memory_after_mb=177.0 | freed_mb=0.0 | freed_percent=0.0 | collected=0
2026-08-18 00:55:40,897 INFO [metro.replication.writer] Materializando parte 2 (path=raw/stackoverflow_votes/_tmp/year=2008/part_0002.parquet, rows=200000)
2026-08-18 00:55:40,897 INFO [metro.targets.local] Gravando Parquet em local\raw\stackoverflow_votes\_tmp\year=2008\part_0002.parquet
2026-08-18 00:55:40,930 INFO [metro.replication.writer] Garbage collection executado | memory_before_mb=209.2 | memory_after_mb=209.2 | freed_mb=-0.0 | freed_percent=-0.0 | collected=0
2026-08-18 00:55:41,183 INFO [metro.replication.writer] Materializando parte 3 (path=raw/stackoverflow_votes/_tmp/year=2008/part_0003.parquet, rows=200000)
2026-08-18 00:55:41,184 INFO [metro.targets.local] Gravando Parquet em local\raw\stackoverflow_votes\_tmp\year=2008\part_0003.parquet
2026-08-18 00:55:41,215 INFO [metro.replication.writer] Garbage collection executado | memory_before_mb=237.6 | memory_after_mb=237.6 | freed_mb=0.0 | freed_percent=0.0 | collected=0
2026-08-18 00:55:41,493 INFO [metro.replication.writer] Materializando parte 4 (path=raw/stackoverflow_votes/_tmp/year=2008/part_0004.parquet, rows=200000)
2026-08-18 00:55:41,494 INFO [metro.targets.local] Gravando Parquet em local\raw\stackoverflow_votes\_tmp\year=2008\part_0004.parquet
2026-08-18 00:55:41,529 INFO [metro.replication.writer] Garbage collection executado | memory_before_mb=256.4 | memory_after_mb=256.4 | freed_mb=0.0 | freed_percent=0.0 | collected=0
2026-08-18 00:55:41,964 INFO [metro.replication.writer] Materializando parte 1 (path=raw/stackoverflow_votes/_tmp/year=2009/part_0001.parquet, rows=200000)
2026-08-18 00:55:41,965 INFO [metro.targets.local] Gravando Parquet em local\raw\stackoverflow_votes\_tmp\year=2009\part_0001.parquet
2026-08-18 00:55:41,997 INFO [metro.replication.writer] Garbage collection executado | memory_before_mb=279.4 | memory_after_mb=279.4 | freed_mb=0.0 | freed_percent=0.0 | collected=0
2026-08-18 00:55:42,255 INFO [metro.replication.writer] Materializando parte 2 (path=raw/stackoverflow_votes/_tmp/year=2009/part_0002.parquet, rows=200000)
2026-08-18 00:55:42,256 INFO [metro.targets.local] Gravando Parquet em local\raw\stackoverflow_votes\_tmp\year=2009\part_0002.parquet
2026-08-18 00:55:42,283 INFO [metro.replication.writer] Garbage collection executado | memory_before_mb=289.9 | memory_after_mb=289.9 | freed_mb=0.0 | freed_percent=0.0 | collected=0
2026-08-18 00:55:42,534 INFO [metro.replication.writer] Materializando parte 3 (path=raw/stackoverflow_votes/_tmp/year=2009/part_0003.parquet, rows=200000)
2026-08-18 00:55:42,535 INFO [metro.targets.local] Gravando Parquet em local\raw\stackoverflow_votes\_tmp\year=2009\part_0003.parquet
2026-08-18 00:55:42,563 INFO [metro.replication.writer] Garbage collection executado | memory_before_mb=299.6 | memory_after_mb=299.6 | freed_mb=0.0 | freed_percent=0.0 | collected=0
2026-08-18 00:55:42,808 INFO [metro.replication.writer] Materializando parte 4 (path=raw/stackoverflow_votes/_tmp/year=2009/part_0004.parquet, rows=200000)
2026-08-18 00:55:42,809 INFO [metro.targets.local] Gravando Parquet em local\raw\stackoverflow_votes\_tmp\year=2009\part_0004.parquet
2026-08-18 00:55:42,838 INFO [metro.replication.writer] Garbage collection executado | memory_before_mb=329.1 | memory_after_mb=329.1 | freed_mb=0.0 | freed_percent=0.0 | collected=0
2026-08-18 00:55:43,097 INFO [metro.replication.writer] Materializando parte 5 (path=raw/stackoverflow_votes/_tmp/year=2009/part_0005.parquet, rows=200000)
2026-08-18 00:55:43,098 INFO [metro.targets.local] Gravando Parquet em local\raw\stackoverflow_votes\_tmp\year=2009\part_0005.parquet
2026-08-18 00:55:43,131 INFO [metro.replication.writer] Garbage collection executado | memory_before_mb=338.1 | memory_after_mb=338.1 | freed_mb=0.0 | freed_percent=0.0 | collected=0
2026-08-18 00:55:43,410 INFO [metro.replication.writer] Materializando parte 6 (path=raw/stackoverflow_votes/_tmp/year=2009/part_0006.parquet, rows=200000)
2026-08-18 00:55:43,411 INFO [metro.targets.local] Gravando Parquet em local\raw\stackoverflow_votes\_tmp\year=2009\part_0006.parquet
2026-08-18 00:55:43,443 INFO [metro.replication.writer] Garbage collection executado | memory_before_mb=326.6 | memory_after_mb=326.6 | freed_mb=0.0 | freed_percent=0.0 | collected=0
2026-08-18 00:55:43,704 INFO [metro.replication.writer] Materializando parte 7 (path=raw/stackoverflow_votes/_tmp/year=2009/part_0007.parquet, rows=200000)
2026-08-18 00:55:43,704 INFO [metro.targets.local] Gravando Parquet em local\raw\stackoverflow_votes\_tmp\year=2009\part_0007.parquet
2026-08-18 00:55:43,732 INFO [metro.replication.writer] Garbage collection executado | memory_before_mb=349.1 | memory_after_mb=349.1 | freed_mb=0.0 | freed_percent=0.0 | collected=0
2026-08-18 00:55:43,981 INFO [metro.replication.writer] Materializando parte 8 (path=raw/stackoverflow_votes/_tmp/year=2009/part_0008.parquet, rows=200000)
2026-08-18 00:55:43,982 INFO [metro.targets.local] Gravando Parquet em local\raw\stackoverflow_votes\_tmp\year=2009\part_0008.parquet
2026-08-18 00:55:44,007 INFO [metro.replication.writer] Garbage collection executado | memory_before_mb=356.3 | memory_after_mb=356.3 | freed_mb=0.0 | freed_percent=0.0 | collected=0
2026-08-18 00:55:44,265 INFO [metro.replication.writer] Materializando parte 9 (path=raw/stackoverflow_votes/_tmp/year=2009/part_0009.parquet, rows=200000)
2026-08-18 00:55:44,266 INFO [metro.targets.local] Gravando Parquet em local\raw\stackoverflow_votes\_tmp\year=2009\part_0009.parquet
2026-08-18 00:55:44,297 INFO [metro.replication.writer] Garbage collection executado | memory_before_mb=364.6 | memory_after_mb=364.6 | freed_mb=0.0 | freed_percent=0.0 | collected=0
2026-08-18 00:55:44,572 INFO [metro.replication.writer] Materializando parte 10 (path=raw/stackoverflow_votes/_tmp/year=2009/part_0010.parquet, rows=200000)
2026-08-18 00:55:44,572 INFO [metro.targets.local] Gravando Parquet em local\raw\stackoverflow_votes\_tmp\year=2009\part_0010.parquet
2026-08-18 00:55:44,604 INFO [metro.replication.writer] Garbage collection executado | memory_before_mb=362.6 | memory_after_mb=362.6 | freed_mb=0.0 | freed_percent=0.0 | collected=0
2026-08-18 00:55:44,921 INFO [metro.replication.writer] Materializando parte 11 (path=raw/stackoverflow_votes/_tmp/year=2009/part_0011.parquet, rows=200000)
2026-08-18 00:55:44,921 INFO [metro.targets.local] Gravando Parquet em local\raw\stackoverflow_votes\_tmp\year=2009\part_0011.parquet
2026-08-18 00:55:44,955 INFO [metro.replication.writer] Garbage collection executado | memory_before_mb=370.7 | memory_after_mb=370.7 | freed_mb=0.0 | freed_percent=0.0 | collected=0
2026-08-18 00:55:45,220 INFO [metro.replication.writer] Materializando parte 12 (path=raw/stackoverflow_votes/_tmp/year=2009/part_0012.parquet, rows=200000)
2026-08-18 00:55:45,221 INFO [metro.targets.local] Gravando Parquet em local\raw\stackoverflow_votes\_tmp\year=2009\part_0012.parquet
2026-08-18 00:55:45,246 INFO [metro.replication.writer] Garbage collection executado | memory_before_mb=376.5 | memory_after_mb=376.5 | freed_mb=0.0 | freed_percent=0.0 | collected=0
2026-08-18 00:55:45,505 INFO [metro.replication.writer] Materializando parte 13 (path=raw/stackoverflow_votes/_tmp/year=2009/part_0013.parquet, rows=200000)
2026-08-18 00:55:45,505 INFO [metro.targets.local] Gravando Parquet em local\raw\stackoverflow_votes\_tmp\year=2009\part_0013.parquet
2026-08-18 00:55:45,534 INFO [metro.replication.writer] Garbage collection executado | memory_before_mb=370.7 | memory_after_mb=370.7 | freed_mb=0.0 | freed_percent=0.0 | collected=0
2026-08-18 00:55:45,782 INFO [metro.replication.writer] Materializando parte 14 (path=raw/stackoverflow_votes/_tmp/year=2009/part_0014.parquet, rows=200000)
2026-08-18 00:55:45,783 INFO [metro.targets.local] Gravando Parquet em local\raw\stackoverflow_votes\_tmp\year=2009\part_0014.parquet
2026-08-18 00:55:45,812 INFO [metro.replication.writer] Garbage collection executado | memory_before_mb=374.9 | memory_after_mb=374.9 | freed_mb=0.0 | freed_percent=0.0 | collected=0
2026-08-18 00:55:46,058 INFO [metro.replication.writer] Materializando parte 15 (path=raw/stackoverflow_votes/_tmp/year=2009/part_0015.parquet, rows=200000)
2026-08-18 00:55:46,059 INFO [metro.targets.local] Gravando Parquet em local\raw\stackoverflow_votes\_tmp\year=2009\part_0015.parquet
2026-08-18 00:55:46,085 INFO [metro.replication.writer] Garbage collection executado | memory_before_mb=377.9 | memory_after_mb=377.9 | freed_mb=0.0 | freed_percent=0.0 | collected=0
2026-08-18 00:55:46,334 INFO [metro.replication.writer] Materializando parte 16 (path=raw/stackoverflow_votes/_tmp/year=2009/part_0016.parquet, rows=200000)
2026-08-18 00:55:46,335 INFO [metro.targets.local] Gravando Parquet em local\raw\stackoverflow_votes\_tmp\year=2009\part_0016.parquet
2026-08-18 00:55:46,365 INFO [metro.replication.writer] Garbage collection executado | memory_before_mb=383.4 | memory_after_mb=383.4 | freed_mb=0.0 | freed_percent=0.0 | collected=0
2026-08-18 00:55:46,620 INFO [metro.replication.writer] Materializando parte 17 (path=raw/stackoverflow_votes/_tmp/year=2009/part_0017.parquet, rows=200000)
2026-08-18 00:55:46,621 INFO [metro.targets.local] Gravando Parquet em local\raw\stackoverflow_votes\_tmp\year=2009\part_0017.parquet
2026-08-18 00:55:46,649 INFO [metro.replication.writer] Garbage collection executado | memory_before_mb=373.5 | memory_after_mb=373.5 | freed_mb=0.0 | freed_percent=0.0 | collected=0
2026-08-18 00:55:46,957 INFO [metro.replication.writer] Materializando parte 1 (path=raw/stackoverflow_votes/_tmp/year=2010/part_0001.parquet, rows=200000)
2026-08-18 00:55:46,957 INFO [metro.targets.local] Gravando Parquet em local\raw\stackoverflow_votes\_tmp\year=2010\part_0001.parquet
2026-08-18 00:55:46,987 INFO [metro.replication.writer] Garbage collection executado | memory_before_mb=396.8 | memory_after_mb=396.8 | freed_mb=0.0 | freed_percent=0.0 | collected=0
2026-08-18 00:55:47,232 INFO [metro.replication.writer] Materializando parte 2 (path=raw/stackoverflow_votes/_tmp/year=2010/part_0002.parquet, rows=200000)
2026-08-18 00:55:47,233 INFO [metro.targets.local] Gravando Parquet em local\raw\stackoverflow_votes\_tmp\year=2010\part_0002.parquet
2026-08-18 00:55:47,264 INFO [metro.replication.writer] Garbage collection executado | memory_before_mb=402.7 | memory_after_mb=402.7 | freed_mb=0.0 | freed_percent=0.0 | collected=0
2026-08-18 00:55:47,522 INFO [metro.replication.writer] Materializando parte 3 (path=raw/stackoverflow_votes/_tmp/year=2010/part_0003.parquet, rows=200000)
2026-08-18 00:55:47,522 INFO [metro.targets.local] Gravando Parquet em local\raw\stackoverflow_votes\_tmp\year=2010\part_0003.parquet
2026-08-18 00:55:47,554 INFO [metro.replication.writer] Garbage collection executado | memory_before_mb=393.1 | memory_after_mb=393.1 | freed_mb=0.0 | freed_percent=0.0 | collected=0
2026-08-18 00:55:47,818 INFO [metro.replication.writer] Materializando parte 4 (path=raw/stackoverflow_votes/_tmp/year=2010/part_0004.parquet, rows=200000)
2026-08-18 00:55:47,819 INFO [metro.targets.local] Gravando Parquet em local\raw\stackoverflow_votes\_tmp\year=2010\part_0004.parquet
2026-08-18 00:55:47,850 INFO [metro.replication.writer] Garbage collection executado | memory_before_mb=403.2 | memory_after_mb=403.2 | freed_mb=0.0 | freed_percent=0.0 | collected=0
2026-08-18 00:55:48,152 INFO [metro.replication.writer] Materializando parte 5 (path=raw/stackoverflow_votes/_tmp/year=2010/part_0005.parquet, rows=200000)
2026-08-18 00:55:48,153 INFO [metro.targets.local] Gravando Parquet em local\raw\stackoverflow_votes\_tmp\year=2010\part_0005.parquet
2026-08-18 00:55:48,184 INFO [metro.replication.writer] Garbage collection executado | memory_before_mb=424.9 | memory_after_mb=424.9 | freed_mb=0.0 | freed_percent=0.0 | collected=0
2026-08-18 00:55:48,435 INFO [metro.replication.writer] Materializando parte 6 (path=raw/stackoverflow_votes/_tmp/year=2010/part_0006.parquet, rows=200000)
2026-08-18 00:55:48,437 INFO [metro.targets.local] Gravando Parquet em local\raw\stackoverflow_votes\_tmp\year=2010\part_0006.parquet
2026-08-18 00:55:48,466 INFO [metro.replication.writer] Garbage collection executado | memory_before_mb=427.2 | memory_after_mb=427.2 | freed_mb=0.0 | freed_percent=0.0 | collected=0
2026-08-18 00:55:48,763 INFO [metro.replication.writer] Materializando parte 7 (path=raw/stackoverflow_votes/_tmp/year=2010/part_0007.parquet, rows=200000)
2026-08-18 00:55:48,763 INFO [metro.targets.local] Gravando Parquet em local\raw\stackoverflow_votes\_tmp\year=2010\part_0007.parquet
2026-08-18 00:55:48,801 INFO [metro.replication.writer] Garbage collection executado | memory_before_mb=412.0 | memory_after_mb=412.0 | freed_mb=0.0 | freed_percent=0.0 | collected=0
2026-08-18 00:55:49,107 INFO [metro.replication.writer] Materializando parte 8 (path=raw/stackoverflow_votes/_tmp/year=2010/part_0008.parquet, rows=200000)
2026-08-18 00:55:49,108 INFO [metro.targets.local] Gravando Parquet em local\raw\stackoverflow_votes\_tmp\year=2010\part_0008.parquet
2026-08-18 00:55:49,143 INFO [metro.replication.writer] Garbage collection executado | memory_before_mb=419.3 | memory_after_mb=419.3 | freed_mb=0.0 | freed_percent=0.0 | collected=0
2026-08-18 00:55:49,380 INFO [metro.replication.writer] Materializando parte 9 (path=raw/stackoverflow_votes/_tmp/year=2010/part_0009.parquet, rows=200000)
2026-08-18 00:55:49,381 INFO [metro.targets.local] Gravando Parquet em local\raw\stackoverflow_votes\_tmp\year=2010\part_0009.parquet
2026-08-18 00:55:49,408 INFO [metro.replication.writer] Garbage collection executado | memory_before_mb=423.6 | memory_after_mb=423.6 | freed_mb=0.0 | freed_percent=0.0 | collected=0
2026-08-18 00:55:49,653 INFO [metro.replication.writer] Materializando parte 10 (path=raw/stackoverflow_votes/_tmp/year=2010/part_0010.parquet, rows=200000)
2026-08-18 00:55:49,654 INFO [metro.targets.local] Gravando Parquet em local\raw\stackoverflow_votes\_tmp\year=2010\part_0010.parquet
2026-08-18 00:55:49,680 INFO [metro.replication.writer] Garbage collection executado | memory_before_mb=419.7 | memory_after_mb=419.7 | freed_mb=0.0 | freed_percent=0.0 | collected=0
2026-08-18 00:55:49,937 INFO [metro.replication.writer] Materializando parte 11 (path=raw/stackoverflow_votes/_tmp/year=2010/part_0011.parquet, rows=200000)
2026-08-18 00:55:49,937 INFO [metro.targets.local] Gravando Parquet em local\raw\stackoverflow_votes\_tmp\year=2010\part_0011.parquet
2026-08-18 00:55:49,966 INFO [metro.replication.writer] Garbage collection executado | memory_before_mb=429.1 | memory_after_mb=429.1 | freed_mb=0.0 | freed_percent=0.0 | collected=0
2026-08-18 00:55:50,204 INFO [metro.replication.writer] Materializando parte 12 (path=raw/stackoverflow_votes/_tmp/year=2010/part_0012.parquet, rows=200000)
2026-08-18 00:55:50,204 INFO [metro.targets.local] Gravando Parquet em local\raw\stackoverflow_votes\_tmp\year=2010\part_0012.parquet
2026-08-18 00:55:50,234 INFO [metro.replication.writer] Garbage collection executado | memory_before_mb=437.6 | memory_after_mb=437.6 | freed_mb=0.0 | freed_percent=0.0 | collected=0
2026-08-18 00:55:50,474 INFO [metro.replication.writer] Materializando parte 13 (path=raw/stackoverflow_votes/_tmp/year=2010/part_0013.parquet, rows=200000)
2026-08-18 00:55:50,475 INFO [metro.targets.local] Gravando Parquet em local\raw\stackoverflow_votes\_tmp\year=2010\part_0013.parquet
2026-08-18 00:55:50,504 INFO [metro.replication.writer] Garbage collection executado | memory_before_mb=439.1 | memory_after_mb=439.1 | freed_mb=0.0 | freed_percent=0.0 | collected=0
2026-08-18 00:55:50,751 INFO [metro.replication.writer] Materializando parte 14 (path=raw/stackoverflow_votes/_tmp/year=2010/part_0014.parquet, rows=200000)
2026-08-18 00:55:50,752 INFO [metro.targets.local] Gravando Parquet em local\raw\stackoverflow_votes\_tmp\year=2010\part_0014.parquet
2026-08-18 00:55:50,782 INFO [metro.replication.writer] Garbage collection executado | memory_before_mb=433.4 | memory_after_mb=433.4 | freed_mb=0.0 | freed_percent=0.0 | collected=0
2026-08-18 00:55:51,069 INFO [metro.replication.writer] Materializando parte 15 (path=raw/stackoverflow_votes/_tmp/year=2010/part_0015.parquet, rows=200000)
2026-08-18 00:55:51,069 INFO [metro.targets.local] Gravando Parquet em local\raw\stackoverflow_votes\_tmp\year=2010\part_0015.parquet
2026-08-18 00:55:51,111 INFO [metro.replication.writer] Garbage collection executado | memory_before_mb=437.2 | memory_after_mb=437.2 | freed_mb=0.0 | freed_percent=0.0 | collected=0
2026-08-18 00:55:51,410 INFO [metro.replication.writer] Materializando parte 16 (path=raw/stackoverflow_votes/_tmp/year=2010/part_0016.parquet, rows=200000)
2026-08-18 00:55:51,412 INFO [metro.targets.local] Gravando Parquet em local\raw\stackoverflow_votes\_tmp\year=2010\part_0016.parquet
2026-08-18 00:55:51,446 INFO [metro.replication.writer] Garbage collection executado | memory_before_mb=441.5 | memory_after_mb=441.5 | freed_mb=0.0 | freed_percent=0.0 | collected=0
2026-08-18 00:55:51,705 INFO [metro.replication.writer] Materializando parte 17 (path=raw/stackoverflow_votes/_tmp/year=2010/part_0017.parquet, rows=200000)
2026-08-18 00:55:51,707 INFO [metro.targets.local] Gravando Parquet em local\raw\stackoverflow_votes\_tmp\year=2010\part_0017.parquet
2026-08-18 00:55:51,737 INFO [metro.replication.writer] Garbage collection executado | memory_before_mb=438.1 | memory_after_mb=438.1 | freed_mb=0.0 | freed_percent=0.0 | collected=0
2026-08-18 00:55:52,025 INFO [metro.replication.writer] Materializando parte 18 (path=raw/stackoverflow_votes/_tmp/year=2010/part_0018.parquet, rows=200000)
2026-08-18 00:55:52,025 INFO [metro.targets.local] Gravando Parquet em local\raw\stackoverflow_votes\_tmp\year=2010\part_0018.parquet
2026-08-18 00:55:52,057 INFO [metro.replication.writer] Garbage collection executado | memory_before_mb=443.0 | memory_after_mb=443.0 | freed_mb=0.0 | freed_percent=0.0 | collected=0
2026-08-18 00:55:52,322 INFO [metro.replication.writer] Materializando parte 19 (path=raw/stackoverflow_votes/_tmp/year=2010/part_0019.parquet, rows=200000)
2026-08-18 00:55:52,322 INFO [metro.targets.local] Gravando Parquet em local\raw\stackoverflow_votes\_tmp\year=2010\part_0019.parquet
2026-08-18 00:55:52,351 INFO [metro.replication.writer] Garbage collection executado | memory_before_mb=446.5 | memory_after_mb=446.5 | freed_mb=0.0 | freed_percent=0.0 | collected=0
2026-08-18 00:55:52,614 INFO [metro.replication.writer] Materializando parte 20 (path=raw/stackoverflow_votes/_tmp/year=2010/part_0020.parquet, rows=200000)
2026-08-18 00:55:52,615 INFO [metro.targets.local] Gravando Parquet em local\raw\stackoverflow_votes\_tmp\year=2010\part_0020.parquet
2026-08-18 00:55:52,644 INFO [metro.replication.writer] Garbage collection executado | memory_before_mb=439.7 | memory_after_mb=439.7 | freed_mb=0.0 | freed_percent=0.0 | collected=0
2026-08-18 00:55:52,948 INFO [metro.replication.writer] Materializando parte 21 (path=raw/stackoverflow_votes/_tmp/year=2010/part_0021.parquet, rows=200000)
2026-08-18 00:55:52,949 INFO [metro.targets.local] Gravando Parquet em local\raw\stackoverflow_votes\_tmp\year=2010\part_0021.parquet
2026-08-18 00:55:52,981 INFO [metro.replication.writer] Garbage collection executado | memory_before_mb=441.3 | memory_after_mb=441.3 | freed_mb=0.0 | freed_percent=0.0 | collected=0
2026-08-18 00:55:53,241 INFO [metro.replication.writer] Materializando parte 22 (path=raw/stackoverflow_votes/_tmp/year=2010/part_0022.parquet, rows=200000)
2026-08-18 00:55:53,242 INFO [metro.targets.local] Gravando Parquet em local\raw\stackoverflow_votes\_tmp\year=2010\part_0022.parquet
2026-08-18 00:55:53,272 INFO [metro.replication.writer] Garbage collection executado | memory_before_mb=442.3 | memory_after_mb=442.3 | freed_mb=0.0 | freed_percent=0.0 | collected=0
2026-08-18 00:55:53,527 INFO [metro.replication.writer] Materializando parte 23 (path=raw/stackoverflow_votes/_tmp/year=2010/part_0023.parquet, rows=200000)
2026-08-18 00:55:53,528 INFO [metro.targets.local] Gravando Parquet em local\raw\stackoverflow_votes\_tmp\year=2010\part_0023.parquet
2026-08-18 00:55:53,559 INFO [metro.replication.writer] Garbage collection executado | memory_before_mb=443.6 | memory_after_mb=443.6 | freed_mb=0.0 | freed_percent=0.0 | collected=0
2026-08-18 00:55:53,815 INFO [metro.replication.writer] Materializando parte 24 (path=raw/stackoverflow_votes/_tmp/year=2010/part_0024.parquet, rows=200000)
2026-08-18 00:55:53,815 INFO [metro.targets.local] Gravando Parquet em local\raw\stackoverflow_votes\_tmp\year=2010\part_0024.parquet
2026-08-18 00:55:53,845 INFO [metro.replication.writer] Garbage collection executado | memory_before_mb=442.0 | memory_after_mb=442.0 | freed_mb=0.0 | freed_percent=0.0 | collected=0
2026-08-18 00:55:54,108 INFO [metro.replication.writer] Materializando parte 25 (path=raw/stackoverflow_votes/_tmp/year=2010/part_0025.parquet, rows=200000)
2026-08-18 00:55:54,108 INFO [metro.targets.local] Gravando Parquet em local\raw\stackoverflow_votes\_tmp\year=2010\part_0025.parquet
2026-08-18 00:55:54,137 INFO [metro.replication.writer] Garbage collection executado | memory_before_mb=443.4 | memory_after_mb=443.4 | freed_mb=0.0 | freed_percent=0.0 | collected=0
2026-08-18 00:55:54,289 INFO [metro.replication.writer] Materializando parte 5 (path=raw/stackoverflow_votes/_tmp/year=2008/part_0005.parquet, rows=84821)
2026-08-18 00:55:54,290 INFO [metro.targets.local] Gravando Parquet em local\raw\stackoverflow_votes\_tmp\year=2008\part_0005.parquet
2026-08-18 00:55:54,315 INFO [metro.replication.writer] Garbage collection executado | memory_before_mb=428.6 | memory_after_mb=427.6 | freed_mb=1.0 | freed_percent=0.2 | collected=0
2026-08-18 00:55:54,318 INFO [metro.replication.writer] Materializando parte 18 (path=raw/stackoverflow_votes/_tmp/year=2009/part_0018.parquet, rows=40069)
2026-08-18 00:55:54,318 INFO [metro.targets.local] Gravando Parquet em local\raw\stackoverflow_votes\_tmp\year=2009\part_0018.parquet
2026-08-18 00:55:54,339 INFO [metro.replication.writer] Garbage collection executado | memory_before_mb=428.2 | memory_after_mb=428.2 | freed_mb=0.0 | freed_percent=0.0 | collected=0
2026-08-18 00:55:54,340 INFO [metro.replication.writer] Materializando parte 26 (path=raw/stackoverflow_votes/_tmp/year=2010/part_0026.parquet, rows=138729)
2026-08-18 00:55:54,340 INFO [metro.targets.local] Gravando Parquet em local\raw\stackoverflow_votes\_tmp\year=2010\part_0026.parquet
2026-08-18 00:55:54,369 INFO [metro.replication.writer] Garbage collection executado | memory_before_mb=423.4 | memory_after_mb=423.4 | freed_mb=0.0 | freed_percent=0.0 | collected=0
2026-08-18 00:55:54,370 INFO [metro.replication.writer] Materialização particionada concluída (rows=9463619, files=49, read_batches=190, partitions_written=3, tracked_max=N/A)
2026-08-18 00:55:54,370 INFO [metro.replication.full_load.strategy] Full Load particionado concluído (table=public.votes)
2026-08-18 00:55:54,380 INFO [metro.targets.local] Staging commitado (dataset=raw/stackoverflow_votes)
2026-08-18 00:55:54,380 INFO [metro.sources.sql.postgresql] Conexão PostgreSQL encerrada (runtime=stackoverflow_postgres_database)
2026-08-18 00:55:54,380 INFO [metro.cli.main] Replicação concluída (table=public.votes)
