2026-08-18 19:36:35,908 INFO [metro.cli.main] Arquivo de log: C:\Users\Vinicius Luiz\Desktop\Scripts\metro\logs\film_20260818_193635.log
2026-08-18 19:36:35,908 INFO [metro.cli.main] Construindo task via argumentos CLI
2026-08-18 19:36:35,908 INFO [metro.cli.main] Metadados habilitados (source=public.film, timestamp=2026-08-18T19:36:35)
2026-08-18 19:36:35,909 INFO [metro.cli.main] Iniciando replicação (table=public.film, mode=incremental, source=postgresql, target=local)
2026-08-18 19:36:35,910 INFO [metro.sources.sql.postgresql] Conectando ao PostgreSQL (runtime=pagila_postgres_database)
2026-08-18 19:36:35,997 INFO [metro.targets.local] LocalTarget pronto (runtime=development_storage, base_path=local)
2026-08-18 19:36:35,999 INFO [metro.replication.incremental.replace.partition] Iniciando Replace/Partition (table=public.film, path=raw/pagila_film, column=last_update, granularity=year, lookback_periods=5, cutoff=2022-01-01, partitions=['year=2022', 'year=2023', 'year=2024', 'year=2025', 'year=2026'])
2026-08-18 19:36:35,999 INFO [metro.sources.sql.postgresql] Lower bound aplicado (runtime=pagila_postgres_database, column=last_update, min_value=2022-01-01, inclusive=True)
2026-08-18 19:36:36,000 INFO [metro.targets.local] Staging iniciado: local\raw\pagila_film\_tmp
2026-08-18 19:36:36,001 INFO [metro.sources.sql.postgresql] Executando query no PostgreSQL (runtime=pagila_postgres_database)
2026-08-18 19:36:36,028 INFO [metro.replication.writer] Materializando parte 1 (path=raw/pagila_film/_tmp/year=2022/part_0001.parquet, rows=1000)
2026-08-18 19:36:36,029 INFO [metro.targets.local] Gravando Parquet em local\raw\pagila_film\_tmp\year=2022\part_0001.parquet
2026-08-18 19:36:36,032 INFO [metro.replication.writer] Materialização particionada concluída (rows=1000, files=1, read_batches=1, partitions_written=1, tracked_max=N/A)
2026-08-18 19:36:36,038 INFO [metro.targets.local] Partição promovida: local\raw\pagila_film\year=2022
2026-08-18 19:36:36,039 INFO [metro.targets.local] Partição removida (sem dados no staging): local\raw\pagila_film\year=2023
2026-08-18 19:36:36,039 INFO [metro.targets.local] Partição removida (sem dados no staging): local\raw\pagila_film\year=2024
2026-08-18 19:36:36,039 INFO [metro.targets.local] Partição removida (sem dados no staging): local\raw\pagila_film\year=2025
2026-08-18 19:36:36,039 INFO [metro.targets.local] Partição removida (sem dados no staging): local\raw\pagila_film\year=2026
2026-08-18 19:36:36,040 INFO [metro.targets.local] Staging commitado (dataset=raw/pagila_film)
2026-08-18 19:36:36,040 INFO [metro.replication.incremental.replace.partition] Replace/Partition concluído (table=public.film, partitions=5)
2026-08-18 19:36:36,040 INFO [metro.sources.sql.postgresql] Conexão PostgreSQL encerrada (runtime=pagila_postgres_database)
2026-08-18 19:36:36,040 INFO [metro.cli.main] Replicação concluída (table=public.film)
