2026-08-14 01:51:36,801 INFO [metro.cli.main] Arquivo de log: C:\Users\Vinicius Luiz\Desktop\Scripts\metro\logs\stackoverflow_comments_20260814_015136.log
2026-08-14 01:51:36,801 INFO [metro.cli.main] Carregando task: c:\Users\Vinicius Luiz\Desktop\Scripts\metro\tasks\stackoverflow_comments.yaml
2026-08-14 01:51:36,804 INFO [metro.cli.main] Iniciando replicação (table=public.comments, mode=full_load, source=postgresql, target=local)
2026-08-14 01:51:36,804 INFO [metro.sources.sql.postgresql] Conectando ao PostgreSQL (runtime=stackoverflow_database)
2026-08-14 01:51:36,882 INFO [metro.targets.local] LocalTarget pronto (runtime=development_storage, base_path=local)
2026-08-14 01:51:36,883 INFO [metro.replication.full_load] Iniciando Full Load em batches (table=public.comments, path=raw/stackoverflow_comments, source.chunk_size=50000, target.chunk_size=200000)
2026-08-14 01:51:36,886 INFO [metro.sources.sql.postgresql] Query padrão montada para public.comments (8 colunas)
2026-08-14 01:51:36,887 INFO [metro.sources.sql.postgresql] Lendo PostgreSQL em batches (runtime=stackoverflow_database, chunk_size=50000)
2026-08-14 01:51:37,468 INFO [metro.replication.full_load] Materializando parte 1 (path=raw/stackoverflow_comments/part_0001.parquet, rows=200000)
2026-08-14 01:51:37,469 INFO [metro.targets.local] Gravando Parquet em local\raw\stackoverflow_comments\part_0001.parquet
2026-08-14 01:51:37,599 INFO [metro.replication.full_load] Garbage collection executado | memory_before_mb=272.5 | memory_after_mb=272.5 | freed_mb=0.0 | freed_percent=0.0 | collected=0
2026-08-14 01:51:38,406 INFO [metro.replication.full_load] Materializando parte 2 (path=raw/stackoverflow_comments/part_0002.parquet, rows=200000)
2026-08-14 01:51:38,408 INFO [metro.targets.local] Gravando Parquet em local\raw\stackoverflow_comments\part_0002.parquet
2026-08-14 01:51:38,565 INFO [metro.replication.full_load] Garbage collection executado | memory_before_mb=315.5 | memory_after_mb=315.5 | freed_mb=0.0 | freed_percent=0.0 | collected=0
2026-08-14 01:51:39,234 INFO [metro.replication.full_load] Materializando parte 3 (path=raw/stackoverflow_comments/part_0003.parquet, rows=200000)
2026-08-14 01:51:39,234 INFO [metro.targets.local] Gravando Parquet em local\raw\stackoverflow_comments\part_0003.parquet
2026-08-14 01:51:39,379 INFO [metro.replication.full_load] Garbage collection executado | memory_before_mb=356.4 | memory_after_mb=356.4 | freed_mb=0.0 | freed_percent=0.0 | collected=0
2026-08-14 01:51:40,431 INFO [metro.replication.full_load] Materializando parte 4 (path=raw/stackoverflow_comments/part_0004.parquet, rows=200000)
2026-08-14 01:51:40,431 INFO [metro.targets.local] Gravando Parquet em local\raw\stackoverflow_comments\part_0004.parquet
2026-08-14 01:51:40,575 INFO [metro.replication.full_load] Garbage collection executado | memory_before_mb=376.3 | memory_after_mb=376.3 | freed_mb=0.0 | freed_percent=0.0 | collected=0
2026-08-14 01:51:41,249 INFO [metro.replication.full_load] Materializando parte 5 (path=raw/stackoverflow_comments/part_0005.parquet, rows=200000)
2026-08-14 01:51:41,249 INFO [metro.targets.local] Gravando Parquet em local\raw\stackoverflow_comments\part_0005.parquet
2026-08-14 01:51:41,408 INFO [metro.replication.full_load] Garbage collection executado | memory_before_mb=400.3 | memory_after_mb=400.3 | freed_mb=0.0 | freed_percent=0.0 | collected=0
2026-08-14 01:51:42,059 INFO [metro.replication.full_load] Materializando parte 6 (path=raw/stackoverflow_comments/part_0006.parquet, rows=200000)
2026-08-14 01:51:42,060 INFO [metro.targets.local] Gravando Parquet em local\raw\stackoverflow_comments\part_0006.parquet
2026-08-14 01:51:42,212 INFO [metro.replication.full_load] Garbage collection executado | memory_before_mb=424.7 | memory_after_mb=424.7 | freed_mb=0.0 | freed_percent=0.0 | collected=0
2026-08-14 01:51:42,834 INFO [metro.replication.full_load] Materializando parte 7 (path=raw/stackoverflow_comments/part_0007.parquet, rows=200000)
2026-08-14 01:51:42,835 INFO [metro.targets.local] Gravando Parquet em local\raw\stackoverflow_comments\part_0007.parquet
2026-08-14 01:51:42,975 INFO [metro.replication.full_load] Garbage collection executado | memory_before_mb=403.0 | memory_after_mb=403.0 | freed_mb=0.0 | freed_percent=0.0 | collected=0
2026-08-14 01:51:43,594 INFO [metro.replication.full_load] Materializando parte 8 (path=raw/stackoverflow_comments/part_0008.parquet, rows=200000)
2026-08-14 01:51:43,595 INFO [metro.targets.local] Gravando Parquet em local\raw\stackoverflow_comments\part_0008.parquet
2026-08-14 01:51:43,746 INFO [metro.replication.full_load] Garbage collection executado | memory_before_mb=412.4 | memory_after_mb=412.4 | freed_mb=0.0 | freed_percent=0.0 | collected=0
2026-08-14 01:51:44,324 INFO [metro.replication.full_load] Materializando parte 9 (path=raw/stackoverflow_comments/part_0009.parquet, rows=200000)
2026-08-14 01:51:44,325 INFO [metro.targets.local] Gravando Parquet em local\raw\stackoverflow_comments\part_0009.parquet
2026-08-14 01:51:44,468 INFO [metro.replication.full_load] Garbage collection executado | memory_before_mb=411.4 | memory_after_mb=411.4 | freed_mb=0.0 | freed_percent=0.0 | collected=0
2026-08-14 01:51:45,054 INFO [metro.replication.full_load] Materializando parte 10 (path=raw/stackoverflow_comments/part_0010.parquet, rows=200000)
2026-08-14 01:51:45,054 INFO [metro.targets.local] Gravando Parquet em local\raw\stackoverflow_comments\part_0010.parquet
2026-08-14 01:51:45,222 INFO [metro.replication.full_load] Garbage collection executado | memory_before_mb=469.8 | memory_after_mb=469.8 | freed_mb=0.0 | freed_percent=0.0 | collected=0
2026-08-14 01:51:45,827 INFO [metro.replication.full_load] Materializando parte 11 (path=raw/stackoverflow_comments/part_0011.parquet, rows=200000)
2026-08-14 01:51:45,828 INFO [metro.targets.local] Gravando Parquet em local\raw\stackoverflow_comments\part_0011.parquet
2026-08-14 01:51:45,987 INFO [metro.replication.full_load] Garbage collection executado | memory_before_mb=428.8 | memory_after_mb=428.8 | freed_mb=0.0 | freed_percent=0.0 | collected=0
2026-08-14 01:51:46,713 INFO [metro.replication.full_load] Materializando parte 12 (path=raw/stackoverflow_comments/part_0012.parquet, rows=200000)
2026-08-14 01:51:46,714 INFO [metro.targets.local] Gravando Parquet em local\raw\stackoverflow_comments\part_0012.parquet
2026-08-14 01:51:46,853 INFO [metro.replication.full_load] Garbage collection executado | memory_before_mb=429.8 | memory_after_mb=429.8 | freed_mb=0.0 | freed_percent=0.0 | collected=0
2026-08-14 01:51:47,430 INFO [metro.replication.full_load] Materializando parte 13 (path=raw/stackoverflow_comments/part_0013.parquet, rows=200000)
2026-08-14 01:51:47,431 INFO [metro.targets.local] Gravando Parquet em local\raw\stackoverflow_comments\part_0013.parquet
2026-08-14 01:51:47,576 INFO [metro.replication.full_load] Garbage collection executado | memory_before_mb=414.4 | memory_after_mb=414.4 | freed_mb=0.0 | freed_percent=0.0 | collected=0
2026-08-14 01:51:48,155 INFO [metro.replication.full_load] Materializando parte 14 (path=raw/stackoverflow_comments/part_0014.parquet, rows=200000)
2026-08-14 01:51:48,156 INFO [metro.targets.local] Gravando Parquet em local\raw\stackoverflow_comments\part_0014.parquet
2026-08-14 01:51:48,304 INFO [metro.replication.full_load] Garbage collection executado | memory_before_mb=490.1 | memory_after_mb=490.1 | freed_mb=0.0 | freed_percent=0.0 | collected=0
2026-08-14 01:51:48,896 INFO [metro.replication.full_load] Materializando parte 15 (path=raw/stackoverflow_comments/part_0015.parquet, rows=200000)
2026-08-14 01:51:48,896 INFO [metro.targets.local] Gravando Parquet em local\raw\stackoverflow_comments\part_0015.parquet
2026-08-14 01:51:49,039 INFO [metro.replication.full_load] Garbage collection executado | memory_before_mb=426.9 | memory_after_mb=426.9 | freed_mb=0.0 | freed_percent=0.0 | collected=0
2026-08-14 01:51:49,636 INFO [metro.replication.full_load] Materializando parte 16 (path=raw/stackoverflow_comments/part_0016.parquet, rows=200000)
2026-08-14 01:51:49,636 INFO [metro.targets.local] Gravando Parquet em local\raw\stackoverflow_comments\part_0016.parquet
2026-08-14 01:51:49,768 INFO [metro.replication.full_load] Garbage collection executado | memory_before_mb=429.7 | memory_after_mb=429.7 | freed_mb=0.0 | freed_percent=0.0 | collected=0
2026-08-14 01:51:50,214 INFO [metro.replication.full_load] Materializando parte 17 (path=raw/stackoverflow_comments/part_0017.parquet, rows=153493)
2026-08-14 01:51:50,215 INFO [metro.targets.local] Gravando Parquet em local\raw\stackoverflow_comments\part_0017.parquet
2026-08-14 01:51:50,340 INFO [metro.replication.full_load] Garbage collection executado | memory_before_mb=383.7 | memory_after_mb=376.7 | freed_mb=7.0 | freed_percent=1.8 | collected=0
2026-08-14 01:51:50,340 INFO [metro.replication.full_load] Full Load concluído (table=public.comments, rows=3353493, files=17, read_batches=68)
2026-08-14 01:51:50,341 INFO [metro.sources.sql.postgresql] Conexão PostgreSQL encerrada (runtime=stackoverflow_database)
2026-08-14 01:51:50,341 INFO [metro.cli.main] Replicação concluída (table=public.comments)
