2026-08-16 20:50:23,407 INFO [metro.cli.main] Arquivo de log: C:\Users\Vinicius Luiz\Desktop\Scripts\metro\logs\stackoverflow_posts_20260816_205023.log
2026-08-16 20:50:23,408 INFO [metro.cli.main] Carregando task: tasks\stackoverflow_posts.yaml
2026-08-16 20:50:23,410 INFO [metro.cli.main] Iniciando replicação (table=public.posts, mode=full_load, source=postgresql, target=local)
2026-08-16 20:50:23,411 INFO [metro.sources.sql.postgresql] Conectando ao PostgreSQL (runtime=stackoverflow_postgres_database)
2026-08-16 20:50:23,494 INFO [metro.targets.local] LocalTarget pronto (runtime=development_storage, base_path=local)
2026-08-16 20:50:23,495 INFO [metro.targets.local] Staging iniciado: local\raw\stackoverflow_posts\_tmp
2026-08-16 20:50:23,496 INFO [metro.replication.full_load] Iniciando Full Load particionado (table=public.posts, path=raw/stackoverflow_posts, column=creationdate, granularity=year)
2026-08-16 20:50:23,500 INFO [metro.sources.sql.postgresql] Query padrão montada para public.posts (23 colunas)
2026-08-16 20:50:23,500 INFO [metro.sources.sql.postgresql] Lendo PostgreSQL em batches (runtime=stackoverflow_postgres_database, chunk_size=50000)
2026-08-16 20:50:26,457 INFO [metro.replication.writer] Materializando parte 1 (path=raw/stackoverflow_posts/_tmp/year=2010/part_0001.parquet, rows=200000)
2026-08-16 20:50:26,457 INFO [metro.targets.local] Gravando Parquet em local\raw\stackoverflow_posts\_tmp\year=2010\part_0001.parquet
2026-08-16 20:50:26,977 INFO [metro.replication.writer] Garbage collection executado | memory_before_mb=1023.8 | memory_after_mb=1023.8 | freed_mb=0.0 | freed_percent=0.0 | collected=0
2026-08-16 20:50:28,989 INFO [metro.replication.writer] Materializando parte 1 (path=raw/stackoverflow_posts/_tmp/year=2008/part_0001.parquet, rows=200000)
2026-08-16 20:50:28,990 INFO [metro.targets.local] Gravando Parquet em local\raw\stackoverflow_posts\_tmp\year=2008\part_0001.parquet
2026-08-16 20:50:29,437 INFO [metro.replication.writer] Garbage collection executado | memory_before_mb=1117.2 | memory_after_mb=1117.2 | freed_mb=0.0 | freed_percent=0.0 | collected=0
2026-08-16 20:50:32,275 INFO [metro.replication.writer] Materializando parte 1 (path=raw/stackoverflow_posts/_tmp/year=2009/part_0001.parquet, rows=200000)
2026-08-16 20:50:32,275 INFO [metro.targets.local] Gravando Parquet em local\raw\stackoverflow_posts\_tmp\year=2009\part_0001.parquet
2026-08-16 20:50:32,746 INFO [metro.replication.writer] Garbage collection executado | memory_before_mb=1375.9 | memory_after_mb=1374.9 | freed_mb=1.0 | freed_percent=0.1 | collected=0
2026-08-16 20:50:34,958 INFO [metro.replication.writer] Materializando parte 2 (path=raw/stackoverflow_posts/_tmp/year=2009/part_0002.parquet, rows=200000)
2026-08-16 20:50:34,959 INFO [metro.targets.local] Gravando Parquet em local\raw\stackoverflow_posts\_tmp\year=2009\part_0002.parquet
2026-08-16 20:50:35,465 INFO [metro.replication.writer] Garbage collection executado | memory_before_mb=1315.7 | memory_after_mb=1315.7 | freed_mb=0.0 | freed_percent=0.0 | collected=0
2026-08-16 20:50:37,597 INFO [metro.replication.writer] Materializando parte 3 (path=raw/stackoverflow_posts/_tmp/year=2009/part_0003.parquet, rows=200000)
2026-08-16 20:50:37,598 INFO [metro.targets.local] Gravando Parquet em local\raw\stackoverflow_posts\_tmp\year=2009\part_0003.parquet
2026-08-16 20:50:38,064 INFO [metro.replication.writer] Garbage collection executado | memory_before_mb=1449.7 | memory_after_mb=1449.7 | freed_mb=0.0 | freed_percent=0.0 | collected=0
2026-08-16 20:50:40,264 INFO [metro.replication.writer] Materializando parte 4 (path=raw/stackoverflow_posts/_tmp/year=2009/part_0004.parquet, rows=200000)
2026-08-16 20:50:40,265 INFO [metro.targets.local] Gravando Parquet em local\raw\stackoverflow_posts\_tmp\year=2009\part_0004.parquet
2026-08-16 20:50:40,774 INFO [metro.replication.writer] Garbage collection executado | memory_before_mb=1369.4 | memory_after_mb=1369.4 | freed_mb=0.0 | freed_percent=0.0 | collected=0
2026-08-16 20:50:42,897 INFO [metro.replication.writer] Materializando parte 5 (path=raw/stackoverflow_posts/_tmp/year=2009/part_0005.parquet, rows=200000)
2026-08-16 20:50:42,898 INFO [metro.targets.local] Gravando Parquet em local\raw\stackoverflow_posts\_tmp\year=2009\part_0005.parquet
2026-08-16 20:50:43,393 INFO [metro.replication.writer] Garbage collection executado | memory_before_mb=1668.0 | memory_after_mb=1668.0 | freed_mb=0.0 | freed_percent=0.0 | collected=0
2026-08-16 20:50:45,975 INFO [metro.replication.writer] Materializando parte 6 (path=raw/stackoverflow_posts/_tmp/year=2009/part_0006.parquet, rows=200000)
2026-08-16 20:50:45,976 INFO [metro.targets.local] Gravando Parquet em local\raw\stackoverflow_posts\_tmp\year=2009\part_0006.parquet
2026-08-16 20:50:46,568 INFO [metro.replication.writer] Garbage collection executado | memory_before_mb=1732.7 | memory_after_mb=1732.7 | freed_mb=0.0 | freed_percent=0.0 | collected=0
2026-08-16 20:50:49,875 INFO [metro.replication.writer] Materializando parte 2 (path=raw/stackoverflow_posts/_tmp/year=2010/part_0002.parquet, rows=200000)
2026-08-16 20:50:49,875 INFO [metro.targets.local] Gravando Parquet em local\raw\stackoverflow_posts\_tmp\year=2010\part_0002.parquet
2026-08-16 20:50:50,514 INFO [metro.replication.writer] Garbage collection executado | memory_before_mb=1908.5 | memory_after_mb=1908.5 | freed_mb=0.0 | freed_percent=0.0 | collected=0
2026-08-16 20:50:53,012 INFO [metro.replication.writer] Materializando parte 3 (path=raw/stackoverflow_posts/_tmp/year=2010/part_0003.parquet, rows=200000)
2026-08-16 20:50:53,013 INFO [metro.targets.local] Gravando Parquet em local\raw\stackoverflow_posts\_tmp\year=2010\part_0003.parquet
2026-08-16 20:50:53,798 INFO [metro.replication.writer] Garbage collection executado | memory_before_mb=1602.1 | memory_after_mb=1602.1 | freed_mb=0.0 | freed_percent=0.0 | collected=0
2026-08-16 20:50:56,434 INFO [metro.replication.writer] Materializando parte 4 (path=raw/stackoverflow_posts/_tmp/year=2010/part_0004.parquet, rows=200000)
2026-08-16 20:50:56,435 INFO [metro.targets.local] Gravando Parquet em local\raw\stackoverflow_posts\_tmp\year=2010\part_0004.parquet
2026-08-16 20:50:57,066 INFO [metro.replication.writer] Garbage collection executado | memory_before_mb=1799.3 | memory_after_mb=1799.3 | freed_mb=0.0 | freed_percent=0.0 | collected=0
2026-08-16 20:50:59,344 INFO [metro.replication.writer] Materializando parte 5 (path=raw/stackoverflow_posts/_tmp/year=2010/part_0005.parquet, rows=200000)
2026-08-16 20:50:59,344 INFO [metro.targets.local] Gravando Parquet em local\raw\stackoverflow_posts\_tmp\year=2010\part_0005.parquet
2026-08-16 20:50:59,921 INFO [metro.replication.writer] Garbage collection executado | memory_before_mb=1939.4 | memory_after_mb=1939.4 | freed_mb=0.0 | freed_percent=0.0 | collected=0
2026-08-16 20:51:02,186 INFO [metro.replication.writer] Materializando parte 6 (path=raw/stackoverflow_posts/_tmp/year=2010/part_0006.parquet, rows=200000)
2026-08-16 20:51:02,187 INFO [metro.targets.local] Gravando Parquet em local\raw\stackoverflow_posts\_tmp\year=2010\part_0006.parquet
2026-08-16 20:51:02,887 INFO [metro.replication.writer] Garbage collection executado | memory_before_mb=1981.3 | memory_after_mb=1981.3 | freed_mb=0.0 | freed_percent=0.0 | collected=0
2026-08-16 20:51:05,259 INFO [metro.replication.writer] Materializando parte 7 (path=raw/stackoverflow_posts/_tmp/year=2010/part_0007.parquet, rows=200000)
2026-08-16 20:51:05,260 INFO [metro.targets.local] Gravando Parquet em local\raw\stackoverflow_posts\_tmp\year=2010\part_0007.parquet
2026-08-16 20:51:05,777 INFO [metro.replication.writer] Garbage collection executado | memory_before_mb=2041.9 | memory_after_mb=2041.9 | freed_mb=0.0 | freed_percent=0.0 | collected=0
2026-08-16 20:51:08,330 INFO [metro.replication.writer] Materializando parte 8 (path=raw/stackoverflow_posts/_tmp/year=2010/part_0008.parquet, rows=200000)
2026-08-16 20:51:08,330 INFO [metro.targets.local] Gravando Parquet em local\raw\stackoverflow_posts\_tmp\year=2010\part_0008.parquet
2026-08-16 20:51:08,842 INFO [metro.replication.writer] Garbage collection executado | memory_before_mb=2032.1 | memory_after_mb=2032.1 | freed_mb=0.0 | freed_percent=0.0 | collected=0
2026-08-16 20:51:11,629 INFO [metro.replication.writer] Materializando parte 9 (path=raw/stackoverflow_posts/_tmp/year=2010/part_0009.parquet, rows=200000)
2026-08-16 20:51:11,630 INFO [metro.targets.local] Gravando Parquet em local\raw\stackoverflow_posts\_tmp\year=2010\part_0009.parquet
2026-08-16 20:51:12,204 INFO [metro.replication.writer] Garbage collection executado | memory_before_mb=2107.8 | memory_after_mb=2107.8 | freed_mb=0.0 | freed_percent=0.0 | collected=0
2026-08-16 20:51:14,562 INFO [metro.replication.writer] Materializando parte 10 (path=raw/stackoverflow_posts/_tmp/year=2010/part_0010.parquet, rows=200000)
2026-08-16 20:51:14,563 INFO [metro.targets.local] Gravando Parquet em local\raw\stackoverflow_posts\_tmp\year=2010\part_0010.parquet
2026-08-16 20:51:15,061 INFO [metro.replication.writer] Garbage collection executado | memory_before_mb=2029.0 | memory_after_mb=2029.0 | freed_mb=0.0 | freed_percent=0.0 | collected=0
2026-08-16 20:51:16,452 INFO [metro.replication.writer] Materializando parte 11 (path=raw/stackoverflow_posts/_tmp/year=2010/part_0011.parquet, rows=144900)
2026-08-16 20:51:16,453 INFO [metro.targets.local] Gravando Parquet em local\raw\stackoverflow_posts\_tmp\year=2010\part_0011.parquet
2026-08-16 20:51:16,898 INFO [metro.replication.writer] Garbage collection executado | memory_before_mb=1748.2 | memory_after_mb=1744.2 | freed_mb=4.0 | freed_percent=0.2 | collected=0
2026-08-16 20:51:16,899 INFO [metro.replication.writer] Materializando parte 7 (path=raw/stackoverflow_posts/_tmp/year=2009/part_0007.parquet, rows=69742)
2026-08-16 20:51:16,900 INFO [metro.targets.local] Gravando Parquet em local\raw\stackoverflow_posts\_tmp\year=2009\part_0007.parquet
2026-08-16 20:51:17,211 INFO [metro.replication.writer] Garbage collection executado | memory_before_mb=1515.5 | memory_after_mb=1514.5 | freed_mb=1.0 | freed_percent=0.1 | collected=0
2026-08-16 20:51:17,212 INFO [metro.replication.writer] Materializando parte 2 (path=raw/stackoverflow_posts/_tmp/year=2008/part_0002.parquet, rows=66046)
2026-08-16 20:51:17,212 INFO [metro.targets.local] Gravando Parquet em local\raw\stackoverflow_posts\_tmp\year=2008\part_0002.parquet
2026-08-16 20:51:17,481 INFO [metro.replication.writer] Garbage collection executado | memory_before_mb=1547.0 | memory_after_mb=1545.0 | freed_mb=2.0 | freed_percent=0.1 | collected=0
2026-08-16 20:51:17,481 INFO [metro.replication.writer] Materialização particionada concluída (rows=3680688, files=20, read_batches=74, partitions_written=3)
2026-08-16 20:51:17,481 INFO [metro.replication.full_load] Full Load particionado concluído (table=public.posts)
2026-08-16 20:51:17,500 INFO [metro.targets.local] Staging commitado (dataset=raw/stackoverflow_posts)
2026-08-16 20:51:17,500 INFO [metro.sources.sql.postgresql] Conexão PostgreSQL encerrada (runtime=stackoverflow_postgres_database)
2026-08-16 20:51:17,500 INFO [metro.cli.main] Replicação concluída (table=public.posts)
