2026-08-14 01:30:16,308 INFO [metro.cli.main] Arquivo de log: C:\Users\Vinicius Luiz\Desktop\Scripts\metro\logs\stackoverflow_comments_20260814_013016.log
2026-08-14 01:30:16,308 INFO [metro.cli.main] Carregando task: tasks\stackoverflow_comments.yaml
2026-08-14 01:30:16,311 INFO [metro.cli.main] Iniciando replicação (table=public.comments, mode=full_load, source=postgresql, target=local)
2026-08-14 01:30:16,311 INFO [metro.sources.sql.postgresql] Conectando ao PostgreSQL (runtime=stackoverflow_database)
2026-08-14 01:30:16,409 INFO [metro.targets.local] LocalTarget pronto (runtime=development_storage, base_path=local)
2026-08-14 01:30:16,410 INFO [metro.replication.full_load] Iniciando Full Load em batches (table=public.comments, path=raw/stackoverflow_comments, source.chunk_size=50000, target.chunk_size=200000)
2026-08-14 01:30:16,413 INFO [metro.sources.sql.postgresql] Query padrão montada para public.comments (8 colunas)
2026-08-14 01:30:16,414 INFO [metro.sources.sql.postgresql] Lendo PostgreSQL em batches (runtime=stackoverflow_database, chunk_size=50000)
2026-08-14 01:30:17,013 INFO [metro.replication.full_load] Materializando parte 1 (path=raw/stackoverflow_comments/part_0001.parquet, rows=200000)
2026-08-14 01:30:17,014 INFO [metro.targets.local] Gravando Parquet em local\raw\stackoverflow_comments\part_0001.parquet
2026-08-14 01:30:17,899 INFO [metro.replication.full_load] Materializando parte 2 (path=raw/stackoverflow_comments/part_0002.parquet, rows=200000)
2026-08-14 01:30:17,900 INFO [metro.targets.local] Gravando Parquet em local\raw\stackoverflow_comments\part_0002.parquet
2026-08-14 01:30:18,658 INFO [metro.replication.full_load] Materializando parte 3 (path=raw/stackoverflow_comments/part_0003.parquet, rows=200000)
2026-08-14 01:30:18,658 INFO [metro.targets.local] Gravando Parquet em local\raw\stackoverflow_comments\part_0003.parquet
2026-08-14 01:30:19,567 INFO [metro.replication.full_load] Materializando parte 4 (path=raw/stackoverflow_comments/part_0004.parquet, rows=200000)
2026-08-14 01:30:19,568 INFO [metro.targets.local] Gravando Parquet em local\raw\stackoverflow_comments\part_0004.parquet
2026-08-14 01:30:20,282 INFO [metro.replication.full_load] Materializando parte 5 (path=raw/stackoverflow_comments/part_0005.parquet, rows=200000)
2026-08-14 01:30:20,283 INFO [metro.targets.local] Gravando Parquet em local\raw\stackoverflow_comments\part_0005.parquet
2026-08-14 01:30:21,012 INFO [metro.replication.full_load] Materializando parte 6 (path=raw/stackoverflow_comments/part_0006.parquet, rows=200000)
2026-08-14 01:30:21,012 INFO [metro.targets.local] Gravando Parquet em local\raw\stackoverflow_comments\part_0006.parquet
2026-08-14 01:30:22,044 INFO [metro.replication.full_load] Materializando parte 7 (path=raw/stackoverflow_comments/part_0007.parquet, rows=200000)
2026-08-14 01:30:22,044 INFO [metro.targets.local] Gravando Parquet em local\raw\stackoverflow_comments\part_0007.parquet
2026-08-14 01:30:22,933 INFO [metro.replication.full_load] Materializando parte 8 (path=raw/stackoverflow_comments/part_0008.parquet, rows=200000)
2026-08-14 01:30:22,933 INFO [metro.targets.local] Gravando Parquet em local\raw\stackoverflow_comments\part_0008.parquet
2026-08-14 01:30:23,677 INFO [metro.replication.full_load] Materializando parte 9 (path=raw/stackoverflow_comments/part_0009.parquet, rows=200000)
2026-08-14 01:30:23,677 INFO [metro.targets.local] Gravando Parquet em local\raw\stackoverflow_comments\part_0009.parquet
2026-08-14 01:30:24,518 INFO [metro.replication.full_load] Materializando parte 10 (path=raw/stackoverflow_comments/part_0010.parquet, rows=200000)
2026-08-14 01:30:24,519 INFO [metro.targets.local] Gravando Parquet em local\raw\stackoverflow_comments\part_0010.parquet
2026-08-14 01:30:25,333 INFO [metro.replication.full_load] Materializando parte 11 (path=raw/stackoverflow_comments/part_0011.parquet, rows=200000)
2026-08-14 01:30:25,334 INFO [metro.targets.local] Gravando Parquet em local\raw\stackoverflow_comments\part_0011.parquet
2026-08-14 01:30:26,388 INFO [metro.replication.full_load] Materializando parte 12 (path=raw/stackoverflow_comments/part_0012.parquet, rows=200000)
2026-08-14 01:30:26,389 INFO [metro.targets.local] Gravando Parquet em local\raw\stackoverflow_comments\part_0012.parquet
2026-08-14 01:30:27,139 INFO [metro.replication.full_load] Materializando parte 13 (path=raw/stackoverflow_comments/part_0013.parquet, rows=200000)
2026-08-14 01:30:27,139 INFO [metro.targets.local] Gravando Parquet em local\raw\stackoverflow_comments\part_0013.parquet
2026-08-14 01:30:27,874 INFO [metro.replication.full_load] Materializando parte 14 (path=raw/stackoverflow_comments/part_0014.parquet, rows=200000)
2026-08-14 01:30:27,875 INFO [metro.targets.local] Gravando Parquet em local\raw\stackoverflow_comments\part_0014.parquet
2026-08-14 01:30:28,615 INFO [metro.replication.full_load] Materializando parte 15 (path=raw/stackoverflow_comments/part_0015.parquet, rows=200000)
2026-08-14 01:30:28,616 INFO [metro.targets.local] Gravando Parquet em local\raw\stackoverflow_comments\part_0015.parquet
2026-08-14 01:30:29,322 INFO [metro.replication.full_load] Materializando parte 16 (path=raw/stackoverflow_comments/part_0016.parquet, rows=200000)
2026-08-14 01:30:29,323 INFO [metro.targets.local] Gravando Parquet em local\raw\stackoverflow_comments\part_0016.parquet
2026-08-14 01:30:29,926 INFO [metro.replication.full_load] Materializando parte 17 (path=raw/stackoverflow_comments/part_0017.parquet, rows=153493)
2026-08-14 01:30:29,927 INFO [metro.targets.local] Gravando Parquet em local\raw\stackoverflow_comments\part_0017.parquet
2026-08-14 01:30:30,063 INFO [metro.replication.full_load] Full Load concluído (table=public.comments, rows=3353493, files=17, read_batches=68)
2026-08-14 01:30:30,063 INFO [metro.sources.sql.postgresql] Conexão PostgreSQL encerrada (runtime=stackoverflow_database)
2026-08-14 01:30:30,063 INFO [metro.cli.main] Replicação concluída (table=public.comments)
