2026-08-14 01:51:53,387 INFO [metro.cli.main] Arquivo de log: C:\Users\Vinicius Luiz\Desktop\Scripts\metro\logs\stackoverflow_posts_20260814_015153.log
2026-08-14 01:51:53,387 INFO [metro.cli.main] Carregando task: c:\Users\Vinicius Luiz\Desktop\Scripts\metro\tasks\stackoverflow_posts.yaml
2026-08-14 01:51:53,390 INFO [metro.cli.main] Iniciando replicação (table=public.posts, mode=full_load, source=postgresql, target=local)
2026-08-14 01:51:53,390 INFO [metro.sources.sql.postgresql] Conectando ao PostgreSQL (runtime=stackoverflow_database)
2026-08-14 01:51:53,469 INFO [metro.targets.local] LocalTarget pronto (runtime=development_storage, base_path=local)
2026-08-14 01:51:53,470 INFO [metro.replication.full_load] Iniciando Full Load em batches (table=public.posts, path=raw/stackoverflow_posts, source.chunk_size=50000, target.chunk_size=200000)
2026-08-14 01:51:53,474 INFO [metro.sources.sql.postgresql] Query padrão montada para public.posts (23 colunas)
2026-08-14 01:51:53,474 INFO [metro.sources.sql.postgresql] Lendo PostgreSQL em batches (runtime=stackoverflow_database, chunk_size=50000)
2026-08-14 01:51:55,844 INFO [metro.replication.full_load] Materializando parte 1 (path=raw/stackoverflow_posts/part_0001.parquet, rows=200000)
2026-08-14 01:51:55,845 INFO [metro.targets.local] Gravando Parquet em local\raw\stackoverflow_posts\part_0001.parquet
2026-08-14 01:51:56,471 INFO [metro.replication.full_load] Garbage collection executado | memory_before_mb=852.6 | memory_after_mb=852.6 | freed_mb=0.0 | freed_percent=0.0 | collected=0
2026-08-14 01:51:58,971 INFO [metro.replication.full_load] Materializando parte 2 (path=raw/stackoverflow_posts/part_0002.parquet, rows=200000)
2026-08-14 01:51:58,972 INFO [metro.targets.local] Gravando Parquet em local\raw\stackoverflow_posts\part_0002.parquet
2026-08-14 01:51:59,632 INFO [metro.replication.full_load] Garbage collection executado | memory_before_mb=832.8 | memory_after_mb=832.8 | freed_mb=0.0 | freed_percent=0.0 | collected=0
2026-08-14 01:52:01,886 INFO [metro.replication.full_load] Materializando parte 3 (path=raw/stackoverflow_posts/part_0003.parquet, rows=200000)
2026-08-14 01:52:01,887 INFO [metro.targets.local] Gravando Parquet em local\raw\stackoverflow_posts\part_0003.parquet
2026-08-14 01:52:02,509 INFO [metro.replication.full_load] Garbage collection executado | memory_before_mb=971.8 | memory_after_mb=971.8 | freed_mb=0.0 | freed_percent=0.0 | collected=0
2026-08-14 01:52:04,972 INFO [metro.replication.full_load] Materializando parte 4 (path=raw/stackoverflow_posts/part_0004.parquet, rows=200000)
2026-08-14 01:52:04,973 INFO [metro.targets.local] Gravando Parquet em local\raw\stackoverflow_posts\part_0004.parquet
2026-08-14 01:52:05,593 INFO [metro.replication.full_load] Garbage collection executado | memory_before_mb=977.3 | memory_after_mb=977.3 | freed_mb=0.0 | freed_percent=0.0 | collected=0
2026-08-14 01:52:07,681 INFO [metro.replication.full_load] Materializando parte 5 (path=raw/stackoverflow_posts/part_0005.parquet, rows=200000)
2026-08-14 01:52:07,682 INFO [metro.targets.local] Gravando Parquet em local\raw\stackoverflow_posts\part_0005.parquet
2026-08-14 01:52:08,210 INFO [metro.replication.full_load] Garbage collection executado | memory_before_mb=1038.0 | memory_after_mb=1038.0 | freed_mb=0.0 | freed_percent=0.0 | collected=0
2026-08-14 01:52:10,229 INFO [metro.replication.full_load] Materializando parte 6 (path=raw/stackoverflow_posts/part_0006.parquet, rows=200000)
2026-08-14 01:52:10,229 INFO [metro.targets.local] Gravando Parquet em local\raw\stackoverflow_posts\part_0006.parquet
2026-08-14 01:52:10,751 INFO [metro.replication.full_load] Garbage collection executado | memory_before_mb=1028.6 | memory_after_mb=1028.6 | freed_mb=0.0 | freed_percent=0.0 | collected=0
2026-08-14 01:52:13,122 INFO [metro.replication.full_load] Materializando parte 7 (path=raw/stackoverflow_posts/part_0007.parquet, rows=200000)
2026-08-14 01:52:13,123 INFO [metro.targets.local] Gravando Parquet em local\raw\stackoverflow_posts\part_0007.parquet
2026-08-14 01:52:13,698 INFO [metro.replication.full_load] Garbage collection executado | memory_before_mb=1106.4 | memory_after_mb=1106.4 | freed_mb=0.0 | freed_percent=0.0 | collected=0
2026-08-14 01:52:15,823 INFO [metro.replication.full_load] Materializando parte 8 (path=raw/stackoverflow_posts/part_0008.parquet, rows=200000)
2026-08-14 01:52:15,824 INFO [metro.targets.local] Gravando Parquet em local\raw\stackoverflow_posts\part_0008.parquet
2026-08-14 01:52:16,355 INFO [metro.replication.full_load] Garbage collection executado | memory_before_mb=1078.0 | memory_after_mb=1078.0 | freed_mb=0.0 | freed_percent=0.0 | collected=0
2026-08-14 01:52:18,863 INFO [metro.replication.full_load] Materializando parte 9 (path=raw/stackoverflow_posts/part_0009.parquet, rows=200000)
2026-08-14 01:52:18,863 INFO [metro.targets.local] Gravando Parquet em local\raw\stackoverflow_posts\part_0009.parquet
2026-08-14 01:52:19,358 INFO [metro.replication.full_load] Garbage collection executado | memory_before_mb=1143.2 | memory_after_mb=1143.2 | freed_mb=0.0 | freed_percent=0.0 | collected=0
2026-08-14 01:52:21,579 INFO [metro.replication.full_load] Materializando parte 10 (path=raw/stackoverflow_posts/part_0010.parquet, rows=200000)
2026-08-14 01:52:21,580 INFO [metro.targets.local] Gravando Parquet em local\raw\stackoverflow_posts\part_0010.parquet
2026-08-14 01:52:22,073 INFO [metro.replication.full_load] Garbage collection executado | memory_before_mb=1111.9 | memory_after_mb=1111.9 | freed_mb=0.0 | freed_percent=0.0 | collected=0
2026-08-14 01:52:24,319 INFO [metro.replication.full_load] Materializando parte 11 (path=raw/stackoverflow_posts/part_0011.parquet, rows=200000)
2026-08-14 01:52:24,320 INFO [metro.targets.local] Gravando Parquet em local\raw\stackoverflow_posts\part_0011.parquet
2026-08-14 01:52:24,855 INFO [metro.replication.full_load] Garbage collection executado | memory_before_mb=1165.0 | memory_after_mb=1165.0 | freed_mb=0.0 | freed_percent=0.0 | collected=0
2026-08-14 01:52:27,142 INFO [metro.replication.full_load] Materializando parte 12 (path=raw/stackoverflow_posts/part_0012.parquet, rows=200000)
2026-08-14 01:52:27,143 INFO [metro.targets.local] Gravando Parquet em local\raw\stackoverflow_posts\part_0012.parquet
2026-08-14 01:52:27,650 INFO [metro.replication.full_load] Garbage collection executado | memory_before_mb=1148.5 | memory_after_mb=1148.5 | freed_mb=0.0 | freed_percent=0.0 | collected=0
2026-08-14 01:52:30,179 INFO [metro.replication.full_load] Materializando parte 13 (path=raw/stackoverflow_posts/part_0013.parquet, rows=200000)
2026-08-14 01:52:30,180 INFO [metro.targets.local] Gravando Parquet em local\raw\stackoverflow_posts\part_0013.parquet
2026-08-14 01:52:30,727 INFO [metro.replication.full_load] Garbage collection executado | memory_before_mb=1199.4 | memory_after_mb=1199.4 | freed_mb=0.0 | freed_percent=0.0 | collected=0
2026-08-14 01:52:32,783 INFO [metro.replication.full_load] Materializando parte 14 (path=raw/stackoverflow_posts/part_0014.parquet, rows=200000)
2026-08-14 01:52:32,784 INFO [metro.targets.local] Gravando Parquet em local\raw\stackoverflow_posts\part_0014.parquet
2026-08-14 01:52:33,300 INFO [metro.replication.full_load] Garbage collection executado | memory_before_mb=1163.8 | memory_after_mb=1163.8 | freed_mb=0.0 | freed_percent=0.0 | collected=0
2026-08-14 01:52:35,744 INFO [metro.replication.full_load] Materializando parte 15 (path=raw/stackoverflow_posts/part_0015.parquet, rows=200000)
2026-08-14 01:52:35,745 INFO [metro.targets.local] Gravando Parquet em local\raw\stackoverflow_posts\part_0015.parquet
2026-08-14 01:52:36,239 INFO [metro.replication.full_load] Garbage collection executado | memory_before_mb=1212.4 | memory_after_mb=1212.4 | freed_mb=0.0 | freed_percent=0.0 | collected=0
2026-08-14 01:52:38,269 INFO [metro.replication.full_load] Materializando parte 16 (path=raw/stackoverflow_posts/part_0016.parquet, rows=200000)
2026-08-14 01:52:38,270 INFO [metro.targets.local] Gravando Parquet em local\raw\stackoverflow_posts\part_0016.parquet
2026-08-14 01:52:38,796 INFO [metro.replication.full_load] Garbage collection executado | memory_before_mb=1191.7 | memory_after_mb=1191.7 | freed_mb=0.0 | freed_percent=0.0 | collected=0
2026-08-14 01:52:41,359 INFO [metro.replication.full_load] Materializando parte 17 (path=raw/stackoverflow_posts/part_0017.parquet, rows=200000)
2026-08-14 01:52:41,360 INFO [metro.targets.local] Gravando Parquet em local\raw\stackoverflow_posts\part_0017.parquet
2026-08-14 01:52:41,892 INFO [metro.replication.full_load] Garbage collection executado | memory_before_mb=1226.2 | memory_after_mb=1226.2 | freed_mb=0.0 | freed_percent=0.0 | collected=0
2026-08-14 01:52:44,022 INFO [metro.replication.full_load] Materializando parte 18 (path=raw/stackoverflow_posts/part_0018.parquet, rows=200000)
2026-08-14 01:52:44,023 INFO [metro.targets.local] Gravando Parquet em local\raw\stackoverflow_posts\part_0018.parquet
2026-08-14 01:52:44,523 INFO [metro.replication.full_load] Garbage collection executado | memory_before_mb=1184.4 | memory_after_mb=1184.4 | freed_mb=0.0 | freed_percent=0.0 | collected=0
2026-08-14 01:52:45,342 INFO [metro.replication.full_load] Materializando parte 19 (path=raw/stackoverflow_posts/part_0019.parquet, rows=80688)
2026-08-14 01:52:45,343 INFO [metro.targets.local] Gravando Parquet em local\raw\stackoverflow_posts\part_0019.parquet
2026-08-14 01:52:45,788 INFO [metro.replication.full_load] Garbage collection executado | memory_before_mb=680.7 | memory_after_mb=673.7 | freed_mb=7.0 | freed_percent=1.0 | collected=0
2026-08-14 01:52:45,789 INFO [metro.replication.full_load] Full Load concluído (table=public.posts, rows=3680688, files=19, read_batches=74)
2026-08-14 01:52:45,789 INFO [metro.sources.sql.postgresql] Conexão PostgreSQL encerrada (runtime=stackoverflow_database)
2026-08-14 01:52:45,790 INFO [metro.cli.main] Replicação concluída (table=public.posts)
